<html>
<body>
<pre>
<h1>µVision Build Log</h1>
<h2>Tool Versions:</h2>
IDE-Version: £gVision V5.37.0.0
Copyright (C) 2022 ARM Ltd and ARM Germany GmbH. All rights reserved.
License Information: SHU-JYUN HUANG, nfu, LIC=----
 
Tool Versions:
Toolchain:       MDK-Lite  Version: 5.37.0.0
Toolchain Path:  C:\Keil_v5\ARM\ARMCLANG\Bin
C Compiler:      ArmClang.exe V6.18
Assembler:       Armasm.exe V6.18
Linker/Locator:  ArmLink.exe V6.18
Library Manager: ArmAr.exe V6.18
Hex Converter:   FromElf.exe V6.18
CPU DLL:         SARMCM3.DLL V5.37.0.0
Dialog DLL:      DARMCM1.DLL V1.19.6.0
Target DLL:      CMSIS_AGDI.dll V1.33.12.0
Dialog DLL:      TARMCM1.DLL V1.14.6.0
 
<h2>Project:</h2>
C:\Users\1\Downloads\HT32_STD_5xxxx_FWLib_V1.1.1_5938\example\GPIO\Input\MDK_ARMv5\Project_52352.uvprojx
Project File Date:  07/06/2022

<h2>Output:</h2>
*** Using Compiler 'V6.18', folder: 'C:\Keil_v5\ARM\ARMCLANG\Bin'
Build target 'HT32'
linking...
Program Size: Code=1992 RO-data=52 RW-data=0 ZI-data=520  
FromELF: creating hex file...
After Build - User command #1: fromelf --bin -o ".\HT32\52352\Obj\HT32.axf.bin" ".\HT32\52352\Obj\HT32.axf"
".\HT32\52352\Obj\HT32.axf" - 0 Error(s), 0 Warning(s).

<h2>Software Packages used:</h2>

Package Vendor: Holtek
                https://mcu.holtek.com.tw/pack/Holtek.HT32_DFP.1.0.39.pack
                Holtek.HT32_DFP.1.0.39
                Holtek HT32 Family Support

<h2>Collection of Component include folders:</h2>
  C:/Users/1/AppData/Local/Arm/Packs/Holtek/HT32_DFP/1.0.39/ARM/INC/Holtek/HT32F5xxxx

<h2>Collection of Component Files used:</h2>
Build Time Elapsed:  00:00:01
</pre>
</body>
</html>
