Component: Arm Compiler for Embedded 6.19 Tool: armlink [5e73cb00]

==============================================================================

Section Cross References

    ht32f5xxxx_01_it.o(.ARM.exidx.text.NMI_Handler) refers to ht32f5xxxx_01_it.o(.text.NMI_Handler) for [Anonymous Symbol]
    ht32f5xxxx_01_it.o(.text.HardFault_Handler) refers to ht32f5xxxx_01_it.o(.bss.HardFault_Handler.gIsContinue) for [Anonymous Symbol]
    ht32f5xxxx_01_it.o(.ARM.exidx.text.HardFault_Handler) refers to ht32f5xxxx_01_it.o(.text.HardFault_Handler) for [Anonymous Symbol]
    ht32f5xxxx_01_it.o(.ARM.exidx.text.SVC_Handler) refers to ht32f5xxxx_01_it.o(.text.SVC_Handler) for [Anonymous Symbol]
    ht32f5xxxx_01_it.o(.ARM.exidx.text.PendSV_Handler) refers to ht32f5xxxx_01_it.o(.text.PendSV_Handler) for [Anonymous Symbol]
    ht32f5xxxx_01_it.o(.text.SysTick_Handler) refers to main.o(.text.TimingDelay) for TimingDelay
    ht32f5xxxx_01_it.o(.ARM.exidx.text.SysTick_Handler) refers to ht32f5xxxx_01_it.o(.text.SysTick_Handler) for [Anonymous Symbol]
    ht32f5xxxx_01_it.o(.text.BFTM0_IRQHandler) refers to ht32f5xxxx_bftm.o(.text.BFTM_GetFlagStatus) for BFTM_GetFlagStatus
    ht32f5xxxx_01_it.o(.text.BFTM0_IRQHandler) refers to main.o(.text.NB_IOT_SEND_ALL) for NB_IOT_SEND_ALL
    ht32f5xxxx_01_it.o(.text.BFTM0_IRQHandler) refers to memseta.o(.text) for __aeabi_memclr
    ht32f5xxxx_01_it.o(.text.BFTM0_IRQHandler) refers to main.o(.text.AM2320) for AM2320
    ht32f5xxxx_01_it.o(.text.BFTM0_IRQHandler) refers to main.o(.text.LoRa_box) for LoRa_box
    ht32f5xxxx_01_it.o(.text.BFTM0_IRQHandler) refers to ht32f5xxxx_bftm.o(.text.BFTM_ClearFlag) for BFTM_ClearFlag
    ht32f5xxxx_01_it.o(.text.BFTM0_IRQHandler) refers to ht32f5xxxx_01_it.o(.bss.BFTM_FLAG) for BFTM_FLAG
    ht32f5xxxx_01_it.o(.text.BFTM0_IRQHandler) refers to ht32f5xxxx_01_it.o(.bss.lora_BUF) for lora_BUF
    ht32f5xxxx_01_it.o(.text.BFTM0_IRQHandler) refers to ht32f5xxxx_01_it.o(.bss.lora_Index) for lora_Index
    ht32f5xxxx_01_it.o(.text.BFTM0_IRQHandler) refers to ht32f5xxxx_01_it.o(.bss.lora_data) for lora_data
    ht32f5xxxx_01_it.o(.text.BFTM0_IRQHandler) refers to ht32f5xxxx_01_it.o(.bss.lora_RXRD) for lora_RXRD
    ht32f5xxxx_01_it.o(.text.BFTM0_IRQHandler) refers to ht32f5xxxx_01_it.o(.bss.RXRD_BUF) for RXRD_BUF
    ht32f5xxxx_01_it.o(.text.BFTM0_IRQHandler) refers to ht32f5xxxx_01_it.o(.bss.RXRD_Index) for RXRD_Index
    ht32f5xxxx_01_it.o(.text.BFTM0_IRQHandler) refers to ht32f5xxxx_01_it.o(.bss.rx_data) for rx_data
    ht32f5xxxx_01_it.o(.text.BFTM0_IRQHandler) refers to ht32f5xxxx_01_it.o(.bss.RXRD) for RXRD
    ht32f5xxxx_01_it.o(.ARM.exidx.text.BFTM0_IRQHandler) refers to ht32f5xxxx_01_it.o(.text.BFTM0_IRQHandler) for [Anonymous Symbol]
    ht32f5xxxx_01_it.o(.text.USART1_IRQHandler) refers to ht32f5xxxx_usart.o(.text.USART_GetFlagStatus) for USART_GetFlagStatus
    ht32f5xxxx_01_it.o(.text.USART1_IRQHandler) refers to ht32f5xxxx_usart.o(.text.USART_ReceiveData) for USART_ReceiveData
    ht32f5xxxx_01_it.o(.text.USART1_IRQHandler) refers to ht32f5xxxx_01_it.o(.bss.lora_RXRD) for lora_RXRD
    ht32f5xxxx_01_it.o(.text.USART1_IRQHandler) refers to ht32f5xxxx_01_it.o(.bss.lora_Index) for lora_Index
    ht32f5xxxx_01_it.o(.text.USART1_IRQHandler) refers to ht32f5xxxx_01_it.o(.bss.lora_BUF) for lora_BUF
    ht32f5xxxx_01_it.o(.text.USART1_IRQHandler) refers to ht32f5xxxx_01_it.o(.bss.lora_data) for lora_data
    ht32f5xxxx_01_it.o(.ARM.exidx.text.USART1_IRQHandler) refers to ht32f5xxxx_01_it.o(.text.USART1_IRQHandler) for [Anonymous Symbol]
    ht32f5xxxx_01_it.o(.text.USART0_IRQHandler) refers to ht32f5xxxx_usart.o(.text.USART_GetFlagStatus) for USART_GetFlagStatus
    ht32f5xxxx_01_it.o(.text.USART0_IRQHandler) refers to ht32f5xxxx_usart.o(.text.USART_ReceiveData) for USART_ReceiveData
    ht32f5xxxx_01_it.o(.text.USART0_IRQHandler) refers to strstr.o(.text) for strstr
    ht32f5xxxx_01_it.o(.text.USART0_IRQHandler) refers to ht32f5xxxx_01_it.o(.bss.RXRD) for RXRD
    ht32f5xxxx_01_it.o(.text.USART0_IRQHandler) refers to ht32f5xxxx_01_it.o(.bss.RXRD_Index) for RXRD_Index
    ht32f5xxxx_01_it.o(.text.USART0_IRQHandler) refers to ht32f5xxxx_01_it.o(.bss.RXRD_BUF) for RXRD_BUF
    ht32f5xxxx_01_it.o(.text.USART0_IRQHandler) refers to ht32f5xxxx_01_it.o(.bss.rx_data) for rx_data
    ht32f5xxxx_01_it.o(.text.USART0_IRQHandler) refers to ht32f5xxxx_01_it.o(.bss.s) for s
    ht32f5xxxx_01_it.o(.text.USART0_IRQHandler) refers to ht32f5xxxx_01_it.o(.bss.OK_flag) for OK_flag
    ht32f5xxxx_01_it.o(.ARM.exidx.text.USART0_IRQHandler) refers to ht32f5xxxx_01_it.o(.text.USART0_IRQHandler) for [Anonymous Symbol]
    ht32f5xxxx_01_it.o(.text.UART0_IRQHandler) refers to ht32f5xxxx_usart.o(.text.USART_GetFlagStatus) for USART_GetFlagStatus
    ht32f5xxxx_01_it.o(.text.UART0_IRQHandler) refers to ht32f5xxxx_usart.o(.text.USART_ReceiveData) for USART_ReceiveData
    ht32f5xxxx_01_it.o(.text.UART0_IRQHandler) refers to ht32f5xxxx_01_it.o(.bss.gps_RXRD) for gps_RXRD
[...]
    Removing ht32_board.o(.ARM.exidx.text.HT32F_DVB_LEDOff), (8 bytes).
    Removing ht32_board.o(.text.HT32F_DVB_LEDOn), (32 bytes).
    Removing ht32_board.o(.ARM.exidx.text.HT32F_DVB_LEDOn), (8 bytes).
    Removing ht32_board.o(.text.HT32F_DVB_LEDToggle), (36 bytes).
    Removing ht32_board.o(.ARM.exidx.text.HT32F_DVB_LEDToggle), (8 bytes).
    Removing ht32_board.o(.text.HT32F_DVB_PBInit), (256 bytes).
    Removing ht32_board.o(.ARM.exidx.text.HT32F_DVB_PBInit), (8 bytes).
    Removing ht32_board.o(.text.HT32F_DVB_PBGetState), (36 bytes).
    Removing ht32_board.o(.ARM.exidx.text.HT32F_DVB_PBGetState), (8 bytes).
    Removing ht32_board.o(.text.HT32F_DVB_COMInit), (84 bytes).
    Removing ht32_board.o(.ARM.exidx.text.HT32F_DVB_COMInit), (8 bytes).
    Removing ht32_board.o(.text.HT32F_DVB_BuzzerFun), (296 bytes).
    Removing ht32_board.o(.ARM.exidx.text.HT32F_DVB_BuzzerFun), (8 bytes).
    Removing ht32_board.o(.text.HT32F_DVB_BuzzerOutputCmd), (20 bytes).
    Removing ht32_board.o(.ARM.exidx.text.HT32F_DVB_BuzzerOutputCmd), (8 bytes).
    Removing ht32_board.o(.rodata.BUTTON_GPIO_ID), (3 bytes).
    Removing ht32_board.o(.rodata.BUTTON_GPIO_PIN), (6 bytes).
    Removing ht32_board.o(.rodata.BUTTON_AFIO_MODE), (3 bytes).
    Removing ht32_board.o(.rodata.BUTTON_EXTI_CH), (3 bytes).
    Removing ht32_board.o(.rodata.gCOMInfo), (16 bytes).
    Removing ebi_lcd.o(.text), (0 bytes).
    Removing ebi_lcd.o(.text.LCD_Init), (364 bytes).
    Removing ebi_lcd.o(.ARM.exidx.text.LCD_Init), (8 bytes).
    Removing ebi_lcd.o(.text.LCD_Config), (1252 bytes).
    Removing ebi_lcd.o(.ARM.exidx.text.LCD_Config), (8 bytes).
    Removing ebi_lcd.o(.text.LCD_WriteReg), (10 bytes).
    Removing ebi_lcd.o(.ARM.exidx.text.LCD_WriteReg), (8 bytes).
    Removing ebi_lcd.o(.text.LCD_Clear), (180 bytes).
    Removing ebi_lcd.o(.ARM.exidx.text.LCD_Clear), (8 bytes).
    Removing ebi_lcd.o(.text.LCD_ReadReg), (10 bytes).
    Removing ebi_lcd.o(.ARM.exidx.text.LCD_ReadReg), (8 bytes).
    Removing ebi_lcd.o(.text.LCD_StarterSet), (42 bytes).
    Removing ebi_lcd.o(.ARM.exidx.text.LCD_StarterSet), (8 bytes).
    Removing ebi_lcd.o(.text.LCD_WriteRAMPrior), (10 bytes).
    Removing ebi_lcd.o(.ARM.exidx.text.LCD_WriteRAMPrior), (8 bytes).
    Removing ebi_lcd.o(.text.LCD_WriteRAM), (12 bytes).
    Removing ebi_lcd.o(.ARM.exidx.text.LCD_WriteRAM), (8 bytes).
    Removing ebi_lcd.o(.text.LCD_BackColorSet), (12 bytes).
    Removing ebi_lcd.o(.ARM.exidx.text.LCD_BackColorSet), (8 bytes).
    Removing ebi_lcd.o(.text.LCD_TextColorSet), (12 bytes).
    Removing ebi_lcd.o(.ARM.exidx.text.LCD_TextColorSet), (8 bytes).
    Removing ebi_lcd.o(.text.LCD_CharDisplay), (352 bytes).
    Removing ebi_lcd.o(.ARM.exidx.text.LCD_CharDisplay), (8 bytes).
    Removing ebi_lcd.o(.text.LCD_CharDraw), (280 bytes).
    Removing ebi_lcd.o(.ARM.exidx.text.LCD_CharDraw), (8 bytes).
    Removing ebi_lcd.o(.text.LCD_DisplayOff), (14 bytes).
    Removing ebi_lcd.o(.ARM.exidx.text.LCD_DisplayOff), (8 bytes).
    Removing ebi_lcd.o(.text.LCD_DisplayOn), (14 bytes).
    Removing ebi_lcd.o(.ARM.exidx.text.LCD_DisplayOn), (8 bytes).
    Removing ebi_lcd.o(.text.LCD_StringLineDisplay), (46 bytes).
    Removing ebi_lcd.o(.ARM.exidx.text.LCD_StringLineDisplay), (8 bytes).
    Removing ebi_lcd.o(.text.LCD_LineDraw), (588 bytes).
    Removing ebi_lcd.o(.ARM.exidx.text.LCD_LineDraw), (8 bytes).
    Removing ebi_lcd.o(.text.LCD_WriteRAMWord), (12 bytes).
    Removing ebi_lcd.o(.ARM.exidx.text.LCD_WriteRAMWord), (8 bytes).
    Removing ebi_lcd.o(.text.LCD_CircleDraw), (460 bytes).
    Removing ebi_lcd.o(.ARM.exidx.text.LCD_CircleDraw), (8 bytes).
    Removing ebi_lcd.o(.text.LCD_RectDraw), (1148 bytes).
    Removing ebi_lcd.o(.ARM.exidx.text.LCD_RectDraw), (8 bytes).
    Removing ebi_lcd.o(.text.LCD_PicDraw), (296 bytes).
    Removing ebi_lcd.o(.ARM.exidx.text.LCD_PicDraw), (8 bytes).
    Removing ebi_lcd.o(.text.LCD_SetDisplayArea), (82 bytes).
    Removing ebi_lcd.o(.ARM.exidx.text.LCD_SetDisplayArea), (8 bytes).
    Removing ebi_lcd.o(.rodata.ASCII_Font_Table), (4560 bytes).
    Removing ebi_lcd.o(.data.Color_Back), (2 bytes).
    Removing ebi_lcd.o(.bss.Color_Text), (2 bytes).
    Removing i2c_eeprom.o(.text), (0 bytes).
    Removing i2c_eeprom.o(.text.I2C_EEPROM_Init), (84 bytes).
    Removing i2c_eeprom.o(.ARM.exidx.text.I2C_EEPROM_Init), (8 bytes).
    Removing i2c_eeprom.o(.text.I2C_EEPROM_PageWrite), (172 bytes).
    Removing i2c_eeprom.o(.ARM.exidx.text.I2C_EEPROM_PageWrite), (8 bytes).
    Removing i2c_eeprom.o(.text._I2C_EEPROM_AckPolling), (92 bytes).
    Removing i2c_eeprom.o(.ARM.exidx.text._I2C_EEPROM_AckPolling), (8 bytes).
    Removing i2c_eeprom.o(.text.I2C_EEPROM_BufferWrite), (58 bytes).
    Removing i2c_eeprom.o(.ARM.exidx.text.I2C_EEPROM_BufferWrite), (8 bytes).
    Removing i2c_eeprom.o(.text.I2C_EEPROM_BufferRead), (232 bytes).
    Removing i2c_eeprom.o(.ARM.exidx.text.I2C_EEPROM_BufferRead), (8 bytes).
    Removing spi_flash.o(.text), (0 bytes).
    Removing spi_flash.o(.text.SPI_FLASH_Init), (148 bytes).
    Removing spi_flash.o(.ARM.exidx.text.SPI_FLASH_Init), (8 bytes).
    Removing spi_flash.o(.text.SPI_FLASH_SectorErase), (200 bytes).
    Removing spi_flash.o(.ARM.exidx.text.SPI_FLASH_SectorErase), (8 bytes).
    Removing spi_flash.o(.text.SPI_FLASH_WriteEnable), (72 bytes).
    Removing spi_flash.o(.ARM.exidx.text.SPI_FLASH_WriteEnable), (8 bytes).
    Removing spi_flash.o(.text.SPI_FLASH_SendByte), (52 bytes).
    Removing spi_flash.o(.ARM.exidx.text.SPI_FLASH_SendByte), (8 bytes).
    Removing spi_flash.o(.text.SPI_FLASH_WaitForWriteEnd), (120 bytes).
    Removing spi_flash.o(.ARM.exidx.text.SPI_FLASH_WaitForWriteEnd), (8 bytes).
    Removing spi_flash.o(.text.SPI_FLASH_BlockErase), (200 bytes).
    Removing spi_flash.o(.ARM.exidx.text.SPI_FLASH_BlockErase), (8 bytes).
    Removing spi_flash.o(.text.SPI_FLASH_ChipErase), (80 bytes).
    Removing spi_flash.o(.ARM.exidx.text.SPI_FLASH_ChipErase), (8 bytes).
    Removing spi_flash.o(.text.SPI_FLASH_PageWriteByDMA), (428 bytes).
    Removing spi_flash.o(.ARM.exidx.text.SPI_FLASH_PageWriteByDMA), (8 bytes).
    Removing spi_flash.o(.text.SPI_FLASH_PageWrite), (260 bytes).
    Removing spi_flash.o(.ARM.exidx.text.SPI_FLASH_PageWrite), (8 bytes).
    Removing spi_flash.o(.text.SPI_FLASH_BufferWriteBy), (200 bytes).
    Removing spi_flash.o(.ARM.exidx.text.SPI_FLASH_BufferWriteBy), (8 bytes).
    Removing spi_flash.o(.text.SPI_FLASH_BufferReadByDMA), (428 bytes).
    Removing spi_flash.o(.ARM.exidx.text.SPI_FLASH_BufferReadByDMA), (8 bytes).
    Removing spi_flash.o(.text.SPI_FLASH_BufferRead), (252 bytes).
    Removing spi_flash.o(.ARM.exidx.text.SPI_FLASH_BufferRead), (8 bytes).
    Removing spi_flash.o(.text.SPI_FLASH_BufferDualRead), (304 bytes).
    Removing spi_flash.o(.ARM.exidx.text.SPI_FLASH_BufferDualRead), (8 bytes).
    Removing spi_flash.o(.text.SPI_FLASH_BufferDualReadByDMA), (484 bytes).
    Removing spi_flash.o(.ARM.exidx.text.SPI_FLASH_BufferDualReadByDMA), (8 bytes).
    Removing spi_flash.o(.text.SPI_FLASH_ReadJEDECID), (204 bytes).
    Removing spi_flash.o(.ARM.exidx.text.SPI_FLASH_ReadJEDECID), (8 bytes).
    Removing spi_flash.o(.text.SPI_FLASH_WriteStatus), (120 bytes).
    Removing spi_flash.o(.ARM.exidx.text.SPI_FLASH_WriteStatus), (8 bytes).
    Removing spi_flash.o(.text.SPI_FLASH_WriteDisable), (72 bytes).
    Removing spi_flash.o(.ARM.exidx.text.SPI_FLASH_WriteDisable), (8 bytes).
    Removing fadd.o(.text), (178 bytes).
    Removing fmul.o(.text), (122 bytes).
    Removing fdiv.o(.text), (124 bytes).
    Removing fflti.o(.text), (22 bytes).
    Removing ffixi.o(.text), (50 bytes).
    Removing d2f.o(.text), (56 bytes).
    Removing dfltul.o(.text), (28 bytes).

1100 unused section(s) (total 42507 bytes) removed from the image.

==============================================================================

Image Symbol Table

    Local Symbols

    Symbol Name                              Value     Ov Type        Size  Object(Section)

    ../clib/division.s                       0x00000000   Number         0  aeabi_sdivfast.o ABSOLUTE
    ../clib/division.s                       0x00000000   Number         0  aeabi_sdivfast_div0.o ABSOLUTE
    ../clib/longlong.c                       0x00000000   Number         0  llmul.o ABSOLUTE
    ../clib/microlib/ctype/ctype.c           0x00000000   Number         0  isspace_c.o ABSOLUTE
    ../clib/microlib/ctype/ctype.c           0x00000000   Number         0  ctype_o.o ABSOLUTE
    ../clib/microlib/ctype/ctype.c           0x00000000   Number         0  isalnum_o.o ABSOLUTE
    ../clib/microlib/ctype/ctype.c           0x00000000   Number         0  isalpha_o.o ABSOLUTE
    ../clib/microlib/ctype/ctype.c           0x00000000   Number         0  isblank_o.o ABSOLUTE
    ../clib/microlib/ctype/ctype.c           0x00000000   Number         0  iscntrl_o.o ABSOLUTE
    ../clib/microlib/ctype/ctype.c           0x00000000   Number         0  isdigit_o.o ABSOLUTE
    ../clib/microlib/ctype/ctype.c           0x00000000   Number         0  isgraph_o.o ABSOLUTE
    ../clib/microlib/ctype/ctype.c           0x00000000   Number         0  islower_o.o ABSOLUTE
    ../clib/microlib/ctype/ctype.c           0x00000000   Number         0  isprint_o.o ABSOLUTE
    ../clib/microlib/ctype/ctype.c           0x00000000   Number         0  ispunct_o.o ABSOLUTE
    ../clib/microlib/ctype/ctype.c           0x00000000   Number         0  isspace_o.o ABSOLUTE
    ../clib/microlib/ctype/ctype.c           0x00000000   Number         0  isupper_o.o ABSOLUTE
    ../clib/microlib/ctype/ctype.c           0x00000000   Number         0  isxdigit_o.o ABSOLUTE
    ../clib/microlib/ctype/ctype.c           0x00000000   Number         0  ctype_c.o ABSOLUTE
    ../clib/microlib/division.c              0x00000000   Number         0  uidiv.o ABSOLUTE
    ../clib/microlib/division.c              0x00000000   Number         0  uidiv_div0.o ABSOLUTE
    ../clib/microlib/division.c              0x00000000   Number         0  idiv_div0.o ABSOLUTE
    ../clib/microlib/division.c              0x00000000   Number         0  idiv0.o ABSOLUTE
    ../clib/microlib/division.c              0x00000000   Number         0  uldiv.o ABSOLUTE
    ../clib/microlib/errno.c                 0x00000000   Number         0  errno.o ABSOLUTE
    ../clib/microlib/init/entry.s            0x00000000   Number         0  entry.o ABSOLUTE
    ../clib/microlib/init/entry.s            0x00000000   Number         0  entry2.o ABSOLUTE
    ../clib/microlib/init/entry.s            0x00000000   Number         0  entry5.o ABSOLUTE
    ../clib/microlib/init/entry.s            0x00000000   Number         0  entry7a.o ABSOLUTE
    ../clib/microlib/init/entry.s            0x00000000   Number         0  entry7b.o ABSOLUTE
    ../clib/microlib/init/entry.s            0x00000000   Number         0  entry8a.o ABSOLUTE
    ../clib/microlib/init/entry.s            0x00000000   Number         0  entry8b.o ABSOLUTE
    ../clib/microlib/init/entry.s            0x00000000   Number         0  entry9a.o ABSOLUTE
    ../clib/microlib/init/entry.s            0x00000000   Number         0  entry9b.o ABSOLUTE
    ../clib/microlib/init/entry.s            0x00000000   Number         0  entry10a.o ABSOLUTE
    ../clib/microlib/init/entry.s            0x00000000   Number         0  entry10b.o ABSOLUTE
    ../clib/microlib/init/entry.s            0x00000000   Number         0  entry11a.o ABSOLUTE
    ../clib/microlib/init/entry.s            0x00000000   Number         0  entry11b.o ABSOLUTE
    ../clib/microlib/longlong.c              0x00000000   Number         0  llshl.o ABSOLUTE
    ../clib/microlib/longlong.c              0x00000000   Number         0  llushr.o ABSOLUTE
    ../clib/microlib/longlong.c              0x00000000   Number         0  llsshr.o ABSOLUTE
    ../clib/microlib/printf/printf.c         0x00000000   Number         0  printfb.o ABSOLUTE
    ../clib/microlib/printf/printf.c         0x00000000   Number         0  printf0.o ABSOLUTE
    ../clib/microlib/printf/printf.c         0x00000000   Number         0  printf1.o ABSOLUTE
    ../clib/microlib/printf/printf.c         0x00000000   Number         0  printf2.o ABSOLUTE
    ../clib/microlib/printf/printf.c         0x00000000   Number         0  printf3.o ABSOLUTE
    ../clib/microlib/printf/printf.c         0x00000000   Number         0  printf4.o ABSOLUTE
    ../clib/microlib/printf/printf.c         0x00000000   Number         0  printf5.o ABSOLUTE
    ../clib/microlib/printf/printf.c         0x00000000   Number         0  printf6.o ABSOLUTE
    ../clib/microlib/printf/printf.c         0x00000000   Number         0  printf7.o ABSOLUTE
    ../clib/microlib/printf/printf.c         0x00000000   Number         0  printf8.o ABSOLUTE
    ../clib/microlib/printf/printf.c         0x00000000   Number         0  printfa.o ABSOLUTE
    ../clib/microlib/printf/stubs.s          0x00000000   Number         0  printfstubs.o ABSOLUTE
    ../clib/microlib/stdio/putchar.c         0x00000000   Number         0  putchar.o ABSOLUTE
    ../clib/microlib/stdio/puts.c            0x00000000   Number         0  puts.o ABSOLUTE
    ../clib/microlib/stdio/puts.c            0x00000000   Number         0  puts_e.o ABSOLUTE
    ../clib/microlib/stdio/streams.c         0x00000000   Number         0  stdout.o ABSOLUTE
    ../clib/microlib/string/memcpy.c         0x00000000   Number         0  memcpya.o ABSOLUTE
    ../clib/microlib/string/memcpy.c         0x00000000   Number         0  memcpyb.o ABSOLUTE
    ../clib/microlib/string/memset.c         0x00000000   Number         0  memseta.o ABSOLUTE
    ../clib/microlib/string/strlen.c         0x00000000   Number         0  strlen.o ABSOLUTE
    ../clib/microlib/string/strstr.c         0x00000000   Number         0  strstr.o ABSOLUTE
    ../clib/microlib/stubs.s                 0x00000000   Number         0  iusefp.o ABSOLUTE
    ../clib/scanf.c                          0x00000000   Number         0  atoi.o ABSOLUTE
    ../clib/scanf.c                          0x00000000   Number         0  strtod.o ABSOLUTE
    ../clib/scanf.c                          0x00000000   Number         0  strtol.o ABSOLUTE
    ../clib/scanf.c                          0x00000000   Number         0  scanf_fp.o ABSOLUTE
    ../clib/scanf.c                          0x00000000   Number         0  _sgetc.o ABSOLUTE
    ../clib/scanf.c                          0x00000000   Number         0  _strtoul.o ABSOLUTE
    ../clib/scanf.c                          0x00000000   Number         0  _chval.o ABSOLUTE
    ../fplib/microlib/d2f.c                  0x00000000   Number         0  d2f.o ABSOLUTE
    ../fplib/microlib/f2d.c                  0x00000000   Number         0  f2d.o ABSOLUTE
    ../fplib/microlib/fpadd.c                0x00000000   Number         0  fadd.o ABSOLUTE
    ../fplib/microlib/fpadd.c                0x00000000   Number         0  dadd.o ABSOLUTE
    ../fplib/microlib/fpdiv.c                0x00000000   Number         0  fdiv.o ABSOLUTE
    ../fplib/microlib/fpdiv.c                0x00000000   Number         0  ddiv.o ABSOLUTE
    ../fplib/microlib/fpepilogue.c           0x00000000   Number         0  fepilogue.o ABSOLUTE
    ../fplib/microlib/fpepilogue.c           0x00000000   Number         0  depilogue.o ABSOLUTE
    ../fplib/microlib/fpfix.c                0x00000000   Number         0  ffixi.o ABSOLUTE
    ../fplib/microlib/fpfix.c                0x00000000   Number         0  dfixul.o ABSOLUTE
    ../fplib/microlib/fpflt.c                0x00000000   Number         0  fflti.o ABSOLUTE
    ../fplib/microlib/fpflt.c                0x00000000   Number         0  ffltui.o ABSOLUTE
    ../fplib/microlib/fpflt.c                0x00000000   Number         0  dfltul.o ABSOLUTE
    ../fplib/microlib/fpmul.c                0x00000000   Number         0  fmul.o ABSOLUTE
    ../fplib/microlib/fpmul.c                0x00000000   Number         0  dmul.o ABSOLUTE
    ../mathlib/atof.c                        0x00000000   Number         0  atof.o ABSOLUTE
    cdrcmple.s                               0x00000000   Number         0  cdrcmple.o ABSOLUTE
    dc.s                                     0x00000000   Number         0  dc.o ABSOLUTE
    ebi_lcd.c                                0x00000000   Number         0  ebi_lcd.o ABSOLUTE
    handlers.s                               0x00000000   Number         0  handlers.o ABSOLUTE
    ht32_board.c                             0x00000000   Number         0  ht32_board.o ABSOLUTE
    ht32_cm0plus_misc.c                      0x00000000   Number         0  ht32_cm0plus_misc.o ABSOLUTE
    ht32_op.s                                0x00000000   Number         0  ht32_op.o ABSOLUTE
    ht32_retarget.c                          0x00000000   Number         0  ht32_retarget.o ABSOLUTE
    ht32_serial.c                            0x00000000   Number         0  ht32_serial.o ABSOLUTE
    ht32_usbd_core.c                         0x00000000   Number         0  ht32_usbd_core.o ABSOLUTE
    ht32f5xxxx_01_it.c                       0x00000000   Number         0  ht32f5xxxx_01_it.o ABSOLUTE
    ht32f5xxxx_adc.c                         0x00000000   Number         0  ht32f5xxxx_adc.o ABSOLUTE
    ht32f5xxxx_bftm.c                        0x00000000   Number         0  ht32f5xxxx_bftm.o ABSOLUTE
    ht32f5xxxx_ckcu.c                        0x00000000   Number         0  ht32f5xxxx_ckcu.o ABSOLUTE
    ht32f5xxxx_cmp.c                         0x00000000   Number         0  ht32f5xxxx_cmp.o ABSOLUTE
    ht32f5xxxx_crc.c                         0x00000000   Number         0  ht32f5xxxx_crc.o ABSOLUTE
    ht32f5xxxx_ebi.c                         0x00000000   Number         0  ht32f5xxxx_ebi.o ABSOLUTE
    ht32f5xxxx_exti.c                        0x00000000   Number         0  ht32f5xxxx_exti.o ABSOLUTE
    ht32f5xxxx_flash.c                       0x00000000   Number         0  ht32f5xxxx_flash.o ABSOLUTE
    ht32f5xxxx_gpio.c                        0x00000000   Number         0  ht32f5xxxx_gpio.o ABSOLUTE
    ht32f5xxxx_i2c.c                         0x00000000   Number         0  ht32f5xxxx_i2c.o ABSOLUTE
    ht32f5xxxx_i2s.c                         0x00000000   Number         0  ht32f5xxxx_i2s.o ABSOLUTE
    ht32f5xxxx_mctm.c                        0x00000000   Number         0  ht32f5xxxx_mctm.o ABSOLUTE
    ht32f5xxxx_pdma.c                        0x00000000   Number         0  ht32f5xxxx_pdma.o ABSOLUTE
    ht32f5xxxx_pwrcu.c                       0x00000000   Number         0  ht32f5xxxx_pwrcu.o ABSOLUTE
    ht32f5xxxx_rstcu.c                       0x00000000   Number         0  ht32f5xxxx_rstcu.o ABSOLUTE
    ht32f5xxxx_rtc.c                         0x00000000   Number         0  ht32f5xxxx_rtc.o ABSOLUTE
    ht32f5xxxx_sci.c                         0x00000000   Number         0  ht32f5xxxx_sci.o ABSOLUTE
    ht32f5xxxx_spi.c                         0x00000000   Number         0  ht32f5xxxx_spi.o ABSOLUTE
    ht32f5xxxx_tm.c                          0x00000000   Number         0  ht32f5xxxx_tm.o ABSOLUTE
    ht32f5xxxx_usart.c                       0x00000000   Number         0  ht32f5xxxx_usart.o ABSOLUTE
    ht32f5xxxx_usbd.c                        0x00000000   Number         0  ht32f5xxxx_usbd.o ABSOLUTE
    ht32f5xxxx_wdt.c                         0x00000000   Number         0  ht32f5xxxx_wdt.o ABSOLUTE
    i2c_eeprom.c                             0x00000000   Number         0  i2c_eeprom.o ABSOLUTE
    init.s                                   0x00000000   Number         0  init.o ABSOLUTE
    main.c                                   0x00000000   Number         0  main.o ABSOLUTE
    spi_flash.c                              0x00000000   Number         0  spi_flash.o ABSOLUTE
    startup_ht32f5xxxx_01.s                  0x00000000   Number         0  startup_ht32f5xxxx_01.o ABSOLUTE
    system_ht32f5xxxx_01.c                   0x00000000   Number         0  system_ht32f5xxxx_01.o ABSOLUTE
    RESET                                    0x00000000   Section      356  startup_ht32f5xxxx_01.o(RESET)
    BootProcess                              0x000000cd   Thumb Code    94  startup_ht32f5xxxx_01.o(RESET)
    .ARM.Collect$$$$00000000                 0x00000164   Section        0  entry.o(.ARM.Collect$$$$00000000)
    .ARM.Collect$$$$00000001                 0x00000164   Section        4  entry2.o(.ARM.Collect$$$$00000001)
    .ARM.Collect$$$$00000004                 0x00000168   Section        4  entry5.o(.ARM.Collect$$$$00000004)
    .ARM.Collect$$$$00000008                 0x0000016c   Section        0  entry7b.o(.ARM.Collect$$$$00000008)
    .ARM.Collect$$$$0000000A                 0x0000016c   Section        0  entry8b.o(.ARM.Collect$$$$0000000A)
    .ARM.Collect$$$$0000000B                 0x0000016c   Section        8  entry9a.o(.ARM.Collect$$$$0000000B)
    __lit__00000000                          0x00000174   Data           4  entry2.o(.ARM.Collect$$$$00002712)
    .ARM.Collect$$$$0000000D                 0x00000174   Section        0  entry10a.o(.ARM.Collect$$$$0000000D)
    .ARM.Collect$$$$0000000F                 0x00000174   Section        0  entry11a.o(.ARM.Collect$$$$0000000F)
    .ARM.Collect$$$$00002712                 0x00000174   Section        4  entry2.o(.ARM.Collect$$$$00002712)
    .text                                    0x00000178   Section        0  memcpya.o(.text)
    .text                                    0x0000019c   Section        0  memseta.o(.text)
    .text                                    0x000001c0   Section        0  strstr.o(.text)
    .text                                    0x000001e8   Section        0  strlen.o(.text)
    .text                                    0x000001f6   Section        0  ffltui.o(.text)
    .text                                    0x00000204   Section        0  f2d.o(.text)
    .text                                    0x0000022c   Section        0  uidiv_div0.o(.text)
    .text                                    0x0000026a   Section        0  uldiv.o(.text)
    .text                                    0x000002ca   Section        0  iusefp.o(.text)
    .text                                    0x000002ca   Section        0  fepilogue.o(.text)
    .text                                    0x0000034c   Section        0  dadd.o(.text)
    .text                                    0x000004b0   Section        0  dmul.o(.text)
    .text                                    0x00000580   Section        0  ddiv.o(.text)
    .text                                    0x00000670   Section        0  dfixul.o(.text)
    .text                                    0x000006b0   Section       40  cdrcmple.o(.text)
    .text                                    0x000006d8   Section       36  init.o(.text)
    .text                                    0x000006fc   Section        0  llshl.o(.text)
    .text                                    0x0000071c   Section        0  llushr.o(.text)
    .text                                    0x0000073e   Section        0  llsshr.o(.text)
    .text                                    0x00000764   Section        0  depilogue.o(.text)
    [Anonymous Symbol]                       0x00000824   Section        0  ht32f5xxxx_gpio.o(.text.AFIO_GPxConfig)
    __arm_cp.18_0                            0x0000099c   Number         4  ht32f5xxxx_gpio.o(.text.AFIO_GPxConfig)
    [Anonymous Symbol]                       0x000009a0   Section        0  main.o(.text.AM2320)
    __arm_cp.28_0                            0x00000a80   Number         4  main.o(.text.AM2320)
    [Anonymous Symbol]                       0x00000a84   Section        0  ht32f5xxxx_01_it.o(.text.BFTM0_IRQHandler)
    __arm_cp.5_0                             0x00000b00   Number         4  ht32f5xxxx_01_it.o(.text.BFTM0_IRQHandler)
    __arm_cp.5_1                             0x00000b04   Number         4  ht32f5xxxx_01_it.o(.text.BFTM0_IRQHandler)
    __arm_cp.5_2                             0x00000b08   Number         4  ht32f5xxxx_01_it.o(.text.BFTM0_IRQHandler)
    __arm_cp.5_3                             0x00000b0c   Number         4  ht32f5xxxx_01_it.o(.text.BFTM0_IRQHandler)
    __arm_cp.5_4                             0x00000b10   Number         4  ht32f5xxxx_01_it.o(.text.BFTM0_IRQHandler)
    __arm_cp.5_5                             0x00000b14   Number         4  ht32f5xxxx_01_it.o(.text.BFTM0_IRQHandler)
    __arm_cp.5_6                             0x00000b18   Number         4  ht32f5xxxx_01_it.o(.text.BFTM0_IRQHandler)
    __arm_cp.5_7                             0x00000b1c   Number         4  ht32f5xxxx_01_it.o(.text.BFTM0_IRQHandler)
    __arm_cp.5_8                             0x00000b20   Number         4  ht32f5xxxx_01_it.o(.text.BFTM0_IRQHandler)
    __arm_cp.5_9                             0x00000b24   Number         4  ht32f5xxxx_01_it.o(.text.BFTM0_IRQHandler)
    __arm_cp.5_10                            0x00000b28   Number         4  ht32f5xxxx_01_it.o(.text.BFTM0_IRQHandler)
    [Anonymous Symbol]                       0x00000b2c   Section        0  ht32f5xxxx_bftm.o(.text.BFTM_ClearFlag)
    [Anonymous Symbol]                       0x00000b3a   Section        0  ht32f5xxxx_bftm.o(.text.BFTM_EnaCmd)
    [Anonymous Symbol]                       0x00000b4c   Section        0  ht32f5xxxx_bftm.o(.text.BFTM_GetFlagStatus)
    [Anonymous Symbol]                       0x00000b54   Section        0  ht32f5xxxx_bftm.o(.text.BFTM_IntConfig)
    [Anonymous Symbol]                       0x00000b64   Section        0  ht32f5xxxx_bftm.o(.text.BFTM_SetCompare)
    [Anonymous Symbol]                       0x00000b68   Section        0  ht32f5xxxx_bftm.o(.text.BFTM_SetCounter)
    [Anonymous Symbol]                       0x00000b6c   Section        0  ht32f5xxxx_ckcu.o(.text.CKCU_GetPeripFrequency)
    __arm_cp.15_0                            0x00000c00   Number         4  ht32f5xxxx_ckcu.o(.text.CKCU_GetPeripFrequency)
    __arm_cp.15_1                            0x00000c04   Number         4  ht32f5xxxx_ckcu.o(.text.CKCU_GetPeripFrequency)
    __arm_cp.15_2                            0x00000c08   Number         4  ht32f5xxxx_ckcu.o(.text.CKCU_GetPeripFrequency)
    [Anonymous Symbol]                       0x00000c0c   Section        0  ht32f5xxxx_ckcu.o(.text.CKCU_PeripClockConfig)
    __arm_cp.28_0                            0x00000c40   Number         4  ht32f5xxxx_ckcu.o(.text.CKCU_PeripClockConfig)
    [Anonymous Symbol]                       0x00000c44   Section        0  ht32f5xxxx_ckcu.o(.text.CKCU_SetADCnPrescaler)
    __arm_cp.11_0                            0x00000c58   Number         4  ht32f5xxxx_ckcu.o(.text.CKCU_SetADCnPrescaler)
    [Anonymous Symbol]                       0x00000c5c   Section        0  main.o(.text.Find_DATA_1)
    __arm_cp.15_0                            0x00001090   Number         4  main.o(.text.Find_DATA_1)
    __arm_cp.15_1                            0x00001094   Number         4  main.o(.text.Find_DATA_1)
    __arm_cp.15_2                            0x00001098   Number         4  main.o(.text.Find_DATA_1)
    [Anonymous Symbol]                       0x0000109c   Section        0  main.o(.text.Find_DATA_2)
    __arm_cp.16_0                            0x000014d0   Number         4  main.o(.text.Find_DATA_2)
    __arm_cp.16_1                            0x000014d4   Number         4  main.o(.text.Find_DATA_2)
    __arm_cp.16_2                            0x000014d8   Number         4  main.o(.text.Find_DATA_2)
    [Anonymous Symbol]                       0x000014dc   Section        0  ht32f5xxxx_gpio.o(.text.GPIO_DirectionConfig)
    [Anonymous Symbol]                       0x000014f0   Section        0  ht32f5xxxx_gpio.o(.text.GPIO_DriveConfig)
    [Anonymous Symbol]                       0x000015c6   Section        0  ht32f5xxxx_gpio.o(.text.GPIO_PullResistorConfig)
    [Anonymous Symbol]                       0x000015f8   Section        0  ht32f5xxxx_gpio.o(.text.GPIO_WriteOutBits)
    [Anonymous Symbol]                       0x00001608   Section        0  ht32_board.o(.text.HT32F_DVB_LEDInit)
    __arm_cp.0_0                             0x00001680   Number         4  ht32_board.o(.text.HT32F_DVB_LEDInit)
    __arm_cp.0_1                             0x00001684   Number         4  ht32_board.o(.text.HT32F_DVB_LEDInit)
    __arm_cp.0_2                             0x00001688   Number         4  ht32_board.o(.text.HT32F_DVB_LEDInit)
    __arm_cp.0_3                             0x0000168c   Number         4  ht32_board.o(.text.HT32F_DVB_LEDInit)
    [Anonymous Symbol]                       0x00001690   Section        0  ht32f5xxxx_01_it.o(.text.HardFault_Handler)
    __arm_cp.1_0                             0x000016ac   Number         4  ht32f5xxxx_01_it.o(.text.HardFault_Handler)
    [Anonymous Symbol]                       0x000016b0   Section        0  ht32f5xxxx_i2c.o(.text.I2C_AckCmd)
    [Anonymous Symbol]                       0x000016c0   Section        0  ht32f5xxxx_i2c.o(.text.I2C_CheckStatus)
    [Anonymous Symbol]                       0x000016ca   Section        0  ht32f5xxxx_i2c.o(.text.I2C_ClearFlag)
    [Anonymous Symbol]                       0x000016ce   Section        0  ht32f5xxxx_i2c.o(.text.I2C_Cmd)
    [Anonymous Symbol]                       0x000016e0   Section        0  ht32f5xxxx_i2c.o(.text.I2C_GenerateSTOP)
    [Anonymous Symbol]                       0x000016ec   Section        0  ht32f5xxxx_i2c.o(.text.I2C_Init)
    __arm_cp.1_0                             0x00001788   Number         4  ht32f5xxxx_i2c.o(.text.I2C_Init)
    [Anonymous Symbol]                       0x0000178c   Section        0  ht32f5xxxx_i2c.o(.text.I2C_IntConfig)
    [Anonymous Symbol]                       0x000017a0   Section        0  main.o(.text.I2C_Read)
    __arm_cp.25_1                            0x00001870   Number         4  main.o(.text.I2C_Read)
    __arm_cp.25_2                            0x00001874   Number         4  main.o(.text.I2C_Read)
    __arm_cp.25_3                            0x00001878   Number         4  main.o(.text.I2C_Read)
    __arm_cp.25_4                            0x0000187c   Number         4  main.o(.text.I2C_Read)
    __arm_cp.25_5                            0x00001880   Number         4  main.o(.text.I2C_Read)
    [Anonymous Symbol]                       0x00001884   Section        0  ht32f5xxxx_i2c.o(.text.I2C_ReadRegister)
    [Anonymous Symbol]                       0x0000189a   Section        0  ht32f5xxxx_i2c.o(.text.I2C_ReceiveData)
    [Anonymous Symbol]                       0x000018a0   Section        0  ht32f5xxxx_i2c.o(.text.I2C_SendData)
    [Anonymous Symbol]                       0x000018a4   Section        0  ht32f5xxxx_i2c.o(.text.I2C_TargetAddressConfig)
    [Anonymous Symbol]                       0x000018cc   Section        0  main.o(.text.I2C_Wake)
    [Anonymous Symbol]                       0x00001954   Section        0  main.o(.text.I2C_Write)
    __arm_cp.24_0                            0x00001a3c   Number         4  main.o(.text.I2C_Write)
    __arm_cp.24_1                            0x00001a40   Number         4  main.o(.text.I2C_Write)
    [Anonymous Symbol]                       0x00001a44   Section        0  main.o(.text.LoRa_box)
    __arm_cp.17_0                            0x00001acc   Number         4  main.o(.text.LoRa_box)
    __arm_cp.17_1                            0x00001ad0   Number         4  main.o(.text.LoRa_box)
    __arm_cp.17_2                            0x00001ad4   Number         4  main.o(.text.LoRa_box)
    __arm_cp.17_3                            0x00001ad8   Number         4  main.o(.text.LoRa_box)
    __arm_cp.17_4                            0x00001adc   Number         4  main.o(.text.LoRa_box)
    __arm_cp.17_5                            0x00001ae0   Number         4  main.o(.text.LoRa_box)
    [Anonymous Symbol]                       0x00001ae4   Section        0  main.o(.text.LoRa_set)
    __arm_cp.9_0                             0x00001c7c   Number         4  main.o(.text.LoRa_set)
    __arm_cp.9_1                             0x00001c80   Number         4  main.o(.text.LoRa_set)
    __arm_cp.9_2                             0x00001c84   Number         4  main.o(.text.LoRa_set)
    __arm_cp.9_3                             0x00001c88   Number         4  main.o(.text.LoRa_set)
    [Anonymous Symbol]                       0x00001c8c   Section        0  main.o(.text.NB_IOT_SEND_ALL)
    __arm_cp.12_0                            0x00001d70   Number         4  main.o(.text.NB_IOT_SEND_ALL)
    __arm_cp.12_1                            0x00001d74   Number         4  main.o(.text.NB_IOT_SEND_ALL)
    __arm_cp.12_2                            0x00001d78   Number         4  main.o(.text.NB_IOT_SEND_ALL)
    __arm_cp.12_3                            0x00001d7c   Number         4  main.o(.text.NB_IOT_SEND_ALL)
    __arm_cp.12_4                            0x00001d80   Number         4  main.o(.text.NB_IOT_SEND_ALL)
    __arm_cp.12_5                            0x00001d84   Number         4  main.o(.text.NB_IOT_SEND_ALL)
    __arm_cp.12_6                            0x00001d88   Number         4  main.o(.text.NB_IOT_SEND_ALL)
    __arm_cp.12_7                            0x00001d8c   Number         4  main.o(.text.NB_IOT_SEND_ALL)
    __arm_cp.12_8                            0x00001d90   Number         4  main.o(.text.NB_IOT_SEND_ALL)
    __arm_cp.12_9                            0x00001d94   Number         4  main.o(.text.NB_IOT_SEND_ALL)
    __arm_cp.12_10                           0x00001d98   Number         4  main.o(.text.NB_IOT_SEND_ALL)
    __arm_cp.12_11                           0x00001d9c   Number         4  main.o(.text.NB_IOT_SEND_ALL)
    __arm_cp.12_12                           0x00001da0   Number         4  main.o(.text.NB_IOT_SEND_ALL)
    [Anonymous Symbol]                       0x00001da4   Section        0  main.o(.text.NB_Iotset)
    __arm_cp.13_0                            0x000020f4   Number         4  main.o(.text.NB_Iotset)
    __arm_cp.13_1                            0x000020f8   Number         4  main.o(.text.NB_Iotset)
    __arm_cp.13_2                            0x000020fc   Number         4  main.o(.text.NB_Iotset)
    __arm_cp.13_3                            0x00002100   Number         4  main.o(.text.NB_Iotset)
    __arm_cp.13_4                            0x00002104   Number         4  main.o(.text.NB_Iotset)
    __arm_cp.13_5                            0x00002108   Number         4  main.o(.text.NB_Iotset)
    __arm_cp.13_6                            0x0000210c   Number         4  main.o(.text.NB_Iotset)
    __arm_cp.13_7                            0x00002110   Number         4  main.o(.text.NB_Iotset)
    __arm_cp.13_8                            0x00002114   Number         4  main.o(.text.NB_Iotset)
    [Anonymous Symbol]                       0x00002118   Section        0  ht32f5xxxx_01_it.o(.text.NMI_Handler)
    [Anonymous Symbol]                       0x0000211a   Section        0  ht32f5xxxx_01_it.o(.text.PendSV_Handler)
    [Anonymous Symbol]                       0x0000211c   Section        0  ht32f5xxxx_01_it.o(.text.SVC_Handler)
    [Anonymous Symbol]                       0x0000211e   Section        0  ht32f5xxxx_01_it.o(.text.SysTick_Handler)
    [Anonymous Symbol]                       0x00002128   Section        0  system_ht32f5xxxx_01.o(.text.SystemInit)
    __arm_cp.0_0                             0x000022d4   Number         4  system_ht32f5xxxx_01.o(.text.SystemInit)
    __arm_cp.0_1                             0x000022d8   Number         4  system_ht32f5xxxx_01.o(.text.SystemInit)
    __arm_cp.0_2                             0x000022dc   Number         4  system_ht32f5xxxx_01.o(.text.SystemInit)
    __arm_cp.0_3                             0x000022e0   Number         4  system_ht32f5xxxx_01.o(.text.SystemInit)
    __arm_cp.0_4                             0x000022e4   Number         4  system_ht32f5xxxx_01.o(.text.SystemInit)
    [Anonymous Symbol]                       0x000022e8   Section        0  main.o(.text.TimingDelay)
    __arm_cp.1_0                             0x000022f8   Number         4  main.o(.text.TimingDelay)
    [Anonymous Symbol]                       0x000022fc   Section        0  ht32f5xxxx_01_it.o(.text.UART0_IRQHandler)
    __arm_cp.8_1                             0x00002330   Number         4  ht32f5xxxx_01_it.o(.text.UART0_IRQHandler)
    __arm_cp.8_2                             0x00002334   Number         4  ht32f5xxxx_01_it.o(.text.UART0_IRQHandler)
    __arm_cp.8_3                             0x00002338   Number         4  ht32f5xxxx_01_it.o(.text.UART0_IRQHandler)
    __arm_cp.8_4                             0x0000233c   Number         4  ht32f5xxxx_01_it.o(.text.UART0_IRQHandler)
    [Anonymous Symbol]                       0x00002340   Section        0  ht32f5xxxx_01_it.o(.text.USART0_IRQHandler)
    __arm_cp.7_0                             0x00002394   Number         4  ht32f5xxxx_01_it.o(.text.USART0_IRQHandler)
    __arm_cp.7_1                             0x00002398   Number         4  ht32f5xxxx_01_it.o(.text.USART0_IRQHandler)
    __arm_cp.7_2                             0x0000239c   Number         4  ht32f5xxxx_01_it.o(.text.USART0_IRQHandler)
    __arm_cp.7_3                             0x000023a0   Number         4  ht32f5xxxx_01_it.o(.text.USART0_IRQHandler)
    __arm_cp.7_5                             0x000023ac   Number         4  ht32f5xxxx_01_it.o(.text.USART0_IRQHandler)
    __arm_cp.7_6                             0x000023b0   Number         4  ht32f5xxxx_01_it.o(.text.USART0_IRQHandler)
    [Anonymous Symbol]                       0x000023b4   Section        0  ht32f5xxxx_01_it.o(.text.USART1_IRQHandler)
    __arm_cp.6_1                             0x000023f0   Number         4  ht32f5xxxx_01_it.o(.text.USART1_IRQHandler)
    __arm_cp.6_2                             0x000023f4   Number         4  ht32f5xxxx_01_it.o(.text.USART1_IRQHandler)
    __arm_cp.6_3                             0x000023f8   Number         4  ht32f5xxxx_01_it.o(.text.USART1_IRQHandler)
    __arm_cp.6_4                             0x000023fc   Number         4  ht32f5xxxx_01_it.o(.text.USART1_IRQHandler)
    [Anonymous Symbol]                       0x00002400   Section        0  ht32f5xxxx_usart.o(.text.USART_GetFlagStatus)
    [Anonymous Symbol]                       0x0000240c   Section        0  ht32f5xxxx_usart.o(.text.USART_Init)
    __arm_cp.1_0                             0x0000246c   Number         4  ht32f5xxxx_usart.o(.text.USART_Init)
    __arm_cp.1_1                             0x00002470   Number         4  ht32f5xxxx_usart.o(.text.USART_Init)
    __arm_cp.1_2                             0x00002474   Number         4  ht32f5xxxx_usart.o(.text.USART_Init)
    __arm_cp.1_3                             0x00002478   Number         4  ht32f5xxxx_usart.o(.text.USART_Init)
    __arm_cp.1_6                             0x0000247c   Number         4  ht32f5xxxx_usart.o(.text.USART_Init)
    __arm_cp.1_7                             0x00002480   Number         4  ht32f5xxxx_usart.o(.text.USART_Init)
    __arm_cp.1_8                             0x00002484   Number         4  ht32f5xxxx_usart.o(.text.USART_Init)
    [Anonymous Symbol]                       0x00002488   Section        0  ht32f5xxxx_usart.o(.text.USART_IntConfig)
    [Anonymous Symbol]                       0x0000249c   Section        0  ht32f5xxxx_usart.o(.text.USART_ReceiveData)
    [Anonymous Symbol]                       0x000024a2   Section        0  ht32f5xxxx_usart.o(.text.USART_SendData)
    [Anonymous Symbol]                       0x000024a6   Section        0  ht32f5xxxx_usart.o(.text.USART_TxRxCmd)
    [Anonymous Symbol]                       0x000024c0   Section        0  main.o(.text.UxART_Configuration)
    __arm_cp.34_0                            0x000025d0   Number         4  main.o(.text.UxART_Configuration)
    __arm_cp.34_1                            0x000025d4   Number         4  main.o(.text.UxART_Configuration)
    __arm_cp.34_2                            0x000025d8   Number         4  main.o(.text.UxART_Configuration)
    [Anonymous Symbol]                       0x000025dc   Section        0  main.o(.text.change_Hum_float_to_u8)
    __arm_cp.27_0                            0x0000268c   Number         4  main.o(.text.change_Hum_float_to_u8)
    __arm_cp.27_1                            0x00002690   Number         4  main.o(.text.change_Hum_float_to_u8)
    [Anonymous Symbol]                       0x00002694   Section        0  main.o(.text.change_Tem_float_to_u8)
    __arm_cp.26_0                            0x00002744   Number         4  main.o(.text.change_Tem_float_to_u8)
    __arm_cp.26_1                            0x00002748   Number         4  main.o(.text.change_Tem_float_to_u8)
    __arm_cp.26_2                            0x0000274c   Number         4  main.o(.text.change_Tem_float_to_u8)
    [Anonymous Symbol]                       0x00002750   Section        0  main.o(.text.initGPIO)
    __arm_cp.21_0                            0x000027ec   Number         4  main.o(.text.initGPIO)
    [Anonymous Symbol]                       0x000027f0   Section        0  main.o(.text.main)
    __arm_cp.33_0                            0x00002a88   Number         4  main.o(.text.main)
    __arm_cp.33_1                            0x00002a8c   Number         4  main.o(.text.main)
    __arm_cp.33_2                            0x00002a90   Number         4  main.o(.text.main)
    __arm_cp.33_3                            0x00002a94   Number         4  main.o(.text.main)
    __arm_cp.33_4                            0x00002a98   Number         4  main.o(.text.main)
    __arm_cp.33_5                            0x00002a9c   Number         4  main.o(.text.main)
    __arm_cp.33_6                            0x00002aa0   Number         4  main.o(.text.main)
    __arm_cp.33_7                            0x00002aa4   Number         4  main.o(.text.main)
    __arm_cp.33_8                            0x00002aa8   Number         4  main.o(.text.main)
    __arm_cp.33_9                            0x00002aac   Number         4  main.o(.text.main)
    __arm_cp.33_10                           0x00002ab0   Number         4  main.o(.text.main)
    __arm_cp.33_11                           0x00002ab4   Number         4  main.o(.text.main)
    __arm_cp.33_12                           0x00002ab8   Number         4  main.o(.text.main)
    __arm_cp.33_13                           0x00002abc   Number         4  main.o(.text.main)
    __arm_cp.33_14                           0x00002ac0   Number         4  main.o(.text.main)
    __arm_cp.33_15                           0x00002ac4   Number         4  main.o(.text.main)
    [Anonymous Symbol]                       0x00002ac8   Section        0  main.o(.text.mqtt_send_all)
    __arm_cp.11_0                            0x00002e04   Number         4  main.o(.text.mqtt_send_all)
    __arm_cp.11_1                            0x00002e08   Number         4  main.o(.text.mqtt_send_all)
    __arm_cp.11_2                            0x00002e0c   Number         4  main.o(.text.mqtt_send_all)
    __arm_cp.11_3                            0x00002e10   Number         4  main.o(.text.mqtt_send_all)
    __arm_cp.11_4                            0x00002e14   Number         4  main.o(.text.mqtt_send_all)
    __arm_cp.11_5                            0x00002e18   Number         4  main.o(.text.mqtt_send_all)
    __arm_cp.11_6                            0x00002e1c   Number         4  main.o(.text.mqtt_send_all)
    __arm_cp.11_7                            0x00002e20   Number         4  main.o(.text.mqtt_send_all)
    __arm_cp.11_8                            0x00002e24   Number         4  main.o(.text.mqtt_send_all)
    __arm_cp.11_9                            0x00002e28   Number         4  main.o(.text.mqtt_send_all)
    i.__0sprintf                             0x00002e2c   Section        0  printfa.o(i.__0sprintf)
    i.__ARM_clz                              0x00002e54   Section        0  depilogue.o(i.__ARM_clz)
    i.__scatterload_copy                     0x00002e82   Section       14  handlers.o(i.__scatterload_copy)
    i.__scatterload_null                     0x00002e90   Section        2  handlers.o(i.__scatterload_null)
    i.__scatterload_zeroinit                 0x00002e92   Section       14  handlers.o(i.__scatterload_zeroinit)
    _fp_digits                               0x00002ea1   Thumb Code   344  printfa.o(i._fp_digits)
    i._fp_digits                             0x00002ea0   Section        0  printfa.o(i._fp_digits)
    _printf_core                             0x00003015   Thumb Code  1754  printfa.o(i._printf_core)
    i._printf_core                           0x00003014   Section        0  printfa.o(i._printf_core)
    _printf_post_padding                     0x00003701   Thumb Code    32  printfa.o(i._printf_post_padding)
    i._printf_post_padding                   0x00003700   Section        0  printfa.o(i._printf_post_padding)
    _printf_pre_padding                      0x00003721   Thumb Code    44  printfa.o(i._printf_pre_padding)
    i._printf_pre_padding                    0x00003720   Section        0  printfa.o(i._printf_pre_padding)
    _sputc                                   0x0000374d   Thumb Code    10  printfa.o(i._sputc)
    i._sputc                                 0x0000374c   Section        0  printfa.o(i._sputc)
    [Anonymous Symbol]                       0x0000377c   Section        0  main.o(.rodata.str1.1)
    HardFault_Handler.gIsContinue            0x200001f0   Data           4  ht32f5xxxx_01_it.o(.bss.HardFault_Handler.gIsContinue)
    [Anonymous Symbol]                       0x200001f0   Section        0  ht32f5xxxx_01_it.o(.bss.HardFault_Handler.gIsContinue)
    STACK                                    0x20000420   Section      512  startup_ht32f5xxxx_01.o(STACK)

    Global Symbols

    Symbol Name                              Value     Ov Type        Size  Object(Section)

    BuildAttributes$$THM_ISAv3M$S$PE$A:L22$X:L11$S22$IEEE1$IW$~IW$USESV6$~STKCKD$USESV7$~SHL$OTIME$ROPI$IEEEJ$EBA8$MICROLIB$REQ8$PRES8$EABIv2 0x00000000   Number         0  anon$$obj.o ABSOLUTE
    __Vectors                                0x00000000   Data           0  startup_ht32f5xxxx_01.o(RESET)
    _printf_a                                0x00000000   Number         0  printfstubs.o ABSOLUTE
    _printf_c                                0x00000000   Number         0  printfstubs.o ABSOLUTE
    _printf_charcount                        0x00000000   Number         0  printfstubs.o ABSOLUTE
    _printf_d                                0x00000000   Number         0  printfstubs.o ABSOLUTE
    _printf_e                                0x00000000   Number         0  printfstubs.o ABSOLUTE
    _printf_f                                0x00000000   Number         0  printfstubs.o ABSOLUTE
    _printf_flags                            0x00000000   Number         0  printfstubs.o ABSOLUTE
    _printf_fp_dec                           0x00000000   Number         0  printfstubs.o ABSOLUTE
    _printf_fp_hex                           0x00000000   Number         0  printfstubs.o ABSOLUTE
    _printf_g                                0x00000000   Number         0  printfstubs.o ABSOLUTE
    _printf_i                                0x00000000   Number         0  printfstubs.o ABSOLUTE
    _printf_int_dec                          0x00000000   Number         0  printfstubs.o ABSOLUTE
    _printf_l                                0x00000000   Number         0  printfstubs.o ABSOLUTE
    _printf_lc                               0x00000000   Number         0  printfstubs.o ABSOLUTE
    _printf_ll                               0x00000000   Number         0  printfstubs.o ABSOLUTE
    _printf_lld                              0x00000000   Number         0  printfstubs.o ABSOLUTE
    _printf_lli                              0x00000000   Number         0  printfstubs.o ABSOLUTE
    _printf_llo                              0x00000000   Number         0  printfstubs.o ABSOLUTE
    _printf_llu                              0x00000000   Number         0  printfstubs.o ABSOLUTE
    _printf_llx                              0x00000000   Number         0  printfstubs.o ABSOLUTE
    _printf_longlong_dec                     0x00000000   Number         0  printfstubs.o ABSOLUTE
    _printf_longlong_hex                     0x00000000   Number         0  printfstubs.o ABSOLUTE
    _printf_longlong_oct                     0x00000000   Number         0  printfstubs.o ABSOLUTE
    _printf_ls                               0x00000000   Number         0  printfstubs.o ABSOLUTE
    _printf_mbtowc                           0x00000000   Number         0  printfstubs.o ABSOLUTE
    _printf_n                                0x00000000   Number         0  printfstubs.o ABSOLUTE
    _printf_o                                0x00000000   Number         0  printfstubs.o ABSOLUTE
    _printf_p                                0x00000000   Number         0  printfstubs.o ABSOLUTE
    _printf_percent                          0x00000000   Number         0  printfstubs.o ABSOLUTE
    _printf_pre_padding                      0x00000000   Number         0  printfstubs.o ABSOLUTE
    _printf_return_value                     0x00000000   Number         0  printfstubs.o ABSOLUTE
    _printf_s                                0x00000000   Number         0  printfstubs.o ABSOLUTE
    _printf_sizespec                         0x00000000   Number         0  printfstubs.o ABSOLUTE
    _printf_str                              0x00000000   Number         0  printfstubs.o ABSOLUTE
    _printf_truncate_signed                  0x00000000   Number         0  printfstubs.o ABSOLUTE
    _printf_truncate_unsigned                0x00000000   Number         0  printfstubs.o ABSOLUTE
    _printf_u                                0x00000000   Number         0  printfstubs.o ABSOLUTE
    _printf_wc                               0x00000000   Number         0  printfstubs.o ABSOLUTE
    _printf_wctomb                           0x00000000   Number         0  printfstubs.o ABSOLUTE
    _printf_widthprec                        0x00000000   Number         0  printfstubs.o ABSOLUTE
    _printf_x                                0x00000000   Number         0  printfstubs.o ABSOLUTE
    __cpp_initialize__aeabi_                  - Undefined Weak Reference
    __cxa_finalize                            - Undefined Weak Reference
    __decompress                              - Undefined Weak Reference
    _clock_init                               - Undefined Weak Reference
    _microlib_exit                            - Undefined Weak Reference
    Reset_Handler                            0x000000c1   Thumb Code    12  startup_ht32f5xxxx_01.o(RESET)
    ADC_IRQHandler                           0x00000135   Thumb Code     0  startup_ht32f5xxxx_01.o(RESET)
    AES_IRQHandler                           0x00000135   Thumb Code     0  startup_ht32f5xxxx_01.o(RESET)
    BFTM1_IRQHandler                         0x00000135   Thumb Code     0  startup_ht32f5xxxx_01.o(RESET)
    COMP_IRQHandler                          0x00000135   Thumb Code     0  startup_ht32f5xxxx_01.o(RESET)
    EVWUP_IRQHandler                         0x00000135   Thumb Code     0  startup_ht32f5xxxx_01.o(RESET)
    EXTI0_1_IRQHandler                       0x00000135   Thumb Code     0  startup_ht32f5xxxx_01.o(RESET)
    EXTI2_3_IRQHandler                       0x00000135   Thumb Code     0  startup_ht32f5xxxx_01.o(RESET)
    EXTI4_15_IRQHandler                      0x00000135   Thumb Code     0  startup_ht32f5xxxx_01.o(RESET)
    FLASH_IRQHandler                         0x00000135   Thumb Code     0  startup_ht32f5xxxx_01.o(RESET)
    GPTM0_IRQHandler                         0x00000135   Thumb Code     0  startup_ht32f5xxxx_01.o(RESET)
    GPTM1_IRQHandler                         0x00000135   Thumb Code     0  startup_ht32f5xxxx_01.o(RESET)
    I2C0_IRQHandler                          0x00000135   Thumb Code     0  startup_ht32f5xxxx_01.o(RESET)
    I2C1_IRQHandler                          0x00000135   Thumb Code     0  startup_ht32f5xxxx_01.o(RESET)
    I2C2_IRQHandler                          0x00000135   Thumb Code     0  startup_ht32f5xxxx_01.o(RESET)
    I2S_IRQHandler                           0x00000135   Thumb Code     0  startup_ht32f5xxxx_01.o(RESET)
    LVD_BOD_IRQHandler                       0x00000135   Thumb Code     0  startup_ht32f5xxxx_01.o(RESET)
    MCTM0_IRQHandler                         0x00000135   Thumb Code     0  startup_ht32f5xxxx_01.o(RESET)
    MIDI_IRQHandler                          0x00000135   Thumb Code     0  startup_ht32f5xxxx_01.o(RESET)
    PDMA_CH0_1_IRQHandler                    0x00000135   Thumb Code     0  startup_ht32f5xxxx_01.o(RESET)
    PDMA_CH2_5_IRQHandler                    0x00000135   Thumb Code     0  startup_ht32f5xxxx_01.o(RESET)
    PWM0_IRQHandler                          0x00000135   Thumb Code     0  startup_ht32f5xxxx_01.o(RESET)
    PWM1_IRQHandler                          0x00000135   Thumb Code     0  startup_ht32f5xxxx_01.o(RESET)
    QSPI_IRQHandler                          0x00000135   Thumb Code     0  startup_ht32f5xxxx_01.o(RESET)
    RTC_IRQHandler                           0x00000135   Thumb Code     0  startup_ht32f5xxxx_01.o(RESET)
    SCI_IRQHandler                           0x00000135   Thumb Code     0  startup_ht32f5xxxx_01.o(RESET)
    SCTM0_IRQHandler                         0x00000135   Thumb Code     0  startup_ht32f5xxxx_01.o(RESET)
    SCTM1_IRQHandler                         0x00000135   Thumb Code     0  startup_ht32f5xxxx_01.o(RESET)
    SCTM2_IRQHandler                         0x00000135   Thumb Code     0  startup_ht32f5xxxx_01.o(RESET)
    SCTM3_IRQHandler                         0x00000135   Thumb Code     0  startup_ht32f5xxxx_01.o(RESET)
    SPI0_IRQHandler                          0x00000135   Thumb Code     0  startup_ht32f5xxxx_01.o(RESET)
    SPI1_IRQHandler                          0x00000135   Thumb Code     0  startup_ht32f5xxxx_01.o(RESET)
    UART1_IRQHandler                         0x00000135   Thumb Code     0  startup_ht32f5xxxx_01.o(RESET)
    UART2_IRQHandler                         0x00000135   Thumb Code     0  startup_ht32f5xxxx_01.o(RESET)
    UART3_IRQHandler                         0x00000135   Thumb Code     0  startup_ht32f5xxxx_01.o(RESET)
    USB_IRQHandler                           0x00000135   Thumb Code     0  startup_ht32f5xxxx_01.o(RESET)
    __main                                   0x00000165   Thumb Code     0  entry.o(.ARM.Collect$$$$00000000)
    _main_stk                                0x00000165   Thumb Code     0  entry2.o(.ARM.Collect$$$$00000001)
    _main_scatterload                        0x00000169   Thumb Code     0  entry5.o(.ARM.Collect$$$$00000004)
    __main_after_scatterload                 0x0000016d   Thumb Code     0  entry5.o(.ARM.Collect$$$$00000004)
    _main_clock                              0x0000016d   Thumb Code     0  entry7b.o(.ARM.Collect$$$$00000008)
    _main_cpp_init                           0x0000016d   Thumb Code     0  entry8b.o(.ARM.Collect$$$$0000000A)
    _main_init                               0x0000016d   Thumb Code     0  entry9a.o(.ARM.Collect$$$$0000000B)
    __rt_final_cpp                           0x00000175   Thumb Code     0  entry10a.o(.ARM.Collect$$$$0000000D)
    __rt_final_exit                          0x00000175   Thumb Code     0  entry11a.o(.ARM.Collect$$$$0000000F)
    __aeabi_memcpy                           0x00000179   Thumb Code    36  memcpya.o(.text)
    __aeabi_memcpy4                          0x00000179   Thumb Code     0  memcpya.o(.text)
    __aeabi_memcpy8                          0x00000179   Thumb Code     0  memcpya.o(.text)
    __aeabi_memset                           0x0000019d   Thumb Code    14  memseta.o(.text)
    __aeabi_memset4                          0x0000019d   Thumb Code     0  memseta.o(.text)
    __aeabi_memset8                          0x0000019d   Thumb Code     0  memseta.o(.text)
    __aeabi_memclr                           0x000001ab   Thumb Code     4  memseta.o(.text)
    __aeabi_memclr4                          0x000001ab   Thumb Code     0  memseta.o(.text)
    __aeabi_memclr8                          0x000001ab   Thumb Code     0  memseta.o(.text)
    _memset$wrapper                          0x000001af   Thumb Code    18  memseta.o(.text)
    strstr                                   0x000001c1   Thumb Code    40  strstr.o(.text)
    strlen                                   0x000001e9   Thumb Code    14  strlen.o(.text)
    __aeabi_ui2f                             0x000001f7   Thumb Code    14  ffltui.o(.text)
    __aeabi_f2d                              0x00000205   Thumb Code    40  f2d.o(.text)
    __aeabi_uidiv                            0x0000022d   Thumb Code     0  uidiv_div0.o(.text)
    __aeabi_uidivmod                         0x0000022d   Thumb Code    62  uidiv_div0.o(.text)
    __aeabi_uldivmod                         0x0000026b   Thumb Code    96  uldiv.o(.text)
    __I$use$fp                               0x000002cb   Thumb Code     0  iusefp.o(.text)
    _float_round                             0x000002cb   Thumb Code    16  fepilogue.o(.text)
    _float_epilogue                          0x000002db   Thumb Code   114  fepilogue.o(.text)
    __aeabi_dadd                             0x0000034d   Thumb Code   328  dadd.o(.text)
    __aeabi_dsub                             0x00000495   Thumb Code    12  dadd.o(.text)
    __aeabi_drsub                            0x000004a1   Thumb Code    12  dadd.o(.text)
    __aeabi_dmul                             0x000004b1   Thumb Code   202  dmul.o(.text)
    __aeabi_ddiv                             0x00000581   Thumb Code   234  ddiv.o(.text)
    __aeabi_d2ulz                            0x00000671   Thumb Code    54  dfixul.o(.text)
    __aeabi_cdrcmple                         0x000006b1   Thumb Code    38  cdrcmple.o(.text)
    __scatterload                            0x000006d9   Thumb Code    28  init.o(.text)
    __scatterload_rt2                        0x000006d9   Thumb Code     0  init.o(.text)
    __aeabi_llsl                             0x000006fd   Thumb Code    32  llshl.o(.text)
    _ll_shift_l                              0x000006fd   Thumb Code     0  llshl.o(.text)
    __aeabi_llsr                             0x0000071d   Thumb Code    34  llushr.o(.text)
    _ll_ushift_r                             0x0000071d   Thumb Code     0  llushr.o(.text)
    __aeabi_lasr                             0x0000073f   Thumb Code    38  llsshr.o(.text)
    _ll_sshift_r                             0x0000073f   Thumb Code     0  llsshr.o(.text)
    _double_round                            0x00000765   Thumb Code    26  depilogue.o(.text)
    _double_epilogue                         0x0000077f   Thumb Code   164  depilogue.o(.text)
    AFIO_GPxConfig                           0x00000825   Thumb Code   376  ht32f5xxxx_gpio.o(.text.AFIO_GPxConfig)
    AM2320                                   0x000009a1   Thumb Code   224  main.o(.text.AM2320)
    BFTM0_IRQHandler                         0x00000a85   Thumb Code   124  ht32f5xxxx_01_it.o(.text.BFTM0_IRQHandler)
    BFTM_ClearFlag                           0x00000b2d   Thumb Code    14  ht32f5xxxx_bftm.o(.text.BFTM_ClearFlag)
    BFTM_EnaCmd                              0x00000b3b   Thumb Code    18  ht32f5xxxx_bftm.o(.text.BFTM_EnaCmd)
    BFTM_GetFlagStatus                       0x00000b4d   Thumb Code     8  ht32f5xxxx_bftm.o(.text.BFTM_GetFlagStatus)
    BFTM_IntConfig                           0x00000b55   Thumb Code    16  ht32f5xxxx_bftm.o(.text.BFTM_IntConfig)
    BFTM_SetCompare                          0x00000b65   Thumb Code     4  ht32f5xxxx_bftm.o(.text.BFTM_SetCompare)
    BFTM_SetCounter                          0x00000b69   Thumb Code     4  ht32f5xxxx_bftm.o(.text.BFTM_SetCounter)
    CKCU_GetPeripFrequency                   0x00000b6d   Thumb Code   148  ht32f5xxxx_ckcu.o(.text.CKCU_GetPeripFrequency)
    CKCU_PeripClockConfig                    0x00000c0d   Thumb Code    52  ht32f5xxxx_ckcu.o(.text.CKCU_PeripClockConfig)
    CKCU_SetADCnPrescaler                    0x00000c45   Thumb Code    20  ht32f5xxxx_ckcu.o(.text.CKCU_SetADCnPrescaler)
    Find_DATA_1                              0x00000c5d   Thumb Code  1076  main.o(.text.Find_DATA_1)
    Find_DATA_2                              0x0000109d   Thumb Code  1076  main.o(.text.Find_DATA_2)
    GPIO_DirectionConfig                     0x000014dd   Thumb Code    20  ht32f5xxxx_gpio.o(.text.GPIO_DirectionConfig)
    GPIO_DriveConfig                         0x000014f1   Thumb Code   214  ht32f5xxxx_gpio.o(.text.GPIO_DriveConfig)
    GPIO_PullResistorConfig                  0x000015c7   Thumb Code    50  ht32f5xxxx_gpio.o(.text.GPIO_PullResistorConfig)
    GPIO_WriteOutBits                        0x000015f9   Thumb Code    16  ht32f5xxxx_gpio.o(.text.GPIO_WriteOutBits)
    HT32F_DVB_LEDInit                        0x00001609   Thumb Code   120  ht32_board.o(.text.HT32F_DVB_LEDInit)
    HardFault_Handler                        0x00001691   Thumb Code    28  ht32f5xxxx_01_it.o(.text.HardFault_Handler)
    I2C_AckCmd                               0x000016b1   Thumb Code    16  ht32f5xxxx_i2c.o(.text.I2C_AckCmd)
    I2C_CheckStatus                          0x000016c1   Thumb Code    10  ht32f5xxxx_i2c.o(.text.I2C_CheckStatus)
    I2C_ClearFlag                            0x000016cb   Thumb Code     4  ht32f5xxxx_i2c.o(.text.I2C_ClearFlag)
    I2C_Cmd                                  0x000016cf   Thumb Code    18  ht32f5xxxx_i2c.o(.text.I2C_Cmd)
    I2C_GenerateSTOP                         0x000016e1   Thumb Code    10  ht32f5xxxx_i2c.o(.text.I2C_GenerateSTOP)
    I2C_Init                                 0x000016ed   Thumb Code   156  ht32f5xxxx_i2c.o(.text.I2C_Init)
    I2C_IntConfig                            0x0000178d   Thumb Code    20  ht32f5xxxx_i2c.o(.text.I2C_IntConfig)
    I2C_Read                                 0x000017a1   Thumb Code   208  main.o(.text.I2C_Read)
    I2C_ReadRegister                         0x00001885   Thumb Code    22  ht32f5xxxx_i2c.o(.text.I2C_ReadRegister)
    I2C_ReceiveData                          0x0000189b   Thumb Code     6  ht32f5xxxx_i2c.o(.text.I2C_ReceiveData)
    I2C_SendData                             0x000018a1   Thumb Code     4  ht32f5xxxx_i2c.o(.text.I2C_SendData)
    I2C_TargetAddressConfig                  0x000018a5   Thumb Code    38  ht32f5xxxx_i2c.o(.text.I2C_TargetAddressConfig)
    I2C_Wake                                 0x000018cd   Thumb Code   136  main.o(.text.I2C_Wake)
    I2C_Write                                0x00001955   Thumb Code   232  main.o(.text.I2C_Write)
    LoRa_box                                 0x00001a45   Thumb Code   136  main.o(.text.LoRa_box)
    LoRa_set                                 0x00001ae5   Thumb Code   408  main.o(.text.LoRa_set)
    NB_IOT_SEND_ALL                          0x00001c8d   Thumb Code   228  main.o(.text.NB_IOT_SEND_ALL)
    NB_Iotset                                0x00001da5   Thumb Code   848  main.o(.text.NB_Iotset)
    NMI_Handler                              0x00002119   Thumb Code     2  ht32f5xxxx_01_it.o(.text.NMI_Handler)
    PendSV_Handler                           0x0000211b   Thumb Code     2  ht32f5xxxx_01_it.o(.text.PendSV_Handler)
    SVC_Handler                              0x0000211d   Thumb Code     2  ht32f5xxxx_01_it.o(.text.SVC_Handler)
    SysTick_Handler                          0x0000211f   Thumb Code     8  ht32f5xxxx_01_it.o(.text.SysTick_Handler)
    SystemInit                               0x00002129   Thumb Code   428  system_ht32f5xxxx_01.o(.text.SystemInit)
    TimingDelay                              0x000022e9   Thumb Code    16  main.o(.text.TimingDelay)
    UART0_IRQHandler                         0x000022fd   Thumb Code    52  ht32f5xxxx_01_it.o(.text.UART0_IRQHandler)
    USART0_IRQHandler                        0x00002341   Thumb Code    84  ht32f5xxxx_01_it.o(.text.USART0_IRQHandler)
    USART1_IRQHandler                        0x000023b5   Thumb Code    60  ht32f5xxxx_01_it.o(.text.USART1_IRQHandler)
    USART_GetFlagStatus                      0x00002401   Thumb Code    10  ht32f5xxxx_usart.o(.text.USART_GetFlagStatus)
    USART_Init                               0x0000240d   Thumb Code    96  ht32f5xxxx_usart.o(.text.USART_Init)
    USART_IntConfig                          0x00002489   Thumb Code    20  ht32f5xxxx_usart.o(.text.USART_IntConfig)
    USART_ReceiveData                        0x0000249d   Thumb Code     6  ht32f5xxxx_usart.o(.text.USART_ReceiveData)
    USART_SendData                           0x000024a3   Thumb Code     4  ht32f5xxxx_usart.o(.text.USART_SendData)
    USART_TxRxCmd                            0x000024a7   Thumb Code    24  ht32f5xxxx_usart.o(.text.USART_TxRxCmd)
    UxART_Configuration                      0x000024c1   Thumb Code   272  main.o(.text.UxART_Configuration)
    change_Hum_float_to_u8                   0x000025dd   Thumb Code   176  main.o(.text.change_Hum_float_to_u8)
    change_Tem_float_to_u8                   0x00002695   Thumb Code   176  main.o(.text.change_Tem_float_to_u8)
    initGPIO                                 0x00002751   Thumb Code   156  main.o(.text.initGPIO)
    main                                     0x000027f1   Thumb Code   664  main.o(.text.main)
    mqtt_send_all                            0x00002ac9   Thumb Code   828  main.o(.text.mqtt_send_all)
    __0sprintf                               0x00002e2d   Thumb Code    36  printfa.o(i.__0sprintf)
    __1sprintf                               0x00002e2d   Thumb Code     0  printfa.o(i.__0sprintf)
    __2sprintf                               0x00002e2d   Thumb Code     0  printfa.o(i.__0sprintf)
    __c89sprintf                             0x00002e2d   Thumb Code     0  printfa.o(i.__0sprintf)
    sprintf                                  0x00002e2d   Thumb Code     0  printfa.o(i.__0sprintf)
    __ARM_clz                                0x00002e55   Thumb Code    46  depilogue.o(i.__ARM_clz)
    __scatterload_copy                       0x00002e83   Thumb Code    14  handlers.o(i.__scatterload_copy)
    __scatterload_null                       0x00002e91   Thumb Code     2  handlers.o(i.__scatterload_null)
    __scatterload_zeroinit                   0x00002e93   Thumb Code    14  handlers.o(i.__scatterload_zeroinit)
    GPIO_PORT                                0x00003758   Data          24  ht32_board.o(.rodata.GPIO_PORT)
    LED_AFIO_MODE                            0x00003770   Data           3  ht32_board.o(.rodata.LED_AFIO_MODE)
    LED_GPIO_ID                              0x00003773   Data           3  ht32_board.o(.rodata.LED_GPIO_ID)
    LED_GPIO_PIN                             0x00003776   Data           6  ht32_board.o(.rodata.LED_GPIO_PIN)
    Region$$Table$$Base                      0x00003784   Number         0  anon$$obj.o(Region$$Table)
    Region$$Table$$Limit                     0x000037a4   Number         0  anon$$obj.o(Region$$Table)
    LoRa_AddressSet                          0x20000000   Data          19  main.o(.data.LoRa_AddressSet)
    LoRa_NetworkIDSet                        0x20000013   Data          17  main.o(.data.LoRa_NetworkIDSet)
    LoRa_ParameterSet                        0x20000024   Data          24  main.o(.data.LoRa_ParameterSet)
    SystemCoreClock                          0x2000003c   Data           4  system_ht32f5xxxx_01.o(.data.SystemCoreClock)
    i                                        0x20000040   Data           1  main.o(.data.i)
    mqtt_send_add                            0x20000041   Data           9  main.o(.data.mqtt_send_add)
    mqtt_send_at                             0x2000004a   Data          13  main.o(.data.mqtt_send_at)
    mqtt_send_box1                           0x20000057   Data           9  main.o(.data.mqtt_send_box1)
    mqtt_send_box2                           0x20000060   Data           9  main.o(.data.mqtt_send_box2)
    mqtt_send_end                            0x20000069   Data           3  main.o(.data.mqtt_send_end)
    mqtt_send_first                          0x2000006c   Data           8  main.o(.data.mqtt_send_first)
    sim7020e_ACS                             0x20000074   Data          15  main.o(.data.sim7020e_ACS)
    sim7020e_con                             0x20000083   Data          47  main.o(.data.sim7020e_con)
    sim7020e_connect_client                  0x200000b2   Data          33  main.o(.data.sim7020e_connect_client)
    sim7020e_run                             0x200000d3   Data          12  main.o(.data.sim7020e_run)
    sim7020e_test                            0x200000df   Data           5  main.o(.data.sim7020e_test)
    BFTM_FLAG                                0x200000e8   Data           4  ht32f5xxxx_01_it.o(.bss.BFTM_FLAG)
    Box1_Data                                0x200000ec   Data         128  main.o(.bss.Box1_Data)
    Box2_Data                                0x2000016c   Data         128  main.o(.bss.Box2_Data)
    Data                                     0x200001ec   Data           4  main.o(.bss.Data)
    Hum_tempdata                             0x200001f4   Data          30  main.o(.bss.Hum_tempdata)
    OK_flag                                  0x20000214   Data           4  ht32f5xxxx_01_it.o(.bss.OK_flag)
    RXRD                                     0x20000218   Data           4  ht32f5xxxx_01_it.o(.bss.RXRD)
    RXRD_BUF                                 0x2000021c   Data         100  ht32f5xxxx_01_it.o(.bss.RXRD_BUF)
    RXRD_Index                               0x20000280   Data           4  ht32f5xxxx_01_it.o(.bss.RXRD_Index)
    T_H                                      0x20000284   Data           8  main.o(.bss.T_H)
    Tem_tempdata                             0x2000028c   Data          30  main.o(.bss.Tem_tempdata)
    all_len                                  0x200002aa   Data           1  main.o(.bss.all_len)
    all_len1                                 0x200002ab   Data           1  main.o(.bss.all_len1)
    all_len2                                 0x200002ac   Data           1  main.o(.bss.all_len2)
    delaytime                                0x200002b0   Data           4  main.o(.bss.delaytime)
    gps_BUF                                  0x200002b4   Data         100  ht32f5xxxx_01_it.o(.bss.gps_BUF)
    gps_Index                                0x20000318   Data           4  ht32f5xxxx_01_it.o(.bss.gps_Index)
    gps_RXRD                                 0x2000031c   Data           4  ht32f5xxxx_01_it.o(.bss.gps_RXRD)
    gps_data                                 0x20000320   Data           1  ht32f5xxxx_01_it.o(.bss.gps_data)
    i2c_Hum_len                              0x20000324   Data           4  main.o(.bss.i2c_Hum_len)
    i2c_Tem_len                              0x20000328   Data           4  main.o(.bss.i2c_Tem_len)
    len_data                                 0x2000032c   Data         128  main.o(.bss.len_data)
    lora_BUF                                 0x200003ac   Data         100  ht32f5xxxx_01_it.o(.bss.lora_BUF)
    lora_Index                               0x20000410   Data           4  ht32f5xxxx_01_it.o(.bss.lora_Index)
    lora_RXRD                                0x20000414   Data           4  ht32f5xxxx_01_it.o(.bss.lora_RXRD)
    lora_data                                0x20000418   Data           1  ht32f5xxxx_01_it.o(.bss.lora_data)
    rx_data                                  0x20000419   Data           1  ht32f5xxxx_01_it.o(.bss.rx_data)
    s                                        0x2000041c   Data           4  ht32f5xxxx_01_it.o(.bss.s)
    __HT_check_sp                            0x20000420   Data           0  startup_ht32f5xxxx_01.o(STACK)
    __initial_sp                             0x20000620   Data           0  startup_ht32f5xxxx_01.o(STACK)



==============================================================================

Memory Map of the image

  Image Entry point : 0x000000c1

  Load Region LR_1 (Base: 0x00000000, Size: 0x00003888, Max: 0xffffffff, ABSOLUTE)

    Execution Region ER_RO (Exec base: 0x00000000, Load base: 0x00000000, Size: 0x000037a4, Max: 0xffffffff, ABSOLUTE)

    Exec Addr    Load Addr    Size         Type   Attr      Idx    E Section Name        Object

    0x00000000   0x00000000   0x00000164   Code   RO          216  * RESET               startup_ht32f5xxxx_01.o
    0x00000164   0x00000164   0x00000000   Code   RO         1443  * .ARM.Collect$$$$00000000  mc_p.l(entry.o)
    0x00000164   0x00000164   0x00000004   Code   RO         1747    .ARM.Collect$$$$00000001  mc_p.l(entry2.o)
    0x00000168   0x00000168   0x00000004   Code   RO         1750    .ARM.Collect$$$$00000004  mc_p.l(entry5.o)
    0x0000016c   0x0000016c   0x00000000   Code   RO         1752    .ARM.Collect$$$$00000008  mc_p.l(entry7b.o)
    0x0000016c   0x0000016c   0x00000000   Code   RO         1754    .ARM.Collect$$$$0000000A  mc_p.l(entry8b.o)
    0x0000016c   0x0000016c   0x00000008   Code   RO         1755    .ARM.Collect$$$$0000000B  mc_p.l(entry9a.o)
    0x00000174   0x00000174   0x00000000   Code   RO         1757    .ARM.Collect$$$$0000000D  mc_p.l(entry10a.o)
    0x00000174   0x00000174   0x00000000   Code   RO         1759    .ARM.Collect$$$$0000000F  mc_p.l(entry11a.o)
    0x00000174   0x00000174   0x00000004   Code   RO         1748    .ARM.Collect$$$$00002712  mc_p.l(entry2.o)
    0x00000178   0x00000178   0x00000024   Code   RO         1458    .text               mc_p.l(memcpya.o)
    0x0000019c   0x0000019c   0x00000024   Code   RO         1460    .text               mc_p.l(memseta.o)
    0x000001c0   0x000001c0   0x00000028   Code   RO         1462    .text               mc_p.l(strstr.o)
    0x000001e8   0x000001e8   0x0000000e   Code   RO         1464    .text               mc_p.l(strlen.o)
    0x000001f6   0x000001f6   0x0000000e   Code   RO         1739    .text               mf_p.l(ffltui.o)
    0x00000204   0x00000204   0x00000028   Code   RO         1743    .text               mf_p.l(f2d.o)
    0x0000022c   0x0000022c   0x0000003e   Code   RO         1766    .text               mc_p.l(uidiv_div0.o)
    0x0000026a   0x0000026a   0x00000060   Code   RO         1772    .text               mc_p.l(uldiv.o)
    0x000002ca   0x000002ca   0x00000000   Code   RO         1785    .text               mc_p.l(iusefp.o)
    0x000002ca   0x000002ca   0x00000082   Code   RO         1786    .text               mf_p.l(fepilogue.o)
    0x0000034c   0x0000034c   0x00000164   Code   RO         1788    .text               mf_p.l(dadd.o)
    0x000004b0   0x000004b0   0x000000d0   Code   RO         1790    .text               mf_p.l(dmul.o)
    0x00000580   0x00000580   0x000000f0   Code   RO         1792    .text               mf_p.l(ddiv.o)
    0x00000670   0x00000670   0x00000040   Code   RO         1794    .text               mf_p.l(dfixul.o)
    0x000006b0   0x000006b0   0x00000028   Code   RO         1796    .text               mf_p.l(cdrcmple.o)
    0x000006d8   0x000006d8   0x00000024   Code   RO         1798    .text               mc_p.l(init.o)
    0x000006fc   0x000006fc   0x00000020   Code   RO         1800    .text               mc_p.l(llshl.o)
    0x0000071c   0x0000071c   0x00000022   Code   RO         1802    .text               mc_p.l(llushr.o)
    0x0000073e   0x0000073e   0x00000026   Code   RO         1804    .text               mc_p.l(llsshr.o)
    0x00000764   0x00000764   0x000000be   Code   RO         1844    .text               mf_p.l(depilogue.o)
    0x00000822   0x00000822   0x00000002   PAD
    0x00000824   0x00000824   0x0000017c   Code   RO          595    .text.AFIO_GPxConfig  ht32f5xxxx_gpio.o
    0x000009a0   0x000009a0   0x000000e4   Code   RO           99    .text.AM2320        main.o
    0x00000a84   0x00000a84   0x000000a8   Code   RO           12    .text.BFTM0_IRQHandler  ht32f5xxxx_01_it.o
    0x00000b2c   0x00000b2c   0x0000000e   Code   RO          340    .text.BFTM_ClearFlag  ht32f5xxxx_bftm.o
    0x00000b3a   0x00000b3a   0x00000012   Code   RO          324    .text.BFTM_EnaCmd   ht32f5xxxx_bftm.o
    0x00000b4c   0x00000b4c   0x00000008   Code   RO          338    .text.BFTM_GetFlagStatus  ht32f5xxxx_bftm.o
    0x00000b54   0x00000b54   0x00000010   Code   RO          336    .text.BFTM_IntConfig  ht32f5xxxx_bftm.o
    0x00000b64   0x00000b64   0x00000004   Code   RO          326    .text.BFTM_SetCompare  ht32f5xxxx_bftm.o
    0x00000b68   0x00000b68   0x00000004   Code   RO          330    .text.BFTM_SetCounter  ht32f5xxxx_bftm.o
    0x00000b6c   0x00000b6c   0x000000a0   Code   RO          380    .text.CKCU_GetPeripFrequency  ht32f5xxxx_ckcu.o
    0x00000c0c   0x00000c0c   0x00000038   Code   RO          406    .text.CKCU_PeripClockConfig  ht32f5xxxx_ckcu.o
    0x00000c44   0x00000c44   0x00000018   Code   RO          372    .text.CKCU_SetADCnPrescaler  ht32f5xxxx_ckcu.o
    0x00000c5c   0x00000c5c   0x00000440   Code   RO           73    .text.Find_DATA_1   main.o
    0x0000109c   0x0000109c   0x00000440   Code   RO           75    .text.Find_DATA_2   main.o
    0x000014dc   0x000014dc   0x00000014   Code   RO          561    .text.GPIO_DirectionConfig  ht32f5xxxx_gpio.o
    0x000014f0   0x000014f0   0x000000d6   Code   RO          567    .text.GPIO_DriveConfig  ht32f5xxxx_gpio.o
    0x000015c6   0x000015c6   0x00000032   Code   RO          563    .text.GPIO_PullResistorConfig  ht32f5xxxx_gpio.o
    0x000015f8   0x000015f8   0x00000010   Code   RO          583    .text.GPIO_WriteOutBits  ht32f5xxxx_gpio.o
    0x00001608   0x00001608   0x00000088   Code   RO         1292    .text.HT32F_DVB_LEDInit  ht32_board.o
    0x00001690   0x00001690   0x00000020   Code   RO            4    .text.HardFault_Handler  ht32f5xxxx_01_it.o
    0x000016b0   0x000016b0   0x00000010   Code   RO          629    .text.I2C_AckCmd    ht32f5xxxx_i2c.o
    0x000016c0   0x000016c0   0x0000000a   Code   RO          643    .text.I2C_CheckStatus  ht32f5xxxx_i2c.o
    0x000016ca   0x000016ca   0x00000004   Code   RO          645    .text.I2C_ClearFlag  ht32f5xxxx_i2c.o
    0x000016ce   0x000016ce   0x00000012   Code   RO          621    .text.I2C_Cmd       ht32f5xxxx_i2c.o
    0x000016e0   0x000016e0   0x0000000a   Code   RO          623    .text.I2C_GenerateSTOP  ht32f5xxxx_i2c.o
    0x000016ea   0x000016ea   0x00000002   PAD
    0x000016ec   0x000016ec   0x000000a0   Code   RO          617    .text.I2C_Init      ht32f5xxxx_i2c.o
    0x0000178c   0x0000178c   0x00000014   Code   RO          625    .text.I2C_IntConfig  ht32f5xxxx_i2c.o
    0x000017a0   0x000017a0   0x000000e4   Code   RO           93    .text.I2C_Read      main.o
    0x00001884   0x00001884   0x00000016   Code   RO          639    .text.I2C_ReadRegister  ht32f5xxxx_i2c.o
    0x0000189a   0x0000189a   0x00000006   Code   RO          637    .text.I2C_ReceiveData  ht32f5xxxx_i2c.o
    0x000018a0   0x000018a0   0x00000004   Code   RO          635    .text.I2C_SendData  ht32f5xxxx_i2c.o
    0x000018a4   0x000018a4   0x00000026   Code   RO          633    .text.I2C_TargetAddressConfig  ht32f5xxxx_i2c.o
    0x000018ca   0x000018ca   0x00000002   PAD
    0x000018cc   0x000018cc   0x00000088   Code   RO           89    .text.I2C_Wake      main.o
    0x00001954   0x00001954   0x000000f0   Code   RO           91    .text.I2C_Write     main.o
    0x00001a44   0x00001a44   0x000000a0   Code   RO           77    .text.LoRa_box      main.o
    0x00001ae4   0x00001ae4   0x000001a8   Code   RO           61    .text.LoRa_set      main.o
    0x00001c8c   0x00001c8c   0x00000118   Code   RO           67    .text.NB_IOT_SEND_ALL  main.o
    0x00001da4   0x00001da4   0x00000374   Code   RO           69    .text.NB_Iotset     main.o
    0x00002118   0x00002118   0x00000002   Code   RO            2    .text.NMI_Handler   ht32f5xxxx_01_it.o
    0x0000211a   0x0000211a   0x00000002   Code   RO            8    .text.PendSV_Handler  ht32f5xxxx_01_it.o
    0x0000211c   0x0000211c   0x00000002   Code   RO            6    .text.SVC_Handler   ht32f5xxxx_01_it.o
    0x0000211e   0x0000211e   0x00000008   Code   RO           10    .text.SysTick_Handler  ht32f5xxxx_01_it.o
    0x00002126   0x00002126   0x00000002   PAD
    0x00002128   0x00002128   0x000001c0   Code   RO          202    .text.SystemInit    system_ht32f5xxxx_01.o
    0x000022e8   0x000022e8   0x00000014   Code   RO           45    .text.TimingDelay   main.o
    0x000022fc   0x000022fc   0x00000044   Code   RO           18    .text.UART0_IRQHandler  ht32f5xxxx_01_it.o
    0x00002340   0x00002340   0x00000074   Code   RO           16    .text.USART0_IRQHandler  ht32f5xxxx_01_it.o
    0x000023b4   0x000023b4   0x0000004c   Code   RO           14    .text.USART1_IRQHandler  ht32f5xxxx_01_it.o
    0x00002400   0x00002400   0x0000000a   Code   RO         1078    .text.USART_GetFlagStatus  ht32f5xxxx_usart.o
    0x0000240a   0x0000240a   0x00000002   PAD
    0x0000240c   0x0000240c   0x0000007c   Code   RO         1070    .text.USART_Init    ht32f5xxxx_usart.o
    0x00002488   0x00002488   0x00000014   Code   RO         1084    .text.USART_IntConfig  ht32f5xxxx_usart.o
    0x0000249c   0x0000249c   0x00000006   Code   RO         1076    .text.USART_ReceiveData  ht32f5xxxx_usart.o
    0x000024a2   0x000024a2   0x00000004   Code   RO         1074    .text.USART_SendData  ht32f5xxxx_usart.o
    0x000024a6   0x000024a6   0x00000018   Code   RO         1086    .text.USART_TxRxCmd  ht32f5xxxx_usart.o
    0x000024be   0x000024be   0x00000002   PAD
    0x000024c0   0x000024c0   0x0000011c   Code   RO          111    .text.UxART_Configuration  main.o
    0x000025dc   0x000025dc   0x000000b8   Code   RO           97    .text.change_Hum_float_to_u8  main.o
    0x00002694   0x00002694   0x000000bc   Code   RO           95    .text.change_Tem_float_to_u8  main.o
    0x00002750   0x00002750   0x000000a0   Code   RO           85    .text.initGPIO      main.o
    0x000027f0   0x000027f0   0x000002d8   Code   RO          109    .text.main          main.o
    0x00002ac8   0x00002ac8   0x00000364   Code   RO           65    .text.mqtt_send_all  main.o
    0x00002e2c   0x00002e2c   0x00000028   Code   RO         1703    i.__0sprintf        mc_p.l(printfa.o)
    0x00002e54   0x00002e54   0x0000002e   Code   RO         1846    i.__ARM_clz         mf_p.l(depilogue.o)
    0x00002e82   0x00002e82   0x0000000e   Code   RO         1859    i.__scatterload_copy  mc_p.l(handlers.o)
    0x00002e90   0x00002e90   0x00000002   Code   RO         1860    i.__scatterload_null  mc_p.l(handlers.o)
    0x00002e92   0x00002e92   0x0000000e   Code   RO         1861    i.__scatterload_zeroinit  mc_p.l(handlers.o)
    0x00002ea0   0x00002ea0   0x00000174   Code   RO         1708    i._fp_digits        mc_p.l(printfa.o)
    0x00003014   0x00003014   0x000006ec   Code   RO         1709    i._printf_core      mc_p.l(printfa.o)
    0x00003700   0x00003700   0x00000020   Code   RO         1710    i._printf_post_padding  mc_p.l(printfa.o)
    0x00003720   0x00003720   0x0000002c   Code   RO         1711    i._printf_pre_padding  mc_p.l(printfa.o)
    0x0000374c   0x0000374c   0x0000000a   Code   RO         1713    i._sputc            mc_p.l(printfa.o)
    0x00003756   0x00003756   0x00000002   PAD
    0x00003758   0x00003758   0x00000018   Data   RO         1310    .rodata.GPIO_PORT   ht32_board.o
    0x00003770   0x00003770   0x00000003   Data   RO         1313    .rodata.LED_AFIO_MODE  ht32_board.o
    0x00003773   0x00003773   0x00000003   Data   RO         1311    .rodata.LED_GPIO_ID  ht32_board.o
    0x00003776   0x00003776   0x00000006   Data   RO         1312    .rodata.LED_GPIO_PIN  ht32_board.o
    0x0000377c   0x0000377c   0x00000008   Data   RO          168    .rodata.str1.1      main.o
    0x00003784   0x00003784   0x00000020   Data   RO         1858    Region$$Table       anon$$obj.o


    Execution Region ER_RW (Exec base: 0x20000000, Load base: 0x000037a4, Size: 0x000000e4, Max: 0xffffffff, ABSOLUTE)

    Exec Addr    Load Addr    Size         Type   Attr      Idx    E Section Name        Object

    0x20000000   0x000037a4   0x00000013   Data   RW          142    .data.LoRa_AddressSet  main.o
    0x20000013   0x000037b7   0x00000011   Data   RW          143    .data.LoRa_NetworkIDSet  main.o
    0x20000024   0x000037c8   0x00000018   Data   RW          144    .data.LoRa_ParameterSet  main.o
    0x2000003c   0x000037e0   0x00000004   Data   RW          206    .data.SystemCoreClock  system_ht32f5xxxx_01.o
    0x20000040   0x000037e4   0x00000001   Data   RW          162    .data.i             main.o
    0x20000041   0x000037e5   0x00000009   Data   RW          156    .data.mqtt_send_add  main.o
    0x2000004a   0x000037ee   0x0000000d   Data   RW          155    .data.mqtt_send_at  main.o
    0x20000057   0x000037fb   0x00000009   Data   RW          158    .data.mqtt_send_box1  main.o
    0x20000060   0x00003804   0x00000009   Data   RW          159    .data.mqtt_send_box2  main.o
    0x20000069   0x0000380d   0x00000003   Data   RW          160    .data.mqtt_send_end  main.o
    0x2000006c   0x00003810   0x00000008   Data   RW          157    .data.mqtt_send_first  main.o
    0x20000074   0x00003818   0x0000000f   Data   RW          149    .data.sim7020e_ACS  main.o
    0x20000083   0x00003827   0x0000002f   Data   RW          150    .data.sim7020e_con  main.o
    0x200000b2   0x00003856   0x00000021   Data   RW          151    .data.sim7020e_connect_client  main.o
    0x200000d3   0x00003877   0x0000000c   Data   RW          148    .data.sim7020e_run  main.o
    0x200000df   0x00003883   0x00000005   Data   RW          147    .data.sim7020e_test  main.o


    Execution Region ER_ZI (Exec base: 0x200000e8, Load base: 0x00003888, Size: 0x00000538, Max: 0xffffffff, ABSOLUTE)

    Exec Addr    Load Addr    Size         Type   Attr      Idx    E Section Name        Object

    0x200000e8        -       0x00000004   Zero   RW           24    .bss.BFTM_FLAG      ht32f5xxxx_01_it.o
    0x200000ec        -       0x00000080   Zero   RW          169    .bss.Box1_Data      main.o
    0x2000016c        -       0x00000080   Zero   RW          170    .bss.Box2_Data      main.o
    0x200001ec        -       0x00000004   Zero   RW          171    .bss.Data           main.o
    0x200001f0        -       0x00000004   Zero   RW           23    .bss.HardFault_Handler.gIsContinue  ht32f5xxxx_01_it.o
    0x200001f4        -       0x0000001e   Zero   RW          164    .bss.Hum_tempdata   main.o
    0x20000212   0x00003888   0x00000002   PAD
    0x20000214        -       0x00000004   Zero   RW           32    .bss.OK_flag        ht32f5xxxx_01_it.o
    0x20000218        -       0x00000004   Zero   RW           30    .bss.RXRD           ht32f5xxxx_01_it.o
    0x2000021c        -       0x00000064   Zero   RW           28    .bss.RXRD_BUF       ht32f5xxxx_01_it.o
    0x20000280        -       0x00000004   Zero   RW           20    .bss.RXRD_Index     ht32f5xxxx_01_it.o
    0x20000284        -       0x00000008   Zero   RW          172    .bss.T_H            main.o
    0x2000028c        -       0x0000001e   Zero   RW          163    .bss.Tem_tempdata   main.o
    0x200002aa        -       0x00000001   Zero   RW          137    .bss.all_len        main.o
    0x200002ab        -       0x00000001   Zero   RW          135    .bss.all_len1       main.o
    0x200002ac        -       0x00000001   Zero   RW          136    .bss.all_len2       main.o
    0x200002ad   0x00003888   0x00000003   PAD
    0x200002b0        -       0x00000004   Zero   RW          141    .bss.delaytime      main.o
    0x200002b4        -       0x00000064   Zero   RW           35    .bss.gps_BUF        ht32f5xxxx_01_it.o
    0x20000318        -       0x00000004   Zero   RW           22    .bss.gps_Index      ht32f5xxxx_01_it.o
    0x2000031c        -       0x00000004   Zero   RW           33    .bss.gps_RXRD       ht32f5xxxx_01_it.o
    0x20000320        -       0x00000001   Zero   RW           34    .bss.gps_data       ht32f5xxxx_01_it.o
    0x20000321   0x00003888   0x00000003   PAD
    0x20000324        -       0x00000004   Zero   RW          166    .bss.i2c_Hum_len    main.o
    0x20000328        -       0x00000004   Zero   RW          165    .bss.i2c_Tem_len    main.o
    0x2000032c        -       0x00000080   Zero   RW          167    .bss.len_data       main.o
    0x200003ac        -       0x00000064   Zero   RW           25    .bss.lora_BUF       ht32f5xxxx_01_it.o
    0x20000410        -       0x00000004   Zero   RW           21    .bss.lora_Index     ht32f5xxxx_01_it.o
    0x20000414        -       0x00000004   Zero   RW           27    .bss.lora_RXRD      ht32f5xxxx_01_it.o
    0x20000418        -       0x00000001   Zero   RW           26    .bss.lora_data      ht32f5xxxx_01_it.o
    0x20000419        -       0x00000001   Zero   RW           29    .bss.rx_data        ht32f5xxxx_01_it.o
    0x2000041a   0x00003888   0x00000002   PAD
    0x2000041c        -       0x00000004   Zero   RW           31    .bss.s              ht32f5xxxx_01_it.o
    0x20000420        -       0x00000200   Zero   RW          214    STACK               startup_ht32f5xxxx_01.o


==============================================================================

Image component sizes


      Code (inc. data)   RO Data    RW Data    ZI Data      Debug   Object Name

       136         16         36          0          0      12768   ht32_board.o
       474        112          0          0        343       2747   ht32f5xxxx_01_it.o
        64          0          0          0          0       4042   ht32f5xxxx_bftm.o
       240         28          0          0          0      16352   ht32f5xxxx_ckcu.o
       680          4          0          0          0      13757   ht32f5xxxx_gpio.o
       308          4          0          0          0       8763   ht32f5xxxx_i2c.o
       188         28          0          0          0       9693   ht32f5xxxx_usart.o
      7188        344          8        224        471      40831   main.o
       356        238          0          0        512        728   startup_ht32f5xxxx_01.o
       448         20          0          4          0       3032   system_ht32f5xxxx_01.o

    ----------------------------------------------------------------------
     10092        794         76        228       1336     112713   Object Totals
         0          0         32          0          0          0   (incl. Generated)
        10          0          0          0         10          0   (incl. Padding)

    ----------------------------------------------------------------------

      Code (inc. data)   RO Data    RW Data    ZI Data      Debug   Library Member Name

         0          0          0          0          0          0   entry.o
         0          0          0          0          0          0   entry10a.o
         0          0          0          0          0          0   entry11a.o
         8          4          0          0          0          0   entry2.o
         4          0          0          0          0          0   entry5.o
         0          0          0          0          0          0   entry7b.o
         0          0          0          0          0          0   entry8b.o
         8          4          0          0          0          0   entry9a.o
        30          0          0          0          0          0   handlers.o
        36          8          0          0          0         68   init.o
         0          0          0          0          0          0   iusefp.o
        32          0          0          0          0         68   llshl.o
        38          0          0          0          0         68   llsshr.o
        34          0          0          0          0         68   llushr.o
        36          0          0          0          0         60   memcpya.o
        36          0          0          0          0        100   memseta.o
      2270         94          0          0          0        472   printfa.o
        14          0          0          0          0         60   strlen.o
        40          0          0          0          0         72   strstr.o
        62          0          0          0          0         72   uidiv_div0.o
        96          0          0          0          0         84   uldiv.o
        40          2          0          0          0         68   cdrcmple.o
       356          4          0          0          0        140   dadd.o
       240          6          0          0          0         84   ddiv.o
       236          0          0          0          0        216   depilogue.o
        64         10          0          0          0         68   dfixul.o
       208          6          0          0          0         88   dmul.o
        40          0          0          0          0         60   f2d.o
       130          0          0          0          0        144   fepilogue.o
        14          0          0          0          0         68   ffltui.o

    ----------------------------------------------------------------------
      4076        138          0          0          0       2128   Library Totals
         4          0          0          0          0          0   (incl. Padding)

    ----------------------------------------------------------------------

      Code (inc. data)   RO Data    RW Data    ZI Data      Debug   Library Name

      2744        110          0          0          0       1192   mc_p.l
      1328         28          0          0          0        936   mf_p.l

    ----------------------------------------------------------------------
      4076        138          0          0          0       2128   Library Totals

    ----------------------------------------------------------------------

==============================================================================


      Code (inc. data)   RO Data    RW Data    ZI Data      Debug   

     14168        932         76        228       1336     113813   Grand Totals
     14168        932         76        228       1336     113813   ELF Image Totals
     14168        932         76        228          0          0   ROM Totals

==============================================================================

    Total RO  Size (Code + RO Data)                14244 (  13.91kB)
    Total RW  Size (RW Data + ZI Data)              1564 (   1.53kB)
    Total ROM Size (Code + RO Data + RW Data)      14472 (  14.13kB)

==============================================================================

