Component: ARM Compiler 5.06 update 7 (build 960) Tool: armlink [4d3601]

==============================================================================

Section Cross References

    startup_stm32f103xb.o(STACK) refers (Special) to heapauxi.o(.text) for __use_two_region_memory
    startup_stm32f103xb.o(HEAP) refers (Special) to heapauxi.o(.text) for __use_two_region_memory
    startup_stm32f103xb.o(RESET) refers (Special) to heapauxi.o(.text) for __use_two_region_memory
    startup_stm32f103xb.o(RESET) refers to startup_stm32f103xb.o(STACK) for __initial_sp
    startup_stm32f103xb.o(RESET) refers to startup_stm32f103xb.o(.text) for Reset_Handler
    startup_stm32f103xb.o(RESET) refers to stm32f1xx_it.o(i.NMI_Handler) for NMI_Handler
    startup_stm32f103xb.o(RESET) refers to stm32f1xx_it.o(i.HardFault_Handler) for HardFault_Handler
    startup_stm32f103xb.o(RESET) refers to stm32f1xx_it.o(i.MemManage_Handler) for MemManage_Handler
    startup_stm32f103xb.o(RESET) refers to stm32f1xx_it.o(i.BusFault_Handler) for BusFault_Handler
    startup_stm32f103xb.o(RESET) refers to stm32f1xx_it.o(i.UsageFault_Handler) for UsageFault_Handler
    startup_stm32f103xb.o(RESET) refers to port.o(.emb_text) for SVC_Handler
    startup_stm32f103xb.o(RESET) refers to stm32f1xx_it.o(i.DebugMon_Handler) for DebugMon_Handler
    startup_stm32f103xb.o(RESET) refers to port.o(i.SysTick_Handler) for SysTick_Handler
    startup_stm32f103xb.o(RESET) refers to stm32f1xx_it.o(i.TIM1_UP_IRQHandler) for TIM1_UP_IRQHandler
    startup_stm32f103xb.o(RESET) refers to stm32f1xx_it.o(i.USART1_IRQHandler) for USART1_IRQHandler
    startup_stm32f103xb.o(RESET) refers to stm32f1xx_it.o(i.USART2_IRQHandler) for USART2_IRQHandler
    startup_stm32f103xb.o(.text) refers (Special) to heapauxi.o(.text) for __use_two_region_memory
    startup_stm32f103xb.o(.text) refers to system_stm32f1xx.o(i.SystemInit) for SystemInit
    startup_stm32f103xb.o(.text) refers to __main.o(!!!main) for __main
    startup_stm32f103xb.o(.text) refers to startup_stm32f103xb.o(HEAP) for Heap_Mem
    startup_stm32f103xb.o(.text) refers to startup_stm32f103xb.o(STACK) for Stack_Mem
    rc522.o(i.MFRC_CalulateCRC) refers to rc522.o(i.MFRC_ClrBitMask) for MFRC_ClrBitMask
    rc522.o(i.MFRC_CalulateCRC) refers to rc522.o(i.MFRC_WriteReg) for MFRC_WriteReg
    rc522.o(i.MFRC_CalulateCRC) refers to rc522.o(i.MFRC_SetBitMask) for MFRC_SetBitMask
    rc522.o(i.MFRC_CalulateCRC) refers to rc522.o(i.MFRC_ReadReg) for MFRC_ReadReg
    rc522.o(i.MFRC_ClrBitMask) refers to rc522.o(i.MFRC_ReadReg) for MFRC_ReadReg
    rc522.o(i.MFRC_ClrBitMask) refers to rc522.o(i.MFRC_WriteReg) for MFRC_WriteReg
    rc522.o(i.MFRC_CmdFrame) refers to rc522.o(i.MFRC_WriteReg) for MFRC_WriteReg
    rc522.o(i.MFRC_CmdFrame) refers to rc522.o(i.MFRC_ClrBitMask) for MFRC_ClrBitMask
    rc522.o(i.MFRC_CmdFrame) refers to rc522.o(i.MFRC_SetBitMask) for MFRC_SetBitMask
    rc522.o(i.MFRC_CmdFrame) refers to rc522.o(i.MFRC_ReadReg) for MFRC_ReadReg
    rc522.o(i.MFRC_Init) refers to stm32f1xx_hal_gpio.o(i.HAL_GPIO_WritePin) for HAL_GPIO_WritePin
    rc522.o(i.MFRC_ReadReg) refers to stm32f1xx_hal_gpio.o(i.HAL_GPIO_WritePin) for HAL_GPIO_WritePin
    rc522.o(i.MFRC_ReadReg) refers to rc522.o(i.SPI2_RW_Byte) for SPI2_RW_Byte
    rc522.o(i.MFRC_SetBitMask) refers to rc522.o(i.MFRC_ReadReg) for MFRC_ReadReg
    rc522.o(i.MFRC_SetBitMask) refers to rc522.o(i.MFRC_WriteReg) for MFRC_WriteReg
    rc522.o(i.MFRC_WriteReg) refers to stm32f1xx_hal_gpio.o(i.HAL_GPIO_WritePin) for HAL_GPIO_WritePin
    rc522.o(i.MFRC_WriteReg) refers to rc522.o(i.SPI2_RW_Byte) for SPI2_RW_Byte
    rc522.o(i.PCD_AntennaOff) refers to rc522.o(i.MFRC_ClrBitMask) for MFRC_ClrBitMask
    rc522.o(i.PCD_AntennaOn) refers to rc522.o(i.MFRC_ReadReg) for MFRC_ReadReg
    rc522.o(i.PCD_AntennaOn) refers to rc522.o(i.MFRC_SetBitMask) for MFRC_SetBitMask
    rc522.o(i.PCD_Anticoll) refers to rc522.o(i.MFRC_ClrBitMask) for MFRC_ClrBitMask
    rc522.o(i.PCD_Anticoll) refers to rc522.o(i.MFRC_WriteReg) for MFRC_WriteReg
    rc522.o(i.PCD_Anticoll) refers to rc522.o(i.MFRC_CmdFrame) for MFRC_CmdFrame
    rc522.o(i.PCD_Anticoll) refers to rc522.o(i.MFRC_SetBitMask) for MFRC_SetBitMask
    rc522.o(i.PCD_AuthState) refers to rc522.o(i.MFRC_CmdFrame) for MFRC_CmdFrame
    rc522.o(i.PCD_AuthState) refers to rc522.o(i.MFRC_ReadReg) for MFRC_ReadReg
    rc522.o(i.PCD_BakValue) refers to rc522.o(i.MFRC_CalulateCRC) for MFRC_CalulateCRC
    rc522.o(i.PCD_BakValue) refers to rc522.o(i.MFRC_CmdFrame) for MFRC_CmdFrame
    rc522.o(i.PCD_Halt) refers to rc522.o(i.MFRC_CalulateCRC) for MFRC_CalulateCRC
    rc522.o(i.PCD_Halt) refers to rc522.o(i.MFRC_CmdFrame) for MFRC_CmdFrame
    rc522.o(i.PCD_Init) refers to rc522.o(i.MFRC_Init) for MFRC_Init
    rc522.o(i.PCD_Init) refers to rc522.o(i.PCD_Reset) for PCD_Reset
    rc522.o(i.PCD_Init) refers to rc522.o(i.PCD_AntennaOff) for PCD_AntennaOff
    rc522.o(i.PCD_Init) refers to rc522.o(i.PCD_AntennaOn) for PCD_AntennaOn
[...]
    _fp_trap_init                             - Undefined Weak Reference
    _fp_trap_shutdown                         - Undefined Weak Reference
    _get_lc_collate                           - Undefined Weak Reference
    _get_lc_monetary                          - Undefined Weak Reference
    _get_lc_time                              - Undefined Weak Reference
    _getenv_init                              - Undefined Weak Reference
    _handle_redirection                       - Undefined Weak Reference
    _init_alloc                               - Undefined Weak Reference
    _init_user_alloc                          - Undefined Weak Reference
    _initio                                   - Undefined Weak Reference
    _printf_post_padding                      - Undefined Weak Reference
    _printf_pre_padding                       - Undefined Weak Reference
    _printf_truncate_signed                   - Undefined Weak Reference
    _printf_truncate_unsigned                 - Undefined Weak Reference
    _rand_init                                - Undefined Weak Reference
    _signal_finish                            - Undefined Weak Reference
    _signal_init                              - Undefined Weak Reference
    _terminate_alloc                          - Undefined Weak Reference
    _terminate_user_alloc                     - Undefined Weak Reference
    _terminateio                              - Undefined Weak Reference
    __Vectors_Size                           0x000000ec   Number         0  startup_stm32f103xb.o ABSOLUTE
    __Vectors                                0x08000000   Data           4  startup_stm32f103xb.o(RESET)
    __Vectors_End                            0x080000ec   Data           0  startup_stm32f103xb.o(RESET)
    __main                                   0x080000ed   Thumb Code     8  __main.o(!!!main)
    __scatterload                            0x080000f5   Thumb Code     0  __scatter.o(!!!scatter)
    __scatterload_rt2                        0x080000f5   Thumb Code    44  __scatter.o(!!!scatter)
    __scatterload_rt2_thumb_only             0x080000f5   Thumb Code     0  __scatter.o(!!!scatter)
    __scatterload_null                       0x08000103   Thumb Code     0  __scatter.o(!!!scatter)
    __decompress                             0x08000129   Thumb Code    90  __dczerorl2.o(!!dczerorl2)
    __decompress1                            0x08000129   Thumb Code     0  __dczerorl2.o(!!dczerorl2)
    __scatterload_zeroinit                   0x08000185   Thumb Code    28  __scatter_zi.o(!!handler_zi)
    _printf_d                                0x080001a1   Thumb Code     0  _printf_d.o(.ARM.Collect$$_printf_percent$$00000009)
    _printf_percent                          0x080001a1   Thumb Code     0  _printf_percent.o(.ARM.Collect$$_printf_percent$$00000000)
    _printf_percent_end                      0x080001a7   Thumb Code     0  _printf_percent_end.o(.ARM.Collect$$_printf_percent$$00000017)
    __rt_lib_init                            0x080001ab   Thumb Code     0  libinit.o(.ARM.Collect$$libinit$$00000000)
    __rt_lib_init_fp_1                       0x080001ad   Thumb Code     0  libinit2.o(.ARM.Collect$$libinit$$00000002)
    __rt_lib_init_heap_1                     0x080001ad   Thumb Code     0  libinit2.o(.ARM.Collect$$libinit$$0000000A)
    __rt_lib_init_lc_common                  0x080001ad   Thumb Code     0  libinit2.o(.ARM.Collect$$libinit$$0000000F)
    __rt_lib_init_preinit_1                  0x080001ad   Thumb Code     0  libinit2.o(.ARM.Collect$$libinit$$00000004)
    __rt_lib_init_rand_1                     0x080001ad   Thumb Code     0  libinit2.o(.ARM.Collect$$libinit$$0000000E)
    __rt_lib_init_user_alloc_1               0x080001ad   Thumb Code     0  libinit2.o(.ARM.Collect$$libinit$$0000000C)
    __rt_lib_init_lc_collate_1               0x080001b3   Thumb Code     0  libinit2.o(.ARM.Collect$$libinit$$00000011)
    __rt_lib_init_lc_ctype_2                 0x080001b3   Thumb Code     0  libinit2.o(.ARM.Collect$$libinit$$00000012)
    __rt_lib_init_lc_ctype_1                 0x080001bf   Thumb Code     0  libinit2.o(.ARM.Collect$$libinit$$00000013)
    __rt_lib_init_lc_monetary_1              0x080001bf   Thumb Code     0  libinit2.o(.ARM.Collect$$libinit$$00000015)
    __rt_lib_init_lc_numeric_2               0x080001bf   Thumb Code     0  libinit2.o(.ARM.Collect$$libinit$$00000016)
    __rt_lib_init_alloca_1                   0x080001c9   Thumb Code     0  libinit2.o(.ARM.Collect$$libinit$$0000002E)
    __rt_lib_init_argv_1                     0x080001c9   Thumb Code     0  libinit2.o(.ARM.Collect$$libinit$$0000002C)
    __rt_lib_init_atexit_1                   0x080001c9   Thumb Code     0  libinit2.o(.ARM.Collect$$libinit$$0000001B)
    __rt_lib_init_clock_1                    0x080001c9   Thumb Code     0  libinit2.o(.ARM.Collect$$libinit$$00000021)
    __rt_lib_init_cpp_1                      0x080001c9   Thumb Code     0  libinit2.o(.ARM.Collect$$libinit$$00000032)
    __rt_lib_init_exceptions_1               0x080001c9   Thumb Code     0  libinit2.o(.ARM.Collect$$libinit$$00000030)
    __rt_lib_init_fp_trap_1                  0x080001c9   Thumb Code     0  libinit2.o(.ARM.Collect$$libinit$$0000001F)
    __rt_lib_init_getenv_1                   0x080001c9   Thumb Code     0  libinit2.o(.ARM.Collect$$libinit$$00000023)
    __rt_lib_init_lc_numeric_1               0x080001c9   Thumb Code     0  libinit2.o(.ARM.Collect$$libinit$$00000017)
    __rt_lib_init_lc_time_1                  0x080001c9   Thumb Code     0  libinit2.o(.ARM.Collect$$libinit$$00000019)
    __rt_lib_init_return                     0x080001c9   Thumb Code     0  libinit2.o(.ARM.Collect$$libinit$$00000033)
    __rt_lib_init_signal_1                   0x080001c9   Thumb Code     0  libinit2.o(.ARM.Collect$$libinit$$0000001D)
    __rt_lib_init_stdio_1                    0x080001c9   Thumb Code     0  libinit2.o(.ARM.Collect$$libinit$$00000025)
    __rt_lib_shutdown                        0x080001cb   Thumb Code     0  libshutdown.o(.ARM.Collect$$libshutdown$$00000000)
    __rt_lib_shutdown_cpp_1                  0x080001cd   Thumb Code     0  libshutdown2.o(.ARM.Collect$$libshutdown$$00000004)
    __rt_lib_shutdown_fini_1                 0x080001cd   Thumb Code     0  libshutdown2.o(.ARM.Collect$$libshutdown$$00000002)
    __rt_lib_shutdown_fp_trap_1              0x080001cd   Thumb Code     0  libshutdown2.o(.ARM.Collect$$libshutdown$$00000009)
    __rt_lib_shutdown_heap_1                 0x080001cd   Thumb Code     0  libshutdown2.o(.ARM.Collect$$libshutdown$$00000011)
    __rt_lib_shutdown_return                 0x080001cd   Thumb Code     0  libshutdown2.o(.ARM.Collect$$libshutdown$$00000012)
    __rt_lib_shutdown_signal_1               0x080001cd   Thumb Code     0  libshutdown2.o(.ARM.Collect$$libshutdown$$0000000C)
    __rt_lib_shutdown_stdio_1                0x080001cd   Thumb Code     0  libshutdown2.o(.ARM.Collect$$libshutdown$$00000006)
    __rt_lib_shutdown_user_alloc_1           0x080001cd   Thumb Code     0  libshutdown2.o(.ARM.Collect$$libshutdown$$0000000E)
    __rt_entry                               0x080001cf   Thumb Code     0  __rtentry.o(.ARM.Collect$$rtentry$$00000000)
    __rt_entry_presh_1                       0x080001cf   Thumb Code     0  __rtentry2.o(.ARM.Collect$$rtentry$$00000002)
    __rt_entry_sh                            0x080001cf   Thumb Code     0  __rtentry4.o(.ARM.Collect$$rtentry$$00000004)
    __rt_entry_li                            0x080001d5   Thumb Code     0  __rtentry2.o(.ARM.Collect$$rtentry$$0000000A)
    __rt_entry_postsh_1                      0x080001d5   Thumb Code     0  __rtentry2.o(.ARM.Collect$$rtentry$$00000009)
    __rt_entry_main                          0x080001d9   Thumb Code     0  __rtentry2.o(.ARM.Collect$$rtentry$$0000000D)
    __rt_entry_postli_1                      0x080001d9   Thumb Code     0  __rtentry2.o(.ARM.Collect$$rtentry$$0000000C)
    __rt_exit                                0x080001e1   Thumb Code     0  rtexit.o(.ARM.Collect$$rtexit$$00000000)
    __rt_exit_ls                             0x080001e3   Thumb Code     0  rtexit2.o(.ARM.Collect$$rtexit$$00000003)
    __rt_exit_prels_1                        0x080001e3   Thumb Code     0  rtexit2.o(.ARM.Collect$$rtexit$$00000002)
    __rt_exit_exit                           0x080001e7   Thumb Code     0  rtexit2.o(.ARM.Collect$$rtexit$$00000004)
    SVC_Handler                              0x080001ed   Thumb Code    32  port.o(.emb_text)
    __asm___6_port_c_39a90d8d__prvStartFirstTask 0x08000211   Thumb Code    28  port.o(.emb_text)
    PendSV_Handler                           0x08000231   Thumb Code    72  port.o(.emb_text)
    vPortGetIPSR                             0x0800027d   Thumb Code     6  port.o(.emb_text)
    Reset_Handler                            0x08000285   Thumb Code     8  startup_stm32f103xb.o(.text)
    ADC1_2_IRQHandler                        0x0800029f   Thumb Code     0  startup_stm32f103xb.o(.text)
    CAN1_RX1_IRQHandler                      0x0800029f   Thumb Code     0  startup_stm32f103xb.o(.text)
    CAN1_SCE_IRQHandler                      0x0800029f   Thumb Code     0  startup_stm32f103xb.o(.text)
    DMA1_Channel1_IRQHandler                 0x0800029f   Thumb Code     0  startup_stm32f103xb.o(.text)
    DMA1_Channel2_IRQHandler                 0x0800029f   Thumb Code     0  startup_stm32f103xb.o(.text)
    DMA1_Channel3_IRQHandler                 0x0800029f   Thumb Code     0  startup_stm32f103xb.o(.text)
    DMA1_Channel4_IRQHandler                 0x0800029f   Thumb Code     0  startup_stm32f103xb.o(.text)
    DMA1_Channel5_IRQHandler                 0x0800029f   Thumb Code     0  startup_stm32f103xb.o(.text)
    DMA1_Channel6_IRQHandler                 0x0800029f   Thumb Code     0  startup_stm32f103xb.o(.text)
    DMA1_Channel7_IRQHandler                 0x0800029f   Thumb Code     0  startup_stm32f103xb.o(.text)
    EXTI0_IRQHandler                         0x0800029f   Thumb Code     0  startup_stm32f103xb.o(.text)
    EXTI15_10_IRQHandler                     0x0800029f   Thumb Code     0  startup_stm32f103xb.o(.text)
    EXTI1_IRQHandler                         0x0800029f   Thumb Code     0  startup_stm32f103xb.o(.text)
    EXTI2_IRQHandler                         0x0800029f   Thumb Code     0  startup_stm32f103xb.o(.text)
    EXTI3_IRQHandler                         0x0800029f   Thumb Code     0  startup_stm32f103xb.o(.text)
    EXTI4_IRQHandler                         0x0800029f   Thumb Code     0  startup_stm32f103xb.o(.text)
    EXTI9_5_IRQHandler                       0x0800029f   Thumb Code     0  startup_stm32f103xb.o(.text)
    FLASH_IRQHandler                         0x0800029f   Thumb Code     0  startup_stm32f103xb.o(.text)
    I2C1_ER_IRQHandler                       0x0800029f   Thumb Code     0  startup_stm32f103xb.o(.text)
    I2C1_EV_IRQHandler                       0x0800029f   Thumb Code     0  startup_stm32f103xb.o(.text)
    I2C2_ER_IRQHandler                       0x0800029f   Thumb Code     0  startup_stm32f103xb.o(.text)
    I2C2_EV_IRQHandler                       0x0800029f   Thumb Code     0  startup_stm32f103xb.o(.text)
    PVD_IRQHandler                           0x0800029f   Thumb Code     0  startup_stm32f103xb.o(.text)
    RCC_IRQHandler                           0x0800029f   Thumb Code     0  startup_stm32f103xb.o(.text)
    RTC_Alarm_IRQHandler                     0x0800029f   Thumb Code     0  startup_stm32f103xb.o(.text)
    RTC_IRQHandler                           0x0800029f   Thumb Code     0  startup_stm32f103xb.o(.text)
    SPI1_IRQHandler                          0x0800029f   Thumb Code     0  startup_stm32f103xb.o(.text)
    SPI2_IRQHandler                          0x0800029f   Thumb Code     0  startup_stm32f103xb.o(.text)
    TAMPER_IRQHandler                        0x0800029f   Thumb Code     0  startup_stm32f103xb.o(.text)
    TIM1_BRK_IRQHandler                      0x0800029f   Thumb Code     0  startup_stm32f103xb.o(.text)
    TIM1_CC_IRQHandler                       0x0800029f   Thumb Code     0  startup_stm32f103xb.o(.text)
    TIM1_TRG_COM_IRQHandler                  0x0800029f   Thumb Code     0  startup_stm32f103xb.o(.text)
    TIM2_IRQHandler                          0x0800029f   Thumb Code     0  startup_stm32f103xb.o(.text)
    TIM3_IRQHandler                          0x0800029f   Thumb Code     0  startup_stm32f103xb.o(.text)
    TIM4_IRQHandler                          0x0800029f   Thumb Code     0  startup_stm32f103xb.o(.text)
    USART3_IRQHandler                        0x0800029f   Thumb Code     0  startup_stm32f103xb.o(.text)
    USBWakeUp_IRQHandler                     0x0800029f   Thumb Code     0  startup_stm32f103xb.o(.text)
    USB_HP_CAN1_TX_IRQHandler                0x0800029f   Thumb Code     0  startup_stm32f103xb.o(.text)
    USB_LP_CAN1_RX0_IRQHandler               0x0800029f   Thumb Code     0  startup_stm32f103xb.o(.text)
    WWDG_IRQHandler                          0x0800029f   Thumb Code     0  startup_stm32f103xb.o(.text)
    __user_initial_stackheap                 0x080002a1   Thumb Code     0  startup_stm32f103xb.o(.text)
    __2sprintf                               0x080002c5   Thumb Code    34  noretval__2sprintf.o(.text)
    __printf                                 0x080002ed   Thumb Code   104  __printf.o(.text)
    _printf_int_dec                          0x08000355   Thumb Code   104  _printf_dec.o(.text)
    strncat                                  0x080003cd   Thumb Code    36  strncat.o(.text)
    strstr                                   0x080003f1   Thumb Code    36  strstr.o(.text)
    strlen                                   0x08000415   Thumb Code    62  strlen.o(.text)
    __aeabi_memcpy4                          0x08000453   Thumb Code     0  rt_memcpy_w.o(.text)
    __aeabi_memcpy8                          0x08000453   Thumb Code     0  rt_memcpy_w.o(.text)
    __rt_memcpy_w                            0x08000453   Thumb Code   100  rt_memcpy_w.o(.text)
    _memcpy_lastbytes_aligned                0x0800049b   Thumb Code     0  rt_memcpy_w.o(.text)
    __aeabi_memclr4                          0x080004b7   Thumb Code     0  rt_memclr_w.o(.text)
    __aeabi_memclr8                          0x080004b7   Thumb Code     0  rt_memclr_w.o(.text)
    __rt_memclr_w                            0x080004b7   Thumb Code    78  rt_memclr_w.o(.text)
    _memset_w                                0x080004bb   Thumb Code     0  rt_memclr_w.o(.text)
    __use_two_region_memory                  0x08000505   Thumb Code     2  heapauxi.o(.text)
    __rt_heap_escrow$2region                 0x08000507   Thumb Code     2  heapauxi.o(.text)
    __rt_heap_expand$2region                 0x08000509   Thumb Code     2  heapauxi.o(.text)
    __read_errno                             0x0800050b   Thumb Code    10  _rserrno.o(.text)
    __set_errno                              0x08000515   Thumb Code    12  _rserrno.o(.text)
    _printf_int_common                       0x08000521   Thumb Code   178  _printf_intcommon.o(.text)
    _printf_char_common                      0x080005df   Thumb Code    32  _printf_char_common.o(.text)
    _sputc                                   0x08000605   Thumb Code    10  _sputc.o(.text)
    __strtod_int                             0x0800064d   Thumb Code    90  strtod.o(.text)
    __aeabi_errno_addr                       0x080006b5   Thumb Code     8  rt_errno_addr_intlibspace.o(.text)
    __errno$intlibspace                      0x080006b5   Thumb Code     0  rt_errno_addr_intlibspace.o(.text)
    __rt_errno_addr$intlibspace              0x080006b5   Thumb Code     0  rt_errno_addr_intlibspace.o(.text)
    isspace                                  0x080006bd   Thumb Code    18  isspace.o(.text)
    _sgetc                                   0x080006cf   Thumb Code    30  _sgetc.o(.text)
    _sbackspace                              0x080006ed   Thumb Code    34  _sgetc.o(.text)
    __user_libspace                          0x08000711   Thumb Code     8  libspace.o(.text)
    __user_perproc_libspace                  0x08000711   Thumb Code     0  libspace.o(.text)
    __user_perthread_libspace                0x08000711   Thumb Code     0  libspace.o(.text)
    __user_setup_stackheap                   0x08000719   Thumb Code    74  sys_stackheap_outer.o(.text)
    __rt_ctype_table                         0x08000765   Thumb Code    16  rt_ctype_table.o(.text)
    _scanf_really_real                       0x080009c1   Thumb Code   684  scanf_fp.o(.text)
    exit                                     0x08000c6d   Thumb Code    18  exit.o(.text)
    strcmp                                   0x08000c81   Thumb Code   128  strcmpv7m.o(.text)
    __rt_locale                              0x08000d01   Thumb Code     8  rt_locale_intlibspace.o(.text)
    _btod_etento                             0x08000d09   Thumb Code   224  bigflt0.o(.text)
    _scanf_really_hex_real                   0x08000ded   Thumb Code   786  scanf_hexfp.o(.text)
    _scanf_really_infnan                     0x0800110d   Thumb Code   292  scanf_infnan.o(.text)
    _sys_exit                                0x08001241   Thumb Code     8  sys_exit.o(.text)
    __aeabi_llsl                             0x0800124d   Thumb Code     0  llshl.o(.text)
    _ll_shift_l                              0x0800124d   Thumb Code    38  llshl.o(.text)
    _chval                                   0x08001273   Thumb Code    28  _chval.o(.text)
    __I$use$semihosting                      0x0800128f   Thumb Code     0  use_no_semi.o(.text)
    __use_no_semihosting_swi                 0x0800128f   Thumb Code     2  use_no_semi.o(.text)
    __btod_div_common                        0x08001291   Thumb Code   696  btod.o(CL$$btod_div_common)
    __semihosting_library_function           0x08001291   Thumb Code     0  indicate_semi.o(.text)
    _e2d                                     0x080015c9   Thumb Code   122  btod.o(CL$$btod_e2d)
    _e2e                                     0x0800164d   Thumb Code   220  btod.o(CL$$btod_e2e)
    _btod_ediv                               0x08001729   Thumb Code    42  btod.o(CL$$btod_ediv)
    _btod_edivd                              0x08001753   Thumb Code    42  btod.o(CL$$btod_edivd)
    _btod_emul                               0x0800177d   Thumb Code    42  btod.o(CL$$btod_emul)
    _btod_emuld                              0x080017a7   Thumb Code    42  btod.o(CL$$btod_emuld)
    __btod_mult_common                       0x080017d1   Thumb Code   580  btod.o(CL$$btod_mult_common)
    BusFault_Handler                         0x08001a15   Thumb Code     2  stm32f1xx_it.o(i.BusFault_Handler)
    DEV_SPI_WriteByte                        0x08001a19   Thumb Code    18  epaper.o(i.DEV_SPI_WriteByte)
    DIP_read                                 0x08001a31   Thumb Code   328  freertos.o(i.DIP_read)
    DebugMon_Handler                         0x08001b89   Thumb Code     2  stm32f1xx_it.o(i.DebugMon_Handler)
    EPD_2IN9_V2_Clear                        0x08001b8b   Thumb Code    36  epaper.o(i.EPD_2IN9_V2_Clear)
    EPD_2IN9_V2_Init                         0x08001bb1   Thumb Code   116  epaper.o(i.EPD_2IN9_V2_Init)
    EPD_2IN9_V2_LUT                          0x08001c29   Thumb Code    34  epaper.o(i.EPD_2IN9_V2_LUT)
    EPD_2IN9_V2_LUT_by_host                  0x08001c4b   Thumb Code    74  epaper.o(i.EPD_2IN9_V2_LUT_by_host)
    EPD_2IN9_V2_ReadBusy                     0x08001c95   Thumb Code    38  epaper.o(i.EPD_2IN9_V2_ReadBusy)
    EPD_2IN9_V2_Reset                        0x08001cc1   Thumb Code    56  epaper.o(i.EPD_2IN9_V2_Reset)
    EPD_2IN9_V2_SendCommand                  0x08001cfd   Thumb Code    46  epaper.o(i.EPD_2IN9_V2_SendCommand)
    EPD_2IN9_V2_SendData                     0x08001d31   Thumb Code    46  epaper.o(i.EPD_2IN9_V2_SendData)
    EPD_2IN9_V2_SetCursor                    0x08001d65   Thumb Code    40  epaper.o(i.EPD_2IN9_V2_SetCursor)
    EPD_2IN9_V2_SetWindows                   0x08001d8d   Thumb Code    68  epaper.o(i.EPD_2IN9_V2_SetWindows)
    EPD_2IN9_V2_Sleep                        0x08001dd1   Thumb Code    24  epaper.o(i.EPD_2IN9_V2_Sleep)
    EPD_2IN9_V2_TurnOnDisplay                0x08001de9   Thumb Code    28  epaper.o(i.EPD_2IN9_V2_TurnOnDisplay)
    Error_Handler                            0x08001e05   Thumb Code     4  main.o(i.Error_Handler)
    HAL_DMA_Abort                            0x08001e09   Thumb Code    70  stm32f1xx_hal_dma.o(i.HAL_DMA_Abort)
    HAL_DMA_Abort_IT                         0x08001e51   Thumb Code   148  stm32f1xx_hal_dma.o(i.HAL_DMA_Abort_IT)
    HAL_Delay                                0x08001ee9   Thumb Code    32  stm32f1xx_hal.o(i.HAL_Delay)
    HAL_GPIO_Init                            0x08001f0d   Thumb Code   446  stm32f1xx_hal_gpio.o(i.HAL_GPIO_Init)
    HAL_GPIO_ReadPin                         0x080020ed   Thumb Code    10  stm32f1xx_hal_gpio.o(i.HAL_GPIO_ReadPin)
    HAL_GPIO_WritePin                        0x080020f7   Thumb Code    10  stm32f1xx_hal_gpio.o(i.HAL_GPIO_WritePin)
    HAL_GetTick                              0x08002101   Thumb Code     6  stm32f1xx_hal.o(i.HAL_GetTick)
    HAL_IncTick                              0x0800210d   Thumb Code    12  stm32f1xx_hal.o(i.HAL_IncTick)
    HAL_Init                                 0x0800211d   Thumb Code    32  stm32f1xx_hal.o(i.HAL_Init)
    HAL_InitTick                             0x08002141   Thumb Code   118  stm32f1xx_hal_timebase_tim.o(i.HAL_InitTick)
    HAL_MspInit                              0x080021cd   Thumb Code    62  stm32f1xx_hal_msp.o(i.HAL_MspInit)
    HAL_NVIC_EnableIRQ                       0x08002215   Thumb Code    26  stm32f1xx_hal_cortex.o(i.HAL_NVIC_EnableIRQ)
    HAL_NVIC_SetPriority                     0x08002231   Thumb Code    60  stm32f1xx_hal_cortex.o(i.HAL_NVIC_SetPriority)
    HAL_NVIC_SetPriorityGrouping             0x08002271   Thumb Code    26  stm32f1xx_hal_cortex.o(i.HAL_NVIC_SetPriorityGrouping)
    HAL_RCC_ClockConfig                      0x08002295   Thumb Code   280  stm32f1xx_hal_rcc.o(i.HAL_RCC_ClockConfig)
    HAL_RCC_GetClockConfig                   0x080023c1   Thumb Code    54  stm32f1xx_hal_rcc.o(i.HAL_RCC_GetClockConfig)
    HAL_RCC_GetPCLK1Freq                     0x08002401   Thumb Code    20  stm32f1xx_hal_rcc.o(i.HAL_RCC_GetPCLK1Freq)
    HAL_RCC_GetPCLK2Freq                     0x08002421   Thumb Code    20  stm32f1xx_hal_rcc.o(i.HAL_RCC_GetPCLK2Freq)
    HAL_RCC_GetSysClockFreq                  0x08002441   Thumb Code    58  stm32f1xx_hal_rcc.o(i.HAL_RCC_GetSysClockFreq)
    HAL_RCC_OscConfig                        0x0800248d   Thumb Code   778  stm32f1xx_hal_rcc.o(i.HAL_RCC_OscConfig)
    HAL_SPI_Init                             0x080027ad   Thumb Code   178  stm32f1xx_hal_spi.o(i.HAL_SPI_Init)
    HAL_SPI_MspInit                          0x08002861   Thumb Code   154  spi.o(i.HAL_SPI_MspInit)
    HAL_SPI_Transmit                         0x08002911   Thumb Code   366  stm32f1xx_hal_spi.o(i.HAL_SPI_Transmit)
    HAL_SPI_TransmitReceive                  0x08002a7f   Thumb Code   494  stm32f1xx_hal_spi.o(i.HAL_SPI_TransmitReceive)
    HAL_TIMEx_BreakCallback                  0x08002c6d   Thumb Code     2  stm32f1xx_hal_tim_ex.o(i.HAL_TIMEx_BreakCallback)
    HAL_TIMEx_CommutCallback                 0x08002c6f   Thumb Code     2  stm32f1xx_hal_tim_ex.o(i.HAL_TIMEx_CommutCallback)
    HAL_TIM_Base_Init                        0x08002c71   Thumb Code    90  stm32f1xx_hal_tim.o(i.HAL_TIM_Base_Init)
    HAL_TIM_Base_MspInit                     0x08002ccb   Thumb Code     2  stm32f1xx_hal_tim.o(i.HAL_TIM_Base_MspInit)
    HAL_TIM_Base_Start_IT                    0x08002ccd   Thumb Code    76  stm32f1xx_hal_tim.o(i.HAL_TIM_Base_Start_IT)
    HAL_TIM_IC_CaptureCallback               0x08002d25   Thumb Code     2  stm32f1xx_hal_tim.o(i.HAL_TIM_IC_CaptureCallback)
    HAL_TIM_IRQHandler                       0x08002d27   Thumb Code   358  stm32f1xx_hal_tim.o(i.HAL_TIM_IRQHandler)
    HAL_TIM_OC_DelayElapsedCallback          0x08002e8d   Thumb Code     2  stm32f1xx_hal_tim.o(i.HAL_TIM_OC_DelayElapsedCallback)
    HAL_TIM_PWM_PulseFinishedCallback        0x08002e8f   Thumb Code     2  stm32f1xx_hal_tim.o(i.HAL_TIM_PWM_PulseFinishedCallback)
    HAL_TIM_PeriodElapsedCallback            0x08002e91   Thumb Code    14  main.o(i.HAL_TIM_PeriodElapsedCallback)
    HAL_TIM_TriggerCallback                  0x08002ea5   Thumb Code     2  stm32f1xx_hal_tim.o(i.HAL_TIM_TriggerCallback)
    HAL_UARTEx_RxEventCallback               0x08002ea7   Thumb Code     2  stm32f1xx_hal_uart.o(i.HAL_UARTEx_RxEventCallback)
    HAL_UART_ErrorCallback                   0x08002ea9   Thumb Code     2  stm32f1xx_hal_uart.o(i.HAL_UART_ErrorCallback)
    HAL_UART_IRQHandler                      0x08002ead   Thumb Code   616  stm32f1xx_hal_uart.o(i.HAL_UART_IRQHandler)
    HAL_UART_Init                            0x08003119   Thumb Code   100  stm32f1xx_hal_uart.o(i.HAL_UART_Init)
    HAL_UART_MspInit                         0x0800317d   Thumb Code   198  usart.o(i.HAL_UART_MspInit)
    HAL_UART_Receive_IT                      0x08003255   Thumb Code    28  stm32f1xx_hal_uart.o(i.HAL_UART_Receive_IT)
    HAL_UART_RxCpltCallback                  0x08003271   Thumb Code   168  freertos.o(i.HAL_UART_RxCpltCallback)
    HAL_UART_Transmit_IT                     0x08003331   Thumb Code    50  stm32f1xx_hal_uart.o(i.HAL_UART_Transmit_IT)
    HAL_UART_TxCpltCallback                  0x08003363   Thumb Code     2  stm32f1xx_hal_uart.o(i.HAL_UART_TxCpltCallback)
    HardFault_Handler                        0x08003365   Thumb Code     2  stm32f1xx_it.o(i.HardFault_Handler)
    MFRC_ClrBitMask                          0x08003367   Thumb Code    24  rc522.o(i.MFRC_ClrBitMask)
    MFRC_CmdFrame                            0x08003381   Thumb Code   276  rc522.o(i.MFRC_CmdFrame)
    MFRC_Init                                0x08003499   Thumb Code    26  rc522.o(i.MFRC_Init)
    MFRC_ReadReg                             0x080034bd   Thumb Code    56  rc522.o(i.MFRC_ReadReg)
    MFRC_SetBitMask                          0x080034f9   Thumb Code    24  rc522.o(i.MFRC_SetBitMask)
    MFRC_WriteReg                            0x08003511   Thumb Code    54  rc522.o(i.MFRC_WriteReg)
    MX_FREERTOS_Init                         0x0800354d   Thumb Code   130  freertos.o(i.MX_FREERTOS_Init)
    MX_GPIO_Init                             0x080035d9   Thumb Code   214  gpio.o(i.MX_GPIO_Init)
    MX_SPI1_Init                             0x080036bd   Thumb Code    66  spi.o(i.MX_SPI1_Init)
    MX_SPI2_Init                             0x08003709   Thumb Code    60  spi.o(i.MX_SPI2_Init)
    MX_USART1_UART_Init                      0x0800374d   Thumb Code    48  usart.o(i.MX_USART1_UART_Init)
    MX_USART2_UART_Init                      0x08003785   Thumb Code    48  usart.o(i.MX_USART2_UART_Init)
    MemManage_Handler                        0x080037bd   Thumb Code     2  stm32f1xx_it.o(i.MemManage_Handler)
    NMI_Handler                              0x080037bf   Thumb Code     2  stm32f1xx_it.o(i.NMI_Handler)
    PCD_AntennaOff                           0x080037c1   Thumb Code     8  rc522.o(i.PCD_AntennaOff)
    PCD_AntennaOn                            0x080037c9   Thumb Code    26  rc522.o(i.PCD_AntennaOn)
    PCD_Anticoll                             0x080037e3   Thumb Code   106  rc522.o(i.PCD_Anticoll)
    PCD_Request                              0x0800384d   Thumb Code    80  rc522.o(i.PCD_Request)
    PCD_Reset                                0x0800389d   Thumb Code   134  rc522.o(i.PCD_Reset)
    SPI2_RW_Byte                             0x08003929   Thumb Code    26  rc522.o(i.SPI2_RW_Byte)
    StartTaskInit                            0x08003a25   Thumb Code   324  freertos.o(i.StartTaskInit)
    StartTaskLightSingal                     0x08003b75   Thumb Code    38  freertos.o(i.StartTaskLightSingal)
    StartTaskStateLED                        0x08003ba5   Thumb Code    44  freertos.o(i.StartTaskStateLED)
    StartTaskUart2                           0x08003bd5   Thumb Code   676  freertos.o(i.StartTaskUart2)
    StartTaskWiFi                            0x08003ead   Thumb Code   324  freertos.o(i.StartTaskWiFi)
    SysTick_Handler                          0x0800401d   Thumb Code    38  port.o(i.SysTick_Handler)
    SystemClock_Config                       0x08004049   Thumb Code    94  main.o(i.SystemClock_Config)
    SystemInit                               0x080040a7   Thumb Code     2  system_stm32f1xx.o(i.SystemInit)
    TIM1_UP_IRQHandler                       0x080040a9   Thumb Code     6  stm32f1xx_it.o(i.TIM1_UP_IRQHandler)
    TIM_Base_SetConfig                       0x080040b5   Thumb Code    94  stm32f1xx_hal_tim.o(i.TIM_Base_SetConfig)
    UART_Start_Receive_IT                    0x080042f9   Thumb Code    54  stm32f1xx_hal_uart.o(i.UART_Start_Receive_IT)
    USART1_IRQHandler                        0x08004331   Thumb Code     6  stm32f1xx_it.o(i.USART1_IRQHandler)
    USART2_IRQHandler                        0x0800433d   Thumb Code     6  stm32f1xx_it.o(i.USART2_IRQHandler)
    UsageFault_Handler                       0x08004349   Thumb Code     2  stm32f1xx_it.o(i.UsageFault_Handler)
    __mathlib_dbl_overflow                   0x0800436b   Thumb Code    14  dunder.o(i.__mathlib_dbl_overflow)
    __mathlib_dbl_underflow                  0x08004379   Thumb Code    10  dunder.o(i.__mathlib_dbl_underflow)
    __mathlib_narrow                         0x08004389   Thumb Code    16  narrow.o(i.__mathlib_narrow)
    __mathlib_tofloat                        0x08004399   Thumb Code   184  narrow.o(i.__mathlib_tofloat)
    __support_ldexp                          0x08004455   Thumb Code    22  ldexp.o(i.__support_ldexp)
    _is_digit                                0x0800446b   Thumb Code    14  __printf_wp.o(i._is_digit)
    atof                                     0x08004479   Thumb Code    42  atof.o(i.atof)
    bbyte                                    0x080044a5   Thumb Code   132  image.o(i.bbyte)
    epaper                                   0x0800452d   Thumb Code    34  freertos.o(i.epaper)
    epaper_partdisplay                       0x08004551   Thumb Code  1198  image.o(i.epaper_partdisplay)
    epaper_refresh                           0x08004a15   Thumb Code     4  epaper.o(i.epaper_refresh)
    epaper_resetXY                           0x08004a19   Thumb Code    10  image.o(i.epaper_resetXY)
    epaper_strdisplay                        0x08004a29   Thumb Code    38  image.o(i.epaper_strdisplay)
    frexp                                    0x08004a51   Thumb Code    80  frexp.o(i.frexp)
    get_displayX                             0x08004aa9   Thumb Code    10  image.o(i.get_displayX)
    get_displayY                             0x08004ab9   Thumb Code    28  image.o(i.get_displayY)
    ldexp                                    0x08004ad9   Thumb Code   116  ldexp.o(i.ldexp)
    main                                     0x08004b4d   Thumb Code    38  main.o(i.main)
    nextline                                 0x08004b81   Thumb Code    14  image.o(i.nextline)
    osDelay                                  0x08004b95   Thumb Code    14  cmsis_os.o(i.osDelay)
    osKernelStart                            0x08004ba3   Thumb Code    10  cmsis_os.o(i.osKernelStart)
    osThreadCreate                           0x08004bad   Thumb Code    84  cmsis_os.o(i.osThreadCreate)
    pvPortMalloc                             0x08004f75   Thumb Code   210  heap_4.o(i.pvPortMalloc)
    pxPortInitialiseStack                    0x0800504d   Thumb Code    32  port.o(i.pxPortInitialiseStack)
    readCard                                 0x08005071   Thumb Code    36  freertos.o(i.readCard)
    uxListRemove                             0x08005095   Thumb Code    38  list.o(i.uxListRemove)
    vApplicationGetIdleTaskMemory            0x080050bd   Thumb Code    16  freertos.o(i.vApplicationGetIdleTaskMemory)
    vListInitialise                          0x080050d1   Thumb Code    22  list.o(i.vListInitialise)
    vListInitialiseItem                      0x080050e7   Thumb Code     6  list.o(i.vListInitialiseItem)
    vListInsert                              0x080050ed   Thumb Code    48  list.o(i.vListInsert)
    vListInsertEnd                           0x0800511d   Thumb Code    24  list.o(i.vListInsertEnd)
    vPortEnterCritical                       0x08005135   Thumb Code    54  port.o(i.vPortEnterCritical)
    vPortExitCritical                        0x08005175   Thumb Code    34  port.o(i.vPortExitCritical)
    vPortFree                                0x0800519d   Thumb Code    88  heap_4.o(i.vPortFree)
    vPortSetupTimerInterrupt                 0x080051f9   Thumb Code    32  port.o(i.vPortSetupTimerInterrupt)
    vPortValidateInterruptPriority           0x0800521d   Thumb Code    74  port.o(i.vPortValidateInterruptPriority)
    vTaskDelay                               0x08005271   Thumb Code    66  tasks.o(i.vTaskDelay)
    vTaskDelete                              0x080052bd   Thumb Code   158  tasks.o(i.vTaskDelete)
    vTaskStartScheduler                      0x08005369   Thumb Code    90  tasks.o(i.vTaskStartScheduler)
    vTaskSuspend                             0x080053d5   Thumb Code   174  tasks.o(i.vTaskSuspend)
    vTaskSuspendAll                          0x08005491   Thumb Code    10  tasks.o(i.vTaskSuspendAll)
    vTaskSwitchContext                       0x080054a1   Thumb Code    82  tasks.o(i.vTaskSwitchContext)
    xPortStartScheduler                      0x080054fd   Thumb Code   154  port.o(i.xPortStartScheduler)
    xTaskCreate                              0x080055a5   Thumb Code    90  tasks.o(i.xTaskCreate)
    xTaskCreateStatic                        0x080055ff   Thumb Code    86  tasks.o(i.xTaskCreateStatic)
    xTaskIncrementTick                       0x08005655   Thumb Code   192  tasks.o(i.xTaskIncrementTick)
    xTaskResumeAll                           0x0800571d   Thumb Code   182  tasks.o(i.xTaskResumeAll)
    xTaskResumeFromISR                       0x080057e1   Thumb Code   128  tasks.o(i.xTaskResumeFromISR)
    _get_lc_numeric                          0x08005869   Thumb Code    44  lc_numeric_c.o(locale$$code)
    _get_lc_ctype                            0x08005895   Thumb Code    44  lc_ctype_c.o(locale$$code)
    __aeabi_d2f                              0x080058c1   Thumb Code     0  d2f.o(x$fpl$d2f)
    _d2f                                     0x080058c1   Thumb Code    98  d2f.o(x$fpl$d2f)
    __fpl_dcheck_NaN1                        0x08005925   Thumb Code    10  dcheck1.o(x$fpl$dcheck1)
    __fpl_dcmp_Inf                           0x08005935   Thumb Code    24  dcmpi.o(x$fpl$dcmpinf)
    __aeabi_cdcmpeq                          0x0800594d   Thumb Code     0  deqf.o(x$fpl$deqf)
    _dcmpeq                                  0x0800594d   Thumb Code   120  deqf.o(x$fpl$deqf)
    __aeabi_cdcmple                          0x080059c5   Thumb Code     0  dleqf.o(x$fpl$dleqf)
    _dcmple                                  0x080059c5   Thumb Code   120  dleqf.o(x$fpl$dleqf)
    __fpl_dcmple_InfNaN                      0x08005a27   Thumb Code     0  dleqf.o(x$fpl$dleqf)
    __fpl_dnaninf                            0x08005a3d   Thumb Code   156  dnaninf.o(x$fpl$dnaninf)
    __aeabi_cdrcmple                         0x08005ad9   Thumb Code     0  drleqf.o(x$fpl$drleqf)
    _drcmple                                 0x08005ad9   Thumb Code   108  drleqf.o(x$fpl$drleqf)
    __aeabi_fdiv                             0x08005b45   Thumb Code     0  fdiv.o(x$fpl$fdiv)
    _fdiv                                    0x08005b45   Thumb Code   384  fdiv.o(x$fpl$fdiv)
    __aeabi_f2iz                             0x08005cc9   Thumb Code     0  ffix.o(x$fpl$ffix)
    _ffix                                    0x08005cc9   Thumb Code    54  ffix.o(x$fpl$ffix)
    __fpl_fnaninf                            0x08005cff   Thumb Code   140  fnaninf.o(x$fpl$fnaninf)
    __fpl_fretinf                            0x08005d8b   Thumb Code    10  fretinf.o(x$fpl$fretinf)
    __ieee_status                            0x08005d95   Thumb Code     6  istatus.o(x$fpl$ieeestatus)
    __fpl_return_NaN                         0x08005d9b   Thumb Code   100  retnan.o(x$fpl$retnan)
    __ARM_scalbn                             0x08005dff   Thumb Code    92  scalbn.o(x$fpl$scalbn)
    _scanf_real                              0x08005e5b   Thumb Code     4  scanf1.o(x$fpl$scanf1)
    _scanf_hex_real                          0x08005e5f   Thumb Code     4  scanf2.o(x$fpl$scanf2)
    _scanf_infnan                            0x08005e63   Thumb Code     4  scanf2.o(x$fpl$scanf2)
    __fpl_cmpreturn                          0x08005e67   Thumb Code    48  trapv.o(x$fpl$trapveneer)
    __I$use$fp                               0x08005e96   Number         0  usenofp.o(x$fpl$usenofp)
    AHBPrescTable                            0x08005f55   Data          16  system_stm32f1xx.o(.constdata)
    APBPrescTable                            0x08005f65   Data           8  system_stm32f1xx.o(.constdata)
    Region$$Table$$Base                      0x08006108   Number         0  anon$$obj.o(Region$$Table)
    Region$$Table$$Limit                     0x08006128   Number         0  anon$$obj.o(Region$$Table)
    __aeabi_HUGE_VAL                         0x08006128   Data           0  fpconst.o(c$$dinf)
    __aeabi_HUGE_VALL                        0x08006128   Data           0  fpconst.o(c$$dinf)
    __aeabi_INFINITY                         0x08006128   Data           0  fpconst.o(c$$dinf)
    __dInf                                   0x08006128   Data           0  fpconst.o(c$$dinf)
    __huge_val                               0x08006128   Data           0  fpconst.o(c$$dinf)
    __dbl_max                                0x08006130   Data           0  fpconst.o(c$$dmax)
    __ctype                                  0x08006161   Data           0  lc_ctype_c.o(locale$$data)
    WS_20_30                                 0x20000001   Data         159  epaper.o(.data)
    _pbc                                     0x200000a0   Data           1  image.o(.data)
    _pcc                                     0x200000a1   Data           1  image.o(.data)
    displayX                                 0x200000a4   Data           4  image.o(.data)
    displayY                                 0x200000a8   Data           4  image.o(.data)
    A_                                       0x200000ac   Data          20  image.o(.data)
    B_                                       0x200000c0   Data          20  image.o(.data)
    C_                                       0x200000d4   Data          20  image.o(.data)
    D_                                       0x200000e8   Data          20  image.o(.data)
    E_                                       0x200000fc   Data          20  image.o(.data)
    F_                                       0x20000110   Data          20  image.o(.data)
    G_                                       0x20000124   Data          20  image.o(.data)
    H_                                       0x20000138   Data          20  image.o(.data)
    I_                                       0x2000014c   Data          20  image.o(.data)
    J_                                       0x20000160   Data          20  image.o(.data)
    K_                                       0x20000174   Data          20  image.o(.data)
    L_                                       0x20000188   Data          20  image.o(.data)
    M_                                       0x2000019c   Data          20  image.o(.data)
    N_                                       0x200001b0   Data          20  image.o(.data)
    O_                                       0x200001c4   Data          20  image.o(.data)
    P_                                       0x200001d8   Data          20  image.o(.data)
    Q_                                       0x200001ec   Data          20  image.o(.data)
    R_                                       0x20000200   Data          20  image.o(.data)
    S_                                       0x20000214   Data          20  image.o(.data)
    T_                                       0x20000228   Data          20  image.o(.data)
    U_                                       0x2000023c   Data          20  image.o(.data)
    V_                                       0x20000250   Data          20  image.o(.data)
    W_                                       0x20000264   Data          20  image.o(.data)
    X_                                       0x20000278   Data          20  image.o(.data)
    Y_                                       0x2000028c   Data          20  image.o(.data)
    Z_                                       0x200002a0   Data          20  image.o(.data)
    a_                                       0x200002b4   Data          20  image.o(.data)
    b_                                       0x200002c8   Data          20  image.o(.data)
    c_                                       0x200002dc   Data          20  image.o(.data)
    d_                                       0x200002f0   Data          20  image.o(.data)
    e_                                       0x20000304   Data          20  image.o(.data)
    f_                                       0x20000318   Data          20  image.o(.data)
    g_                                       0x2000032c   Data          20  image.o(.data)
    h_                                       0x20000340   Data          20  image.o(.data)
    i_                                       0x20000354   Data          20  image.o(.data)
    j_                                       0x20000368   Data          20  image.o(.data)
    k_                                       0x2000037c   Data          20  image.o(.data)
    l_                                       0x20000390   Data          20  image.o(.data)
    m_                                       0x200003a4   Data          20  image.o(.data)
    n_                                       0x200003b8   Data          20  image.o(.data)
    o_                                       0x200003cc   Data          20  image.o(.data)
    p_                                       0x200003e0   Data          20  image.o(.data)
    q_                                       0x200003f4   Data          20  image.o(.data)
    r_                                       0x20000408   Data          20  image.o(.data)
    s_                                       0x2000041c   Data          20  image.o(.data)
    t_                                       0x20000430   Data          20  image.o(.data)
    u_                                       0x20000444   Data          20  image.o(.data)
    v_                                       0x20000458   Data          20  image.o(.data)
    w_                                       0x2000046c   Data          20  image.o(.data)
    x_                                       0x20000480   Data          20  image.o(.data)
    y_                                       0x20000494   Data          20  image.o(.data)
    z_                                       0x200004a8   Data          20  image.o(.data)
    _0                                       0x200004bc   Data          20  image.o(.data)
    _1                                       0x200004d0   Data          20  image.o(.data)
    _2                                       0x200004e4   Data          20  image.o(.data)
    _3                                       0x200004f8   Data          20  image.o(.data)
    _4                                       0x2000050c   Data          20  image.o(.data)
    _5                                       0x20000520   Data          20  image.o(.data)
    _6                                       0x20000534   Data          20  image.o(.data)
    _7                                       0x20000548   Data          20  image.o(.data)
    _8                                       0x2000055c   Data          20  image.o(.data)
    _9                                       0x20000570   Data          20  image.o(.data)
    _colon                                   0x20000584   Data          20  image.o(.data)
    _                                        0x20000598   Data          20  image.o(.data)
    message_conjunction                      0x200005ac   Data           1  freertos.o(.data)
    message_End                              0x200005ad   Data           1  freertos.o(.data)
    data1                                    0x200005ae   Data           1  freertos.o(.data)
    data2                                    0x200005af   Data           1  freertos.o(.data)
    message_CRLF                             0x200005b0   Data           2  freertos.o(.data)
    data_len1                                0x200005b4   Data           4  freertos.o(.data)
    data_len2                                0x200005b8   Data           4  freertos.o(.data)
    turn_LEN                                 0x200005bc   Data           4  freertos.o(.data)
    ESP_LEN                                  0x200005c0   Data           4  freertos.o(.data)
    ESP12_SetIPR                             0x200005c4   Data           4  freertos.o(.data)
    ESP12_CloseTCP                           0x200005c8   Data           4  freertos.o(.data)
    ESP12_CloseWiFi                          0x200005cc   Data           4  freertos.o(.data)
    ESP12_WiFiMode                           0x200005d0   Data           4  freertos.o(.data)
    ESP12_Connected                          0x200005d4   Data           4  freertos.o(.data)
    ESP12_DHCPSet                            0x200005d8   Data           4  freertos.o(.data)
    ESP12_TCPConnect                         0x200005dc   Data           4  freertos.o(.data)
    ESP12_TransimitMode                      0x200005e0   Data           4  freertos.o(.data)
    ESP12_Transimit_first_connect            0x200005e4   Data           4  freertos.o(.data)
    ESP12_Transimit_first_data               0x200005e8   Data           4  freertos.o(.data)
    Cabinet_light_flag                       0x200005ec   Data           4  freertos.o(.data)
    DIP_Pin_state1                           0x200005f0   Data           4  freertos.o(.data)
    DIP_Pin_state2                           0x200005f4   Data           4  freertos.o(.data)
    DIP_Pin_state3                           0x200005f8   Data           4  freertos.o(.data)
    DIP_Pin_state4                           0x200005fc   Data           4  freertos.o(.data)
    item_weight                              0x20000600   Data           4  freertos.o(.data)
    item_total_num                           0x20000604   Data           4  freertos.o(.data)
    TaskStateLEDHandle                       0x20000608   Data           4  freertos.o(.data)
    TaskInitHandle                           0x2000060c   Data           4  freertos.o(.data)
    TaskWiFiHandle                           0x20000610   Data           4  freertos.o(.data)
    TaskUart2Handle                          0x20000614   Data           4  freertos.o(.data)
    TaskLightSingalHandle                    0x20000618   Data           4  freertos.o(.data)
    message_Start                            0x2000061c   Data           5  freertos.o(.data)
    DIP_message                              0x20000621   Data           7  freertos.o(.data)
    uwTickFreq                               0x20000628   Data           1  stm32f1xx_hal.o(.data)
    uwTickPrio                               0x2000062c   Data           4  stm32f1xx_hal.o(.data)
    uwTick                                   0x20000630   Data           4  stm32f1xx_hal.o(.data)
    SystemCoreClock                          0x20000634   Data           4  system_stm32f1xx.o(.data)
    pxCurrentTCB                             0x20000638   Data           4  tasks.o(.data)
    Data_Temp                                0x20000698   Data          20  freertos.o(.bss)
    ESP_Temp                                 0x200006ac   Data         128  freertos.o(.bss)
    buffer1                                  0x2000072c   Data         128  freertos.o(.bss)
    buffer2                                  0x200007ac   Data         128  freertos.o(.bss)
    epaper_dis                               0x2000082c   Data         100  freertos.o(.bss)
    hspi1                                    0x20000ae4   Data          88  spi.o(.bss)
    hspi2                                    0x20000b3c   Data          88  spi.o(.bss)
    huart1                                   0x20000b94   Data          72  usart.o(.bss)
    huart2                                   0x20000bdc   Data          72  usart.o(.bss)
    htim1                                    0x20000c24   Data          72  stm32f1xx_hal_timebase_tim.o(.bss)
    __libspace_start                         0x2000498c   Data          96  libspace.o(.bss)
    __temporary_stack_top$libspace           0x200049ec   Data           0  libspace.o(.bss)



==============================================================================

Memory Map of the image

  Image Entry point : 0x080000ed

  Load Region LR_IROM1 (Base: 0x08000000, Size: 0x000068fc, Max: 0x00010000, ABSOLUTE, COMPRESSED[0x0000647c])

    Execution Region ER_IROM1 (Exec base: 0x08000000, Load base: 0x08000000, Size: 0x00006264, Max: 0x00010000, ABSOLUTE)

    Exec Addr    Load Addr    Size         Type   Attr      Idx    E Section Name        Object

    0x08000000   0x08000000   0x000000ec   Data   RO            3    RESET               startup_stm32f103xb.o
    0x080000ec   0x080000ec   0x00000008   Code   RO         4930  * !!!main             c_w.l(__main.o)
    0x080000f4   0x080000f4   0x00000034   Code   RO         5267    !!!scatter          c_w.l(__scatter.o)
    0x08000128   0x08000128   0x0000005a   Code   RO         5265    !!dczerorl2         c_w.l(__dczerorl2.o)
    0x08000182   0x08000182   0x00000002   PAD
    0x08000184   0x08000184   0x0000001c   Code   RO         5269    !!handler_zi        c_w.l(__scatter_zi.o)
    0x080001a0   0x080001a0   0x00000000   Code   RO         4913    .ARM.Collect$$_printf_percent$$00000000  c_w.l(_printf_percent.o)
    0x080001a0   0x080001a0   0x00000006   Code   RO         4912    .ARM.Collect$$_printf_percent$$00000009  c_w.l(_printf_d.o)
    0x080001a6   0x080001a6   0x00000004   Code   RO         4955    .ARM.Collect$$_printf_percent$$00000017  c_w.l(_printf_percent_end.o)
    0x080001aa   0x080001aa   0x00000002   Code   RO         5016    .ARM.Collect$$libinit$$00000000  c_w.l(libinit.o)
    0x080001ac   0x080001ac   0x00000000   Code   RO         5018    .ARM.Collect$$libinit$$00000002  c_w.l(libinit2.o)
    0x080001ac   0x080001ac   0x00000000   Code   RO         5020    .ARM.Collect$$libinit$$00000004  c_w.l(libinit2.o)
    0x080001ac   0x080001ac   0x00000000   Code   RO         5023    .ARM.Collect$$libinit$$0000000A  c_w.l(libinit2.o)
    0x080001ac   0x080001ac   0x00000000   Code   RO         5025    .ARM.Collect$$libinit$$0000000C  c_w.l(libinit2.o)
    0x080001ac   0x080001ac   0x00000000   Code   RO         5027    .ARM.Collect$$libinit$$0000000E  c_w.l(libinit2.o)
    0x080001ac   0x080001ac   0x00000006   Code   RO         5028    .ARM.Collect$$libinit$$0000000F  c_w.l(libinit2.o)
    0x080001b2   0x080001b2   0x00000000   Code   RO         5030    .ARM.Collect$$libinit$$00000011  c_w.l(libinit2.o)
    0x080001b2   0x080001b2   0x0000000c   Code   RO         5031    .ARM.Collect$$libinit$$00000012  c_w.l(libinit2.o)
    0x080001be   0x080001be   0x00000000   Code   RO         5032    .ARM.Collect$$libinit$$00000013  c_w.l(libinit2.o)
    0x080001be   0x080001be   0x00000000   Code   RO         5034    .ARM.Collect$$libinit$$00000015  c_w.l(libinit2.o)
    0x080001be   0x080001be   0x0000000a   Code   RO         5035    .ARM.Collect$$libinit$$00000016  c_w.l(libinit2.o)
    0x080001c8   0x080001c8   0x00000000   Code   RO         5036    .ARM.Collect$$libinit$$00000017  c_w.l(libinit2.o)
    0x080001c8   0x080001c8   0x00000000   Code   RO         5038    .ARM.Collect$$libinit$$00000019  c_w.l(libinit2.o)
    0x080001c8   0x080001c8   0x00000000   Code   RO         5040    .ARM.Collect$$libinit$$0000001B  c_w.l(libinit2.o)
    0x080001c8   0x080001c8   0x00000000   Code   RO         5042    .ARM.Collect$$libinit$$0000001D  c_w.l(libinit2.o)
    0x080001c8   0x080001c8   0x00000000   Code   RO         5044    .ARM.Collect$$libinit$$0000001F  c_w.l(libinit2.o)
    0x080001c8   0x080001c8   0x00000000   Code   RO         5046    .ARM.Collect$$libinit$$00000021  c_w.l(libinit2.o)
    0x080001c8   0x080001c8   0x00000000   Code   RO         5048    .ARM.Collect$$libinit$$00000023  c_w.l(libinit2.o)
    0x080001c8   0x080001c8   0x00000000   Code   RO         5050    .ARM.Collect$$libinit$$00000025  c_w.l(libinit2.o)
    0x080001c8   0x080001c8   0x00000000   Code   RO         5054    .ARM.Collect$$libinit$$0000002C  c_w.l(libinit2.o)
    0x080001c8   0x080001c8   0x00000000   Code   RO         5056    .ARM.Collect$$libinit$$0000002E  c_w.l(libinit2.o)
    0x080001c8   0x080001c8   0x00000000   Code   RO         5058    .ARM.Collect$$libinit$$00000030  c_w.l(libinit2.o)
    0x080001c8   0x080001c8   0x00000000   Code   RO         5060    .ARM.Collect$$libinit$$00000032  c_w.l(libinit2.o)
    0x080001c8   0x080001c8   0x00000002   Code   RO         5061    .ARM.Collect$$libinit$$00000033  c_w.l(libinit2.o)
    0x080001ca   0x080001ca   0x00000002   Code   RO         5158    .ARM.Collect$$libshutdown$$00000000  c_w.l(libshutdown.o)
    0x080001cc   0x080001cc   0x00000000   Code   RO         5187    .ARM.Collect$$libshutdown$$00000002  c_w.l(libshutdown2.o)
    0x080001cc   0x080001cc   0x00000000   Code   RO         5189    .ARM.Collect$$libshutdown$$00000004  c_w.l(libshutdown2.o)
    0x080001cc   0x080001cc   0x00000000   Code   RO         5191    .ARM.Collect$$libshutdown$$00000006  c_w.l(libshutdown2.o)
    0x080001cc   0x080001cc   0x00000000   Code   RO         5194    .ARM.Collect$$libshutdown$$00000009  c_w.l(libshutdown2.o)
    0x080001cc   0x080001cc   0x00000000   Code   RO         5197    .ARM.Collect$$libshutdown$$0000000C  c_w.l(libshutdown2.o)
    0x080001cc   0x080001cc   0x00000000   Code   RO         5199    .ARM.Collect$$libshutdown$$0000000E  c_w.l(libshutdown2.o)
    0x080001cc   0x080001cc   0x00000000   Code   RO         5202    .ARM.Collect$$libshutdown$$00000011  c_w.l(libshutdown2.o)
    0x080001cc   0x080001cc   0x00000002   Code   RO         5203    .ARM.Collect$$libshutdown$$00000012  c_w.l(libshutdown2.o)
    0x080001ce   0x080001ce   0x00000000   Code   RO         4946    .ARM.Collect$$rtentry$$00000000  c_w.l(__rtentry.o)
    0x080001ce   0x080001ce   0x00000000   Code   RO         4968    .ARM.Collect$$rtentry$$00000002  c_w.l(__rtentry2.o)
    0x080001ce   0x080001ce   0x00000006   Code   RO         4980    .ARM.Collect$$rtentry$$00000004  c_w.l(__rtentry4.o)
    0x080001d4   0x080001d4   0x00000000   Code   RO         4970    .ARM.Collect$$rtentry$$00000009  c_w.l(__rtentry2.o)
    0x080001d4   0x080001d4   0x00000004   Code   RO         4971    .ARM.Collect$$rtentry$$0000000A  c_w.l(__rtentry2.o)
    0x080001d8   0x080001d8   0x00000000   Code   RO         4973    .ARM.Collect$$rtentry$$0000000C  c_w.l(__rtentry2.o)
    0x080001d8   0x080001d8   0x00000008   Code   RO         4974    .ARM.Collect$$rtentry$$0000000D  c_w.l(__rtentry2.o)
    0x080001e0   0x080001e0   0x00000002   Code   RO         5062    .ARM.Collect$$rtexit$$00000000  c_w.l(rtexit.o)
    0x080001e2   0x080001e2   0x00000000   Code   RO         5120    .ARM.Collect$$rtexit$$00000002  c_w.l(rtexit2.o)
    0x080001e2   0x080001e2   0x00000004   Code   RO         5121    .ARM.Collect$$rtexit$$00000003  c_w.l(rtexit2.o)
    0x080001e6   0x080001e6   0x00000006   Code   RO         5122    .ARM.Collect$$rtexit$$00000004  c_w.l(rtexit2.o)
    0x080001ec   0x080001ec   0x00000096   Code   RO         4803    .emb_text           port.o
    0x08000282   0x08000282   0x00000002   PAD
    0x08000284   0x08000284   0x00000040   Code   RO            4    .text               startup_stm32f103xb.o
    0x080002c4   0x080002c4   0x00000028   Code   RO         4886    .text               c_w.l(noretval__2sprintf.o)
    0x080002ec   0x080002ec   0x00000068   Code   RO         4888    .text               c_w.l(__printf.o)
    0x08000354   0x08000354   0x00000078   Code   RO         4890    .text               c_w.l(_printf_dec.o)
    0x080003cc   0x080003cc   0x00000024   Code   RO         4914    .text               c_w.l(strncat.o)
    0x080003f0   0x080003f0   0x00000024   Code   RO         4916    .text               c_w.l(strstr.o)
    0x08000414   0x08000414   0x0000003e   Code   RO         4918    .text               c_w.l(strlen.o)
    0x08000452   0x08000452   0x00000064   Code   RO         4922    .text               c_w.l(rt_memcpy_w.o)
    0x080004b6   0x080004b6   0x0000004e   Code   RO         4926    .text               c_w.l(rt_memclr_w.o)
    0x08000504   0x08000504   0x00000006   Code   RO         4928    .text               c_w.l(heapauxi.o)
    0x0800050a   0x0800050a   0x00000016   Code   RO         4947    .text               c_w.l(_rserrno.o)
    0x08000520   0x08000520   0x000000b2   Code   RO         4949    .text               c_w.l(_printf_intcommon.o)
    0x080005d2   0x080005d2   0x00000002   PAD
    0x080005d4   0x080005d4   0x00000030   Code   RO         4951    .text               c_w.l(_printf_char_common.o)
    0x08000604   0x08000604   0x0000000a   Code   RO         4953    .text               c_w.l(_sputc.o)
    0x0800060e   0x0800060e   0x00000002   PAD
    0x08000610   0x08000610   0x000000a4   Code   RO         4956    .text               c_w.l(strtod.o)
    0x080006b4   0x080006b4   0x00000008   Code   RO         4985    .text               c_w.l(rt_errno_addr_intlibspace.o)
    0x080006bc   0x080006bc   0x00000012   Code   RO         4987    .text               c_w.l(isspace.o)
    0x080006ce   0x080006ce   0x00000040   Code   RO         4991    .text               c_w.l(_sgetc.o)
    0x0800070e   0x0800070e   0x00000002   PAD
    0x08000710   0x08000710   0x00000008   Code   RO         4998    .text               c_w.l(libspace.o)
    0x08000718   0x08000718   0x0000004a   Code   RO         5001    .text               c_w.l(sys_stackheap_outer.o)
    0x08000762   0x08000762   0x00000002   PAD
    0x08000764   0x08000764   0x00000010   Code   RO         5003    .text               c_w.l(rt_ctype_table.o)
    0x08000774   0x08000774   0x000004f8   Code   RO         5005    .text               c_w.l(scanf_fp.o)
    0x08000c6c   0x08000c6c   0x00000012   Code   RO         5007    .text               c_w.l(exit.o)
    0x08000c7e   0x08000c7e   0x00000002   PAD
    0x08000c80   0x08000c80   0x00000080   Code   RO         5009    .text               c_w.l(strcmpv7m.o)
    0x08000d00   0x08000d00   0x00000008   Code   RO         5067    .text               c_w.l(rt_locale_intlibspace.o)
    0x08000d08   0x08000d08   0x000000e4   Code   RO         5069    .text               c_w.l(bigflt0.o)
    0x08000dec   0x08000dec   0x00000320   Code   RO         5126    .text               c_w.l(scanf_hexfp.o)
    0x0800110c   0x0800110c   0x00000134   Code   RO         5128    .text               c_w.l(scanf_infnan.o)
    0x08001240   0x08001240   0x0000000c   Code   RO         5144    .text               c_w.l(sys_exit.o)
    0x0800124c   0x0800124c   0x00000026   Code   RO         5148    .text               c_w.l(llshl.o)
    0x08001272   0x08001272   0x0000001c   Code   RO         5150    .text               c_w.l(_chval.o)
    0x0800128e   0x0800128e   0x00000002   Code   RO         5177    .text               c_w.l(use_no_semi.o)
    0x08001290   0x08001290   0x00000000   Code   RO         5179    .text               c_w.l(indicate_semi.o)
    0x08001290   0x08001290   0x00000338   Code   RO         5082    CL$$btod_div_common  c_w.l(btod.o)
    0x080015c8   0x080015c8   0x00000084   Code   RO         5080    CL$$btod_e2d        c_w.l(btod.o)
    0x0800164c   0x0800164c   0x000000dc   Code   RO         5079    CL$$btod_e2e        c_w.l(btod.o)
    0x08001728   0x08001728   0x0000002a   Code   RO         5076    CL$$btod_ediv       c_w.l(btod.o)
    0x08001752   0x08001752   0x0000002a   Code   RO         5078    CL$$btod_edivd      c_w.l(btod.o)
    0x0800177c   0x0800177c   0x0000002a   Code   RO         5075    CL$$btod_emul       c_w.l(btod.o)
    0x080017a6   0x080017a6   0x0000002a   Code   RO         5077    CL$$btod_emuld      c_w.l(btod.o)
    0x080017d0   0x080017d0   0x00000244   Code   RO         5081    CL$$btod_mult_common  c_w.l(btod.o)
    0x08001a14   0x08001a14   0x00000002   Code   RO          768    i.BusFault_Handler  stm32f1xx_it.o
    0x08001a16   0x08001a16   0x00000002   PAD
    0x08001a18   0x08001a18   0x00000018   Code   RO          260    i.DEV_SPI_WriteByte  epaper.o
    0x08001a30   0x08001a30   0x00000158   Code   RO          569    i.DIP_read          freertos.o
    0x08001b88   0x08001b88   0x00000002   Code   RO          769    i.DebugMon_Handler  stm32f1xx_it.o
    0x08001b8a   0x08001b8a   0x00000024   Code   RO          261    i.EPD_2IN9_V2_Clear  epaper.o
    0x08001bae   0x08001bae   0x00000002   PAD
    0x08001bb0   0x08001bb0   0x00000078   Code   RO          264    i.EPD_2IN9_V2_Init  epaper.o
    0x08001c28   0x08001c28   0x00000022   Code   RO          265    i.EPD_2IN9_V2_LUT   epaper.o
    0x08001c4a   0x08001c4a   0x0000004a   Code   RO          266    i.EPD_2IN9_V2_LUT_by_host  epaper.o
    0x08001c94   0x08001c94   0x0000002c   Code   RO          267    i.EPD_2IN9_V2_ReadBusy  epaper.o
    0x08001cc0   0x08001cc0   0x0000003c   Code   RO          268    i.EPD_2IN9_V2_Reset  epaper.o
    0x08001cfc   0x08001cfc   0x00000034   Code   RO          269    i.EPD_2IN9_V2_SendCommand  epaper.o
    0x08001d30   0x08001d30   0x00000034   Code   RO          270    i.EPD_2IN9_V2_SendData  epaper.o
    0x08001d64   0x08001d64   0x00000028   Code   RO          271    i.EPD_2IN9_V2_SetCursor  epaper.o
    0x08001d8c   0x08001d8c   0x00000044   Code   RO          272    i.EPD_2IN9_V2_SetWindows  epaper.o
    0x08001dd0   0x08001dd0   0x00000018   Code   RO          273    i.EPD_2IN9_V2_Sleep  epaper.o
    0x08001de8   0x08001de8   0x0000001c   Code   RO          274    i.EPD_2IN9_V2_TurnOnDisplay  epaper.o
    0x08001e04   0x08001e04   0x00000004   Code   RO          496    i.Error_Handler     main.o
    0x08001e08   0x08001e08   0x00000046   Code   RO         1324    i.HAL_DMA_Abort     stm32f1xx_hal_dma.o
    0x08001e4e   0x08001e4e   0x00000002   PAD
    0x08001e50   0x08001e50   0x00000098   Code   RO         1325    i.HAL_DMA_Abort_IT  stm32f1xx_hal_dma.o
    0x08001ee8   0x08001ee8   0x00000024   Code   RO          950    i.HAL_Delay         stm32f1xx_hal.o
    0x08001f0c   0x08001f0c   0x000001e0   Code   RO         1260    i.HAL_GPIO_Init     stm32f1xx_hal_gpio.o
    0x080020ec   0x080020ec   0x0000000a   Code   RO         1262    i.HAL_GPIO_ReadPin  stm32f1xx_hal_gpio.o
    0x080020f6   0x080020f6   0x0000000a   Code   RO         1264    i.HAL_GPIO_WritePin  stm32f1xx_hal_gpio.o
    0x08002100   0x08002100   0x0000000c   Code   RO          954    i.HAL_GetTick       stm32f1xx_hal.o
    0x0800210c   0x0800210c   0x00000010   Code   RO          960    i.HAL_IncTick       stm32f1xx_hal.o
    0x0800211c   0x0800211c   0x00000024   Code   RO          961    i.HAL_Init          stm32f1xx_hal.o
    0x08002140   0x08002140   0x0000008c   Code   RO          868    i.HAL_InitTick      stm32f1xx_hal_timebase_tim.o
    0x080021cc   0x080021cc   0x00000048   Code   RO          844    i.HAL_MspInit       stm32f1xx_hal_msp.o
    0x08002214   0x08002214   0x0000001a   Code   RO         1420    i.HAL_NVIC_EnableIRQ  stm32f1xx_hal_cortex.o
    0x0800222e   0x0800222e   0x00000002   PAD
    0x08002230   0x08002230   0x00000040   Code   RO         1426    i.HAL_NVIC_SetPriority  stm32f1xx_hal_cortex.o
    0x08002270   0x08002270   0x00000024   Code   RO         1427    i.HAL_NVIC_SetPriorityGrouping  stm32f1xx_hal_cortex.o
    0x08002294   0x08002294   0x0000012c   Code   RO         1118    i.HAL_RCC_ClockConfig  stm32f1xx_hal_rcc.o
    0x080023c0   0x080023c0   0x00000040   Code   RO         1122    i.HAL_RCC_GetClockConfig  stm32f1xx_hal_rcc.o
    0x08002400   0x08002400   0x00000020   Code   RO         1125    i.HAL_RCC_GetPCLK1Freq  stm32f1xx_hal_rcc.o
    0x08002420   0x08002420   0x00000020   Code   RO         1126    i.HAL_RCC_GetPCLK2Freq  stm32f1xx_hal_rcc.o
    0x08002440   0x08002440   0x0000004c   Code   RO         1127    i.HAL_RCC_GetSysClockFreq  stm32f1xx_hal_rcc.o
    0x0800248c   0x0800248c   0x00000320   Code   RO         1130    i.HAL_RCC_OscConfig  stm32f1xx_hal_rcc.o
    0x080027ac   0x080027ac   0x000000b2   Code   RO         1931    i.HAL_SPI_Init      stm32f1xx_hal_spi.o
    0x0800285e   0x0800285e   0x00000002   PAD
    0x08002860   0x08002860   0x000000b0   Code   RO          673    i.HAL_SPI_MspInit   spi.o
    0x08002910   0x08002910   0x0000016e   Code   RO         1939    i.HAL_SPI_Transmit  stm32f1xx_hal_spi.o
    0x08002a7e   0x08002a7e   0x000001ee   Code   RO         1940    i.HAL_SPI_TransmitReceive  stm32f1xx_hal_spi.o
    0x08002c6c   0x08002c6c   0x00000002   Code   RO         2948    i.HAL_TIMEx_BreakCallback  stm32f1xx_hal_tim_ex.o
    0x08002c6e   0x08002c6e   0x00000002   Code   RO         2949    i.HAL_TIMEx_CommutCallback  stm32f1xx_hal_tim_ex.o
    0x08002c70   0x08002c70   0x0000005a   Code   RO         2244    i.HAL_TIM_Base_Init  stm32f1xx_hal_tim.o
    0x08002cca   0x08002cca   0x00000002   Code   RO         2246    i.HAL_TIM_Base_MspInit  stm32f1xx_hal_tim.o
    0x08002ccc   0x08002ccc   0x00000058   Code   RO         2249    i.HAL_TIM_Base_Start_IT  stm32f1xx_hal_tim.o
    0x08002d24   0x08002d24   0x00000002   Code   RO         2278    i.HAL_TIM_IC_CaptureCallback  stm32f1xx_hal_tim.o
    0x08002d26   0x08002d26   0x00000166   Code   RO         2292    i.HAL_TIM_IRQHandler  stm32f1xx_hal_tim.o
    0x08002e8c   0x08002e8c   0x00000002   Code   RO         2295    i.HAL_TIM_OC_DelayElapsedCallback  stm32f1xx_hal_tim.o
    0x08002e8e   0x08002e8e   0x00000002   Code   RO         2322    i.HAL_TIM_PWM_PulseFinishedCallback  stm32f1xx_hal_tim.o
    0x08002e90   0x08002e90   0x00000014   Code   RO          497    i.HAL_TIM_PeriodElapsedCallback  main.o
    0x08002ea4   0x08002ea4   0x00000002   Code   RO         2335    i.HAL_TIM_TriggerCallback  stm32f1xx_hal_tim.o
    0x08002ea6   0x08002ea6   0x00000002   Code   RO         3227    i.HAL_UARTEx_RxEventCallback  stm32f1xx_hal_uart.o
    0x08002ea8   0x08002ea8   0x00000002   Code   RO         3241    i.HAL_UART_ErrorCallback  stm32f1xx_hal_uart.o
    0x08002eaa   0x08002eaa   0x00000002   PAD
    0x08002eac   0x08002eac   0x0000026c   Code   RO         3244    i.HAL_UART_IRQHandler  stm32f1xx_hal_uart.o
    0x08003118   0x08003118   0x00000064   Code   RO         3245    i.HAL_UART_Init     stm32f1xx_hal_uart.o
    0x0800317c   0x0800317c   0x000000d8   Code   RO          721    i.HAL_UART_MspInit  usart.o
    0x08003254   0x08003254   0x0000001c   Code   RO         3250    i.HAL_UART_Receive_IT  stm32f1xx_hal_uart.o
    0x08003270   0x08003270   0x000000c0   Code   RO          570    i.HAL_UART_RxCpltCallback  freertos.o
    0x08003330   0x08003330   0x00000032   Code   RO         3255    i.HAL_UART_Transmit_IT  stm32f1xx_hal_uart.o
    0x08003362   0x08003362   0x00000002   Code   RO         3256    i.HAL_UART_TxCpltCallback  stm32f1xx_hal_uart.o
    0x08003364   0x08003364   0x00000002   Code   RO          770    i.HardFault_Handler  stm32f1xx_it.o
    0x08003366   0x08003366   0x00000018   Code   RO           14    i.MFRC_ClrBitMask   rc522.o
    0x0800337e   0x0800337e   0x00000002   PAD
    0x08003380   0x08003380   0x00000118   Code   RO           15    i.MFRC_CmdFrame     rc522.o
    0x08003498   0x08003498   0x00000024   Code   RO           16    i.MFRC_Init         rc522.o
    0x080034bc   0x080034bc   0x0000003c   Code   RO           17    i.MFRC_ReadReg      rc522.o
    0x080034f8   0x080034f8   0x00000018   Code   RO           18    i.MFRC_SetBitMask   rc522.o
    0x08003510   0x08003510   0x0000003c   Code   RO           19    i.MFRC_WriteReg     rc522.o
    0x0800354c   0x0800354c   0x0000008c   Code   RO          571    i.MX_FREERTOS_Init  freertos.o
    0x080035d8   0x080035d8   0x000000e4   Code   RO          545    i.MX_GPIO_Init      gpio.o
    0x080036bc   0x080036bc   0x0000004c   Code   RO          674    i.MX_SPI1_Init      spi.o
    0x08003708   0x08003708   0x00000044   Code   RO          675    i.MX_SPI2_Init      spi.o
    0x0800374c   0x0800374c   0x00000038   Code   RO          722    i.MX_USART1_UART_Init  usart.o
    0x08003784   0x08003784   0x00000038   Code   RO          723    i.MX_USART2_UART_Init  usart.o
    0x080037bc   0x080037bc   0x00000002   Code   RO          771    i.MemManage_Handler  stm32f1xx_it.o
    0x080037be   0x080037be   0x00000002   Code   RO          772    i.NMI_Handler       stm32f1xx_it.o
    0x080037c0   0x080037c0   0x00000008   Code   RO           20    i.PCD_AntennaOff    rc522.o
    0x080037c8   0x080037c8   0x0000001a   Code   RO           21    i.PCD_AntennaOn     rc522.o
    0x080037e2   0x080037e2   0x0000006a   Code   RO           22    i.PCD_Anticoll      rc522.o
    0x0800384c   0x0800384c   0x00000050   Code   RO           28    i.PCD_Request       rc522.o
    0x0800389c   0x0800389c   0x0000008c   Code   RO           29    i.PCD_Reset         rc522.o
    0x08003928   0x08003928   0x00000024   Code   RO           33    i.SPI2_RW_Byte      rc522.o
    0x0800394c   0x0800394c   0x00000020   Code   RO         1969    i.SPI_EndRxTxTransaction  stm32f1xx_hal_spi.o
    0x0800396c   0x0800396c   0x000000b8   Code   RO         1974    i.SPI_WaitFlagStateUntilTimeout  stm32f1xx_hal_spi.o
    0x08003a24   0x08003a24   0x00000150   Code   RO          572    i.StartTaskInit     freertos.o
    0x08003b74   0x08003b74   0x00000030   Code   RO          573    i.StartTaskLightSingal  freertos.o
    0x08003ba4   0x08003ba4   0x00000030   Code   RO          574    i.StartTaskStateLED  freertos.o
    0x08003bd4   0x08003bd4   0x000002d8   Code   RO          575    i.StartTaskUart2    freertos.o
    0x08003eac   0x08003eac   0x00000170   Code   RO          576    i.StartTaskWiFi     freertos.o
    0x0800401c   0x0800401c   0x0000002c   Code   RO         4804    i.SysTick_Handler   port.o
    0x08004048   0x08004048   0x0000005e   Code   RO          498    i.SystemClock_Config  main.o
    0x080040a6   0x080040a6   0x00000002   Code   RO         3579    i.SystemInit        system_stm32f1xx.o
    0x080040a8   0x080040a8   0x0000000c   Code   RO          773    i.TIM1_UP_IRQHandler  stm32f1xx_it.o
    0x080040b4   0x080040b4   0x0000006c   Code   RO         2337    i.TIM_Base_SetConfig  stm32f1xx_hal_tim.o
    0x08004120   0x08004120   0x00000010   Code   RO         3258    i.UART_DMAAbortOnError  stm32f1xx_hal_uart.o
    0x08004130   0x08004130   0x0000004e   Code   RO         3268    i.UART_EndRxTransfer  stm32f1xx_hal_uart.o
    0x0800417e   0x0800417e   0x000000c2   Code   RO         3270    i.UART_Receive_IT   stm32f1xx_hal_uart.o
    0x08004240   0x08004240   0x000000b8   Code   RO         3271    i.UART_SetConfig    stm32f1xx_hal_uart.o
    0x080042f8   0x080042f8   0x00000036   Code   RO         3273    i.UART_Start_Receive_IT  stm32f1xx_hal_uart.o
    0x0800432e   0x0800432e   0x00000002   PAD
    0x08004330   0x08004330   0x0000000c   Code   RO          774    i.USART1_IRQHandler  stm32f1xx_it.o
    0x0800433c   0x0800433c   0x0000000c   Code   RO          775    i.USART2_IRQHandler  stm32f1xx_it.o
    0x08004348   0x08004348   0x00000002   Code   RO          776    i.UsageFault_Handler  stm32f1xx_it.o
    0x0800434a   0x0800434a   0x00000020   Code   RO         1433    i.__NVIC_SetPriority  stm32f1xx_hal_cortex.o
    0x0800436a   0x0800436a   0x0000000e   Code   RO         5210    i.__mathlib_dbl_overflow  m_ws.l(dunder.o)
    0x08004378   0x08004378   0x00000010   Code   RO         5212    i.__mathlib_dbl_underflow  m_ws.l(dunder.o)
    0x08004388   0x08004388   0x00000010   Code   RO         5113    i.__mathlib_narrow  m_ws.l(narrow.o)
    0x08004398   0x08004398   0x000000bc   Code   RO         5114    i.__mathlib_tofloat  m_ws.l(narrow.o)
    0x08004454   0x08004454   0x00000016   Code   RO         5166    i.__support_ldexp   m_ws.l(ldexp.o)
    0x0800446a   0x0800446a   0x0000000e   Code   RO         4902    i._is_digit         c_w.l(__printf_wp.o)
    0x08004478   0x08004478   0x0000002a   Code   RO         4943    i.atof              m_ws.l(atof.o)
    0x080044a2   0x080044a2   0x00000002   PAD
    0x080044a4   0x080044a4   0x00000088   Code   RO          428    i.bbyte             image.o
    0x0800452c   0x0800452c   0x00000022   Code   RO          577    i.epaper            freertos.o
    0x0800454e   0x0800454e   0x00000002   PAD
    0x08004550   0x08004550   0x000004c4   Code   RO          429    i.epaper_partdisplay  image.o
    0x08004a14   0x08004a14   0x00000004   Code   RO          275    i.epaper_refresh    epaper.o
    0x08004a18   0x08004a18   0x00000010   Code   RO          430    i.epaper_resetXY    image.o
    0x08004a28   0x08004a28   0x00000026   Code   RO          431    i.epaper_strdisplay  image.o
    0x08004a4e   0x08004a4e   0x00000002   PAD
    0x08004a50   0x08004a50   0x00000058   Code   RO         5139    i.frexp             m_ws.l(frexp.o)
    0x08004aa8   0x08004aa8   0x00000010   Code   RO          432    i.get_displayX      image.o
    0x08004ab8   0x08004ab8   0x00000020   Code   RO          433    i.get_displayY      image.o
    0x08004ad8   0x08004ad8   0x00000074   Code   RO         5167    i.ldexp             m_ws.l(ldexp.o)
    0x08004b4c   0x08004b4c   0x00000026   Code   RO          499    i.main              main.o
    0x08004b72   0x08004b72   0x0000000c   Code   RO         4375    i.makeFreeRtosPriority  cmsis_os.o
    0x08004b7e   0x08004b7e   0x00000002   PAD
    0x08004b80   0x08004b80   0x00000014   Code   RO          434    i.nextline          image.o
    0x08004b94   0x08004b94   0x0000000e   Code   RO         4377    i.osDelay           cmsis_os.o
    0x08004ba2   0x08004ba2   0x0000000a   Code   RO         4380    i.osKernelStart     cmsis_os.o
    0x08004bac   0x08004bac   0x00000054   Code   RO         4414    i.osThreadCreate    cmsis_os.o
    0x08004c00   0x08004c00   0x00000070   Code   RO         4072    i.prvAddCurrentTaskToDelayedList  tasks.o
    0x08004c70   0x08004c70   0x000000d0   Code   RO         4073    i.prvAddNewTaskToReadyList  tasks.o
    0x08004d40   0x08004d40   0x00000034   Code   RO         4074    i.prvDeleteTCB      tasks.o
    0x08004d74   0x08004d74   0x00000048   Code   RO         4742    i.prvHeapInit       heap_4.o
    0x08004dbc   0x08004dbc   0x00000060   Code   RO         4075    i.prvIdleTask       tasks.o
    0x08004e1c   0x08004e1c   0x0000008e   Code   RO         4076    i.prvInitialiseNewTask  tasks.o
    0x08004eaa   0x08004eaa   0x00000002   PAD
    0x08004eac   0x08004eac   0x0000004c   Code   RO         4743    i.prvInsertBlockIntoFreeList  heap_4.o
    0x08004ef8   0x08004ef8   0x00000020   Code   RO         4077    i.prvResetNextTaskUnblockTime  tasks.o
    0x08004f18   0x08004f18   0x00000028   Code   RO         4805    i.prvTaskExitError  port.o
    0x08004f40   0x08004f40   0x00000034   Code   RO         4078    i.prvTaskIsTaskSuspended  tasks.o
    0x08004f74   0x08004f74   0x000000d8   Code   RO         4744    i.pvPortMalloc      heap_4.o
    0x0800504c   0x0800504c   0x00000024   Code   RO         4806    i.pxPortInitialiseStack  port.o
    0x08005070   0x08005070   0x00000024   Code   RO          578    i.readCard          freertos.o
    0x08005094   0x08005094   0x00000026   Code   RO         3717    i.uxListRemove      list.o
    0x080050ba   0x080050ba   0x00000002   PAD
    0x080050bc   0x080050bc   0x00000014   Code   RO          579    i.vApplicationGetIdleTaskMemory  freertos.o
    0x080050d0   0x080050d0   0x00000016   Code   RO         3718    i.vListInitialise   list.o
    0x080050e6   0x080050e6   0x00000006   Code   RO         3719    i.vListInitialiseItem  list.o
    0x080050ec   0x080050ec   0x00000030   Code   RO         3720    i.vListInsert       list.o
    0x0800511c   0x0800511c   0x00000018   Code   RO         3721    i.vListInsertEnd    list.o
    0x08005134   0x08005134   0x00000040   Code   RO         4808    i.vPortEnterCritical  port.o
    0x08005174   0x08005174   0x00000028   Code   RO         4809    i.vPortExitCritical  port.o
    0x0800519c   0x0800519c   0x0000005c   Code   RO         4745    i.vPortFree         heap_4.o
    0x080051f8   0x080051f8   0x00000024   Code   RO         4810    i.vPortSetupTimerInterrupt  port.o
    0x0800521c   0x0800521c   0x00000054   Code   RO         4811    i.vPortValidateInterruptPriority  port.o
    0x08005270   0x08005270   0x0000004c   Code   RO         4085    i.vTaskDelay        tasks.o
    0x080052bc   0x080052bc   0x000000ac   Code   RO         4086    i.vTaskDelete       tasks.o
    0x08005368   0x08005368   0x0000006c   Code   RO         4098    i.vTaskStartScheduler  tasks.o
    0x080053d4   0x080053d4   0x000000bc   Code   RO         4099    i.vTaskSuspend      tasks.o
    0x08005490   0x08005490   0x00000010   Code   RO         4100    i.vTaskSuspendAll   tasks.o
    0x080054a0   0x080054a0   0x0000005c   Code   RO         4101    i.vTaskSwitchContext  tasks.o
    0x080054fc   0x080054fc   0x000000a8   Code   RO         4812    i.xPortStartScheduler  port.o
    0x080055a4   0x080055a4   0x0000005a   Code   RO         4103    i.xTaskCreate       tasks.o
    0x080055fe   0x080055fe   0x00000056   Code   RO         4104    i.xTaskCreateStatic  tasks.o
    0x08005654   0x08005654   0x000000c8   Code   RO         4111    i.xTaskIncrementTick  tasks.o
    0x0800571c   0x0800571c   0x000000c4   Code   RO         4117    i.xTaskResumeAll    tasks.o
    0x080057e0   0x080057e0   0x00000088   Code   RO         4118    i.xTaskResumeFromISR  tasks.o
    0x08005868   0x08005868   0x0000002c   Code   RO         4994    locale$$code        c_w.l(lc_numeric_c.o)
    0x08005894   0x08005894   0x0000002c   Code   RO         5095    locale$$code        c_w.l(lc_ctype_c.o)
    0x080058c0   0x080058c0   0x00000062   Code   RO         4932    x$fpl$d2f           fz_ws.l(d2f.o)
    0x08005922   0x08005922   0x00000002   PAD
    0x08005924   0x08005924   0x00000010   Code   RO         5204    x$fpl$dcheck1       fz_ws.l(dcheck1.o)
    0x08005934   0x08005934   0x00000018   Code   RO         5159    x$fpl$dcmpinf       fz_ws.l(dcmpi.o)
    0x0800594c   0x0800594c   0x00000078   Code   RO         5134    x$fpl$deqf          fz_ws.l(deqf.o)
    0x080059c4   0x080059c4   0x00000078   Code   RO         5161    x$fpl$dleqf         fz_ws.l(dleqf.o)
    0x08005a3c   0x08005a3c   0x0000009c   Code   RO         4960    x$fpl$dnaninf       fz_ws.l(dnaninf.o)
    0x08005ad8   0x08005ad8   0x0000006c   Code   RO         5136    x$fpl$drleqf        fz_ws.l(drleqf.o)
    0x08005b44   0x08005b44   0x00000184   Code   RO         4935    x$fpl$fdiv          fz_ws.l(fdiv.o)
    0x08005cc8   0x08005cc8   0x00000036   Code   RO         4938    x$fpl$ffix          fz_ws.l(ffix.o)
    0x08005cfe   0x08005cfe   0x0000008c   Code   RO         4962    x$fpl$fnaninf       fz_ws.l(fnaninf.o)
    0x08005d8a   0x08005d8a   0x0000000a   Code   RO         4964    x$fpl$fretinf       fz_ws.l(fretinf.o)
    0x08005d94   0x08005d94   0x00000006   Code   RO         5105    x$fpl$ieeestatus    fz_ws.l(istatus.o)
    0x08005d9a   0x08005d9a   0x00000064   Code   RO         5237    x$fpl$retnan        fz_ws.l(retnan.o)
    0x08005dfe   0x08005dfe   0x0000005c   Code   RO         5163    x$fpl$scalbn        fz_ws.l(scalbn.o)
    0x08005e5a   0x08005e5a   0x00000004   Code   RO         4996    x$fpl$scanf1        fz_ws.l(scanf1.o)
    0x08005e5e   0x08005e5e   0x00000008   Code   RO         5107    x$fpl$scanf2        fz_ws.l(scanf2.o)
    0x08005e66   0x08005e66   0x00000030   Code   RO         5245    x$fpl$trapveneer    fz_ws.l(trapv.o)
    0x08005e96   0x08005e96   0x00000000   Code   RO         4966    x$fpl$usenofp       fz_ws.l(usenofp.o)
    0x08005e96   0x08005e96   0x00000002   PAD
    0x08005e98   0x08005e98   0x000000ab   Data   RO          582    .constdata          freertos.o
    0x08005f43   0x08005f43   0x00000012   Data   RO         1131    .constdata          stm32f1xx_hal_rcc.o
    0x08005f55   0x08005f55   0x00000010   Data   RO         3580    .constdata          system_stm32f1xx.o
    0x08005f65   0x08005f65   0x00000008   Data   RO         3581    .constdata          system_stm32f1xx.o
    0x08005f6d   0x08005f6d   0x00000003   PAD
    0x08005f70   0x08005f70   0x00000094   Data   RO         5070    .constdata          c_w.l(bigflt0.o)
    0x08006004   0x08006004   0x00000101   Data   RO          583    .conststring        freertos.o
    0x08006105   0x08006105   0x00000003   PAD
    0x08006108   0x08006108   0x00000020   Data   RO         5263    Region$$Table       anon$$obj.o
    0x08006128   0x08006128   0x00000008   Data   RO         5099    c$$dinf             fz_ws.l(fpconst.o)
    0x08006130   0x08006130   0x00000008   Data   RO         5102    c$$dmax             fz_ws.l(fpconst.o)
    0x08006138   0x08006138   0x0000001c   Data   RO         4993    locale$$data        c_w.l(lc_numeric_c.o)
    0x08006154   0x08006154   0x00000110   Data   RO         5094    locale$$data        c_w.l(lc_ctype_c.o)


    Execution Region RW_IRAM1 (Exec base: 0x20000000, Load base: 0x08006264, Size: 0x00004ff0, Max: 0x00005000, ABSOLUTE, COMPRESSED[0x00000218])

    Exec Addr    Load Addr    Size         Type   Attr      Idx    E Section Name        Object

    0x20000000   COMPRESSED   0x00000001   Data   RW           34    .data               rc522.o
    0x20000001   COMPRESSED   0x0000009f   Data   RW          277    .data               epaper.o
    0x200000a0   COMPRESSED   0x0000050c   Data   RW          435    .data               image.o
    0x200005ac   COMPRESSED   0x0000007c   Data   RW          585    .data               freertos.o
    0x20000628   COMPRESSED   0x0000000c   Data   RW          968    .data               stm32f1xx_hal.o
    0x20000634   COMPRESSED   0x00000004   Data   RW         3582    .data               system_stm32f1xx.o
    0x20000638   COMPRESSED   0x0000003c   Data   RW         4120    .data               tasks.o
    0x20000674   COMPRESSED   0x00000018   Data   RW         4750    .data               heap_4.o
    0x2000068c   COMPRESSED   0x0000000c   Data   RW         4813    .data               port.o
    0x20000698        -       0x0000044c   Zero   RW          580    .bss                freertos.o
    0x20000ae4        -       0x000000b0   Zero   RW          676    .bss                spi.o
    0x20000b94        -       0x00000090   Zero   RW          724    .bss                usart.o
    0x20000c24        -       0x00000048   Zero   RW          871    .bss                stm32f1xx_hal_timebase_tim.o
    0x20000c6c        -       0x000000f0   Zero   RW         4119    .bss                tasks.o
    0x20000d5c        -       0x00003c30   Zero   RW         4749    .bss                heap_4.o
    0x2000498c        -       0x00000060   Zero   RW         4999    .bss                c_w.l(libspace.o)
    0x200049ec   COMPRESSED   0x00000004   PAD
    0x200049f0        -       0x00000200   Zero   RW            2    HEAP                startup_stm32f103xb.o
    0x20004bf0        -       0x00000400   Zero   RW            1    STACK               startup_stm32f103xb.o


==============================================================================

Image component sizes


      Code (inc. data)   RO Data    RW Data    ZI Data      Debug   Object Name

       120          0          0          0          0      22597   cmsis_os.o
       660         32          0        159          0      39447   epaper.o
         0          0          0          0          0      18320   event_groups.o
      2294        176        428        124       1100      11225   freertos.o
       228         14          0          0          0       1039   gpio.o
       456         22          0         24      15408       7399   heap_4.o
      1478         48          0       1292          0       7775   image.o
       138          0          0          0          0       3538   list.o
       156          6          0          0          0       2524   main.o
       662         70          0         12          0      11433   port.o
       880         40          0          1          0     441554   rc522.o
       320         40          0          0        176       2410   spi.o
        64         26        236          0       1536        832   startup_stm32f103xb.o
       100         18          0         12          0       5402   stm32f1xx_hal.o
       158         14          0          0          0      28306   stm32f1xx_hal_cortex.o
       222          4          0          0          0       1835   stm32f1xx_hal_dma.o
       500         34          0          0          0       3599   stm32f1xx_hal_gpio.o
        72         10          0          0          0        914   stm32f1xx_hal_msp.o
      1304         94         18          0          0       5893   stm32f1xx_hal_rcc.o
      1254          4          0          0          0       6352   stm32f1xx_hal_spi.o
       654         26          0          0          0       7288   stm32f1xx_hal_tim.o
         4          0          0          0          0       1645   stm32f1xx_hal_tim_ex.o
       140         22          0          0         72       1491   stm32f1xx_hal_timebase_tim.o
      1330         10          0          0          0       9867   stm32f1xx_hal_uart.o
        48         18          0          0          0       4090   stm32f1xx_it.o
         0          0          0          0          0        416   stream_buffer.o
         2          0         24          4          0       1179   system_stm32f1xx.o
      2054        150          0         60        240      20192   tasks.o
       328         34          0          0        144       2479   usart.o

    ----------------------------------------------------------------------
     15654        912        744       1688      18676     671041   Object Totals
         0          0         32          0          0          0   (incl. Generated)
        28          0          6          0          0          0   (incl. Padding)

    ----------------------------------------------------------------------

      Code (inc. data)   RO Data    RW Data    ZI Data      Debug   Library Member Name

        90          0          0          0          0          0   __dczerorl2.o
         8          0          0          0          0         68   __main.o
       104          0          0          0          0         84   __printf.o
        14          0          0          0          0         68   __printf_wp.o
         0          0          0          0          0          0   __rtentry.o
        12          0          0          0          0          0   __rtentry2.o
         6          0          0          0          0          0   __rtentry4.o
        52          8          0          0          0          0   __scatter.o
        28          0          0          0          0          0   __scatter_zi.o
        28          0          0          0          0         68   _chval.o
        48          6          0          0          0         96   _printf_char_common.o
         6          0          0          0          0          0   _printf_d.o
       120         16          0          0          0         92   _printf_dec.o
       178          0          0          0          0         88   _printf_intcommon.o
         0          0          0          0          0          0   _printf_percent.o
         4          0          0          0          0          0   _printf_percent_end.o
        22          0          0          0          0        100   _rserrno.o
        64          0          0          0          0         84   _sgetc.o
        10          0          0          0          0         68   _sputc.o
       228          4        148          0          0         96   bigflt0.o
      1924        136          0          0          0        756   btod.o
        18          0          0          0          0         80   exit.o
         6          0          0          0          0        152   heapauxi.o
         0          0          0          0          0          0   indicate_semi.o
        18          0          0          0          0         76   isspace.o
        44         10        272          0          0         76   lc_ctype_c.o
        44         10         28          0          0         76   lc_numeric_c.o
         2          0          0          0          0          0   libinit.o
        30          0          0          0          0          0   libinit2.o
         2          0          0          0          0          0   libshutdown.o
         2          0          0          0          0          0   libshutdown2.o
         8          4          0          0         96         68   libspace.o
        38          0          0          0          0         68   llshl.o
        40          6          0          0          0         84   noretval__2sprintf.o
        16          4          0          0          0         76   rt_ctype_table.o
         8          4          0          0          0         68   rt_errno_addr_intlibspace.o
         8          4          0          0          0         68   rt_locale_intlibspace.o
        78          0          0          0          0         80   rt_memclr_w.o
       100          0          0          0          0         80   rt_memcpy_w.o
         2          0          0          0          0          0   rtexit.o
        10          0          0          0          0          0   rtexit2.o
      1272         16          0          0          0        168   scanf_fp.o
       800         14          0          0          0        100   scanf_hexfp.o
       308         16          0          0          0        100   scanf_infnan.o
       128          0          0          0          0         68   strcmpv7m.o
        62          0          0          0          0         76   strlen.o
        36          0          0          0          0         76   strncat.o
        36          0          0          0          0         80   strstr.o
       164         14          0          0          0        120   strtod.o
        12          4          0          0          0         68   sys_exit.o
        74          0          0          0          0         80   sys_stackheap_outer.o
         2          0          0          0          0         68   use_no_semi.o
        98          4          0          0          0         92   d2f.o
        16          4          0          0          0         68   dcheck1.o
        24          0          0          0          0         68   dcmpi.o
       120          4          0          0          0         92   deqf.o
       120          4          0          0          0         92   dleqf.o
       156          4          0          0          0         92   dnaninf.o
       108          0          0          0          0         80   drleqf.o
       388         76          0          0          0         96   fdiv.o
        54          4          0          0          0         84   ffix.o
       140          4          0          0          0         84   fnaninf.o
         0          0         16          0          0          0   fpconst.o
        10          0          0          0          0         68   fretinf.o
         6          0          0          0          0         68   istatus.o
       100          0          0          0          0         68   retnan.o
        92          0          0          0          0         68   scalbn.o
         4          0          0          0          0         68   scanf1.o
         8          0          0          0          0         84   scanf2.o
        48          0          0          0          0         68   trapv.o
         0          0          0          0          0          0   usenofp.o
        42          0          0          0          0         84   atof.o
        30          6          0          0          0        136   dunder.o
        88          8          0          0          0         76   frexp.o
       138          0          0          0          0        160   ldexp.o
       204          4          0          0          0        168   narrow.o

    ----------------------------------------------------------------------
      8326        398        464          0        100       5688   Library Totals
        18          0          0          0          4          0   (incl. Padding)

    ----------------------------------------------------------------------

      Code (inc. data)   RO Data    RW Data    ZI Data      Debug   Library Name

      6314        276        448          0         96       3724   c_w.l
      1492        104         16          0          0       1340   fz_ws.l
       502         18          0          0          0        624   m_ws.l

    ----------------------------------------------------------------------
      8326        398        464          0        100       5688   Library Totals

    ----------------------------------------------------------------------

==============================================================================


      Code (inc. data)   RO Data    RW Data    ZI Data      Debug   

     23980       1310       1208       1688      18776     665597   Grand Totals
     23980       1310       1208        536      18776     665597   ELF Image Totals (compressed)
     23980       1310       1208        536          0          0   ROM Totals

==============================================================================

    Total RO  Size (Code + RO Data)                25188 (  24.60kB)
    Total RW  Size (RW Data + ZI Data)             20464 (  19.98kB)
    Total ROM Size (Code + RO Data + RW Data)      25724 (  25.12kB)

==============================================================================

