C:/GIT/Main/My_Source/Side_Project/Basic_Firmware/STM32F4/TouchGFXProjects/MyApplication/Drivers/STM32F4xx_HAL_Driver/Src/stm32f4xx_ll_fsmc.c:220:20:FSMC_NORSRAM_Init	20	static
C:/GIT/Main/My_Source/Side_Project/Basic_Firmware/STM32F4/TouchGFXProjects/MyApplication/Drivers/STM32F4xx_HAL_Driver/Src/stm32f4xx_ll_fsmc.c:342:19:FSMC_NORSRAM_DeInit	8	static
C:/GIT/Main/My_Source/Side_Project/Basic_Firmware/STM32F4/TouchGFXProjects/MyApplication/Drivers/STM32F4xx_HAL_Driver/Src/stm32f4xx_ll_fsmc.c:379:19:FSMC_NORSRAM_Timing_Init	16	static
C:/GIT/Main/My_Source/Side_Project/Basic_Firmware/STM32F4/TouchGFXProjects/MyApplication/Drivers/STM32F4xx_HAL_Driver/Src/stm32f4xx_ll_fsmc.c:432:19:FSMC_NORSRAM_Extended_Timing_Init	12	static
C:/GIT/Main/My_Source/Side_Project/Basic_Firmware/STM32F4/TouchGFXProjects/MyApplication/Drivers/STM32F4xx_HAL_Driver/Src/stm32f4xx_ll_fsmc.c:490:19:FSMC_NORSRAM_WriteOperation_Enable	0	static
C:/GIT/Main/My_Source/Side_Project/Basic_Firmware/STM32F4/TouchGFXProjects/MyApplication/Drivers/STM32F4xx_HAL_Driver/Src/stm32f4xx_ll_fsmc.c:508:19:FSMC_NORSRAM_WriteOperation_Disable	0	static
