C:/GIT/Main/My_Source/Side_Project/Basic_Firmware/STM32F4/TouchGFXProjects/MyApplication/Drivers/STM32F4xx_HAL_Driver/Src/stm32f4xx_hal_qspi.c:2584:13:QSPI_DMARxCplt	0	static
C:/GIT/Main/My_Source/Side_Project/Basic_Firmware/STM32F4/TouchGFXProjects/MyApplication/Drivers/STM32F4xx_HAL_Driver/Src/stm32f4xx_hal_qspi.c:2598:13:QSPI_DMATxCplt	0	static
C:/GIT/Main/My_Source/Side_Project/Basic_Firmware/STM32F4/TouchGFXProjects/MyApplication/Drivers/STM32F4xx_HAL_Driver/Src/stm32f4xx_hal_qspi.c:2770:13:QSPI_Config	32	static
C:/GIT/Main/My_Source/Side_Project/Basic_Firmware/STM32F4/TouchGFXProjects/MyApplication/Drivers/STM32F4xx_HAL_Driver/Src/stm32f4xx_hal_qspi.c:2712:26:QSPI_WaitFlagStateUntilTimeout	24	static
C:/GIT/Main/My_Source/Side_Project/Basic_Firmware/STM32F4/TouchGFXProjects/MyApplication/Drivers/STM32F4xx_HAL_Driver/Src/stm32f4xx_hal_qspi.c:2741:26:QSPI_WaitFlagStateUntilTimeout_CPUCycle.constprop	8	static
C:/GIT/Main/My_Source/Side_Project/Basic_Firmware/STM32F4/TouchGFXProjects/MyApplication/Drivers/STM32F4xx_HAL_Driver/Src/stm32f4xx_hal_qspi.c:434:13:HAL_QSPI_MspInit	0	static
C:/GIT/Main/My_Source/Side_Project/Basic_Firmware/STM32F4/TouchGFXProjects/MyApplication/Drivers/STM32F4xx_HAL_Driver/Src/stm32f4xx_hal_qspi.c:292:19:HAL_QSPI_Init	24	static
C:/GIT/Main/My_Source/Side_Project/Basic_Firmware/STM32F4/TouchGFXProjects/MyApplication/Drivers/STM32F4xx_HAL_Driver/Src/stm32f4xx_hal_qspi.c:449:13:HAL_QSPI_MspDeInit	0	static
C:/GIT/Main/My_Source/Side_Project/Basic_Firmware/STM32F4/TouchGFXProjects/MyApplication/Drivers/STM32F4xx_HAL_Driver/Src/stm32f4xx_hal_qspi.c:393:19:HAL_QSPI_DeInit	8	static
C:/GIT/Main/My_Source/Side_Project/Basic_Firmware/STM32F4/TouchGFXProjects/MyApplication/Drivers/STM32F4xx_HAL_Driver/Src/stm32f4xx_hal_qspi.c:781:19:HAL_QSPI_Command	40	static
C:/GIT/Main/My_Source/Side_Project/Basic_Firmware/STM32F4/TouchGFXProjects/MyApplication/Drivers/STM32F4xx_HAL_Driver/Src/stm32f4xx_hal_qspi.c:870:19:HAL_QSPI_Command_IT	24	static
C:/GIT/Main/My_Source/Side_Project/Basic_Firmware/STM32F4/TouchGFXProjects/MyApplication/Drivers/STM32F4xx_HAL_Driver/Src/stm32f4xx_hal_qspi.c:1141:19:HAL_QSPI_Transmit_IT	8	static
C:/GIT/Main/My_Source/Side_Project/Basic_Firmware/STM32F4/TouchGFXProjects/MyApplication/Drivers/STM32F4xx_HAL_Driver/Src/stm32f4xx_hal_qspi.c:1201:19:HAL_QSPI_Receive_IT	12	static
C:/GIT/Main/My_Source/Side_Project/Basic_Firmware/STM32F4/TouchGFXProjects/MyApplication/Drivers/STM32F4xx_HAL_Driver/Src/stm32f4xx_hal_qspi.c:1269:19:HAL_QSPI_Transmit_DMA	16	static
C:/GIT/Main/My_Source/Side_Project/Basic_Firmware/STM32F4/TouchGFXProjects/MyApplication/Drivers/STM32F4xx_HAL_Driver/Src/stm32f4xx_hal_qspi.c:1440:19:HAL_QSPI_Receive_DMA	24	static
C:/GIT/Main/My_Source/Side_Project/Basic_Firmware/STM32F4/TouchGFXProjects/MyApplication/Drivers/STM32F4xx_HAL_Driver/Src/stm32f4xx_hal_qspi.c:1652:19:HAL_QSPI_AutoPolling	40	static
C:/GIT/Main/My_Source/Side_Project/Basic_Firmware/STM32F4/TouchGFXProjects/MyApplication/Drivers/STM32F4xx_HAL_Driver/Src/stm32f4xx_hal_qspi.c:1752:19:HAL_QSPI_AutoPolling_IT	24	static
C:/GIT/Main/My_Source/Side_Project/Basic_Firmware/STM32F4/TouchGFXProjects/MyApplication/Drivers/STM32F4xx_HAL_Driver/Src/stm32f4xx_hal_qspi.c:1855:19:HAL_QSPI_MemoryMapped	32	static
C:/GIT/Main/My_Source/Side_Project/Basic_Firmware/STM32F4/TouchGFXProjects/MyApplication/Drivers/STM32F4xx_HAL_Driver/Src/stm32f4xx_hal_qspi.c:1941:13:HAL_QSPI_ErrorCallback	0	static
C:/GIT/Main/My_Source/Side_Project/Basic_Firmware/STM32F4/TouchGFXProjects/MyApplication/Drivers/STM32F4xx_HAL_Driver/Src/stm32f4xx_hal_qspi.c:2669:13:QSPI_DMAAbortCplt	8	static
C:/GIT/Main/My_Source/Side_Project/Basic_Firmware/STM32F4/TouchGFXProjects/MyApplication/Drivers/STM32F4xx_HAL_Driver/Src/stm32f4xx_hal_qspi.c:1956:13:HAL_QSPI_AbortCpltCallback	0	static
C:/GIT/Main/My_Source/Side_Project/Basic_Firmware/STM32F4/TouchGFXProjects/MyApplication/Drivers/STM32F4xx_HAL_Driver/Src/stm32f4xx_hal_qspi.c:1971:13:HAL_QSPI_CmdCpltCallback	0	static
C:/GIT/Main/My_Source/Side_Project/Basic_Firmware/STM32F4/TouchGFXProjects/MyApplication/Drivers/STM32F4xx_HAL_Driver/Src/stm32f4xx_hal_qspi.c:1986:13:HAL_QSPI_RxCpltCallback	0	static
C:/GIT/Main/My_Source/Side_Project/Basic_Firmware/STM32F4/TouchGFXProjects/MyApplication/Drivers/STM32F4xx_HAL_Driver/Src/stm32f4xx_hal_qspi.c:2001:13:HAL_QSPI_TxCpltCallback	0	static
C:/GIT/Main/My_Source/Side_Project/Basic_Firmware/STM32F4/TouchGFXProjects/MyApplication/Drivers/STM32F4xx_HAL_Driver/Src/stm32f4xx_hal_qspi.c:2016:13:HAL_QSPI_RxHalfCpltCallback	0	static
C:/GIT/Main/My_Source/Side_Project/Basic_Firmware/STM32F4/TouchGFXProjects/MyApplication/Drivers/STM32F4xx_HAL_Driver/Src/stm32f4xx_hal_qspi.c:2612:13:QSPI_DMARxHalfCplt	8	static
C:/GIT/Main/My_Source/Side_Project/Basic_Firmware/STM32F4/TouchGFXProjects/MyApplication/Drivers/STM32F4xx_HAL_Driver/Src/stm32f4xx_hal_qspi.c:2031:13:HAL_QSPI_TxHalfCpltCallback	0	static
C:/GIT/Main/My_Source/Side_Project/Basic_Firmware/STM32F4/TouchGFXProjects/MyApplication/Drivers/STM32F4xx_HAL_Driver/Src/stm32f4xx_hal_qspi.c:2628:13:QSPI_DMATxHalfCplt	8	static
C:/GIT/Main/My_Source/Side_Project/Basic_Firmware/STM32F4/TouchGFXProjects/MyApplication/Drivers/STM32F4xx_HAL_Driver/Src/stm32f4xx_hal_qspi.c:2046:13:HAL_QSPI_FifoThresholdCallback	0	static
C:/GIT/Main/My_Source/Side_Project/Basic_Firmware/STM32F4/TouchGFXProjects/MyApplication/Drivers/STM32F4xx_HAL_Driver/Src/stm32f4xx_hal_qspi.c:2061:13:HAL_QSPI_StatusMatchCallback	0	static
C:/GIT/Main/My_Source/Side_Project/Basic_Firmware/STM32F4/TouchGFXProjects/MyApplication/Drivers/STM32F4xx_HAL_Driver/Src/stm32f4xx_hal_qspi.c:2076:13:HAL_QSPI_TimeOutCallback	0	static
C:/GIT/Main/My_Source/Side_Project/Basic_Firmware/STM32F4/TouchGFXProjects/MyApplication/Drivers/STM32F4xx_HAL_Driver/Src/stm32f4xx_hal_qspi.c:2334:23:HAL_QSPI_GetState	0	static
C:/GIT/Main/My_Source/Side_Project/Basic_Firmware/STM32F4/TouchGFXProjects/MyApplication/Drivers/STM32F4xx_HAL_Driver/Src/stm32f4xx_hal_qspi.c:2345:10:HAL_QSPI_GetError	0	static
C:/GIT/Main/My_Source/Side_Project/Basic_Firmware/STM32F4/TouchGFXProjects/MyApplication/Drivers/STM32F4xx_HAL_Driver/Src/stm32f4xx_hal_qspi.c:2355:19:HAL_QSPI_Abort	24	static
C:/GIT/Main/My_Source/Side_Project/Basic_Firmware/STM32F4/TouchGFXProjects/MyApplication/Drivers/STM32F4xx_HAL_Driver/Src/stm32f4xx_hal_qspi.c:969:19:HAL_QSPI_Transmit	32	static
C:/GIT/Main/My_Source/Side_Project/Basic_Firmware/STM32F4/TouchGFXProjects/MyApplication/Drivers/STM32F4xx_HAL_Driver/Src/stm32f4xx_hal_qspi.c:1054:19:HAL_QSPI_Receive	32	static
C:/GIT/Main/My_Source/Side_Project/Basic_Firmware/STM32F4/TouchGFXProjects/MyApplication/Drivers/STM32F4xx_HAL_Driver/Src/stm32f4xx_hal_qspi.c:2419:19:HAL_QSPI_Abort_IT	8	static
C:/GIT/Main/My_Source/Side_Project/Basic_Firmware/STM32F4/TouchGFXProjects/MyApplication/Drivers/STM32F4xx_HAL_Driver/Src/stm32f4xx_hal_qspi.c:488:6:HAL_QSPI_IRQHandler	16	static
C:/GIT/Main/My_Source/Side_Project/Basic_Firmware/STM32F4/TouchGFXProjects/MyApplication/Drivers/STM32F4xx_HAL_Driver/Src/stm32f4xx_hal_qspi.c:2644:13:QSPI_DMAError	8	static
C:/GIT/Main/My_Source/Side_Project/Basic_Firmware/STM32F4/TouchGFXProjects/MyApplication/Drivers/STM32F4xx_HAL_Driver/Src/stm32f4xx_hal_qspi.c:2483:6:HAL_QSPI_SetTimeout	0	static
C:/GIT/Main/My_Source/Side_Project/Basic_Firmware/STM32F4/TouchGFXProjects/MyApplication/Drivers/STM32F4xx_HAL_Driver/Src/stm32f4xx_hal_qspi.c:2493:19:HAL_QSPI_SetFifoThreshold	0	static
C:/GIT/Main/My_Source/Side_Project/Basic_Firmware/STM32F4/TouchGFXProjects/MyApplication/Drivers/STM32F4xx_HAL_Driver/Src/stm32f4xx_hal_qspi.c:2525:10:HAL_QSPI_GetFifoThreshold	0	static
C:/GIT/Main/My_Source/Side_Project/Basic_Firmware/STM32F4/TouchGFXProjects/MyApplication/Drivers/STM32F4xx_HAL_Driver/Src/stm32f4xx_hal_qspi.c:2537:19:HAL_QSPI_SetFlashID	0	static
