C:/GIT/Main/My_Source/Side_Project/Basic_Firmware/STM32F4/TouchGFXProjects/MyApplication/TouchGFX/target/STM32TouchController.cpp:38:6:virtual void STM32TouchController::init()	0	static
../../TouchGFX/target/STM32TouchController.hpp:38:7:STM32TouchController::~STM32TouchController()	0	static
../../TouchGFX/target/STM32TouchController.hpp:38:7:virtual STM32TouchController::~STM32TouchController()	8	static
C:/GIT/Main/My_Source/Side_Project/Basic_Firmware/STM32F4/TouchGFXProjects/MyApplication/TouchGFX/target/STM32TouchController.cpp:43:6:virtual bool STM32TouchController::sampleTouch(int32_t&, int32_t&)	8	static
C:/GIT/Main/My_Source/Side_Project/Basic_Firmware/STM32F4/TouchGFXProjects/MyApplication/TouchGFX/target/STM32TouchController.cpp:69:6:void readTouchInput()	32	static
