C:/GIT/Main/My_Source/Side_Project/Basic_Firmware/STM32F4/TouchGFXProjects/MyApplication/Core/Src/main.c:142:6:SystemClock_Config	96	static
C:/GIT/Main/My_Source/Side_Project/Basic_Firmware/STM32F4/TouchGFXProjects/MyApplication/Core/Src/main.c:83:5:main	8	static
C:/GIT/Main/My_Source/Side_Project/Basic_Firmware/STM32F4/TouchGFXProjects/MyApplication/Core/Src/main.c:186:16:BSP_QSPI_EnableMemoryMappedMode	72	static
C:/GIT/Main/My_Source/Side_Project/Basic_Firmware/STM32F4/TouchGFXProjects/MyApplication/Core/Src/main.c:223:6:HAL_TIM_PeriodElapsedCallback	0	static
C:/GIT/Main/My_Source/Side_Project/Basic_Firmware/STM32F4/TouchGFXProjects/MyApplication/Core/Src/main.c:241:6:Error_Handler	0	static
